have_func: checking for rb_syserr_fail_str(0, Qnil)... -------------------- yes

LD_LIBRARY_PATH=.:../../..:/snap/ruby/438/lib: ASAN_OPTIONS=detect_leaks=0 "/morello-hybrid/src/output/sdk/bin/clang -o conftest -I../../../.ext/include/aarch64-freebsd -I../../../../include -I../../../../ext/io/console -I/morello-hybrid/src/output/rootfs-aarch64/usr/include    -target aarch64-unknown-freebsd -march=armv8 --sysroot=/morello-hybrid/src/output/rootfs-aarch64 -I/morello-hybrid/src/output/rootfs-aarch64/usr/include -mbranch-protection=pac-ret -fstack-protector-strong -U_FORTIFY_SOURCE -D_FORTIFY_SOURCE=2 -fdeclspec  -O0 -fno-omit-frame-pointer -fno-fast-math -ggdb3 -Wall -Wextra -Wextra-tokens -Wdeprecated-declarations -Wdivision-by-zero -Wdiv-by-zero -Wimplicit-function-declaration -Wimplicit-int -Wpointer-arith -Wshorten-64-to-32 -Wwrite-strings -Wold-style-definition -Wmissing-noreturn -Wno-cast-function-type -Wno-constant-logical-operand -Wno-long-long -Wno-missing-field-initializers -Wno-overlength-strings -Wno-parentheses-equality -Wno-self-assign -Wno-tautological-compare -Wno-unused-parameter -Wno-unused-value -Wunused-variable -Wmisleading-indentation -Wundef conftest.c -L. -L../../.. -L/morello-hybrid/src/output/rootfs-aarch64/usr/lib -Wl,-rpath,/morello-hybrid/src/output/rootfs-aarch64/usr/lib -L. -target aarch64-unknown-freebsd -march=armv8 --sysroot=/morello-hybrid/src/output/rootfs-aarch64 -fuse-ld=lld -lpthread -Wl,--gdb-index -fstack-protector-strong -L/morello-hybrid/src/output/rootfs-aarch64/usr/lib -Wl,-rpath,/morello-hybrid/src/output/rootfs-aarch64/usr/lib -rdynamic     -Wl,-rpath,/morello-hybrid/src/output/rootfs-aarch64/research/ruby-3.4.1/build -lruby-static -lexecinfo -lprocstat -lz -lrt -lrt -ldl -lcrypt -lm -lthr   -lm -lthr  -lc"
checked program was:
/* begin */
1: #include "ruby.h"
2: 
3: int main(int argc, char **argv)
4: {
5:   return !!argv[argc];
6: }
/* end */

LD_LIBRARY_PATH=.:../../..:/snap/ruby/438/lib: ASAN_OPTIONS=detect_leaks=0 "/morello-hybrid/src/output/sdk/bin/clang -o conftest -I../../../.ext/include/aarch64-freebsd -I../../../../include -I../../../../ext/io/console -I/morello-hybrid/src/output/rootfs-aarch64/usr/include    -target aarch64-unknown-freebsd -march=armv8 --sysroot=/morello-hybrid/src/output/rootfs-aarch64 -I/morello-hybrid/src/output/rootfs-aarch64/usr/include -mbranch-protection=pac-ret -fstack-protector-strong -U_FORTIFY_SOURCE -D_FORTIFY_SOURCE=2 -fdeclspec  -O0 -fno-omit-frame-pointer -fno-fast-math -ggdb3 -Wall -Wextra -Wextra-tokens -Wdeprecated-declarations -Wdivision-by-zero -Wdiv-by-zero -Wimplicit-function-declaration -Wimplicit-int -Wpointer-arith -Wshorten-64-to-32 -Wwrite-strings -Wold-style-definition -Wmissing-noreturn -Wno-cast-function-type -Wno-constant-logical-operand -Wno-long-long -Wno-missing-field-initializers -Wno-overlength-strings -Wno-parentheses-equality -Wno-self-assign -Wno-tautological-compare -Wno-unused-parameter -Wno-unused-value -Wunused-variable -Wmisleading-indentation -Wundef conftest.c -L. -L../../.. -L/morello-hybrid/src/output/rootfs-aarch64/usr/lib -Wl,-rpath,/morello-hybrid/src/output/rootfs-aarch64/usr/lib -L. -target aarch64-unknown-freebsd -march=armv8 --sysroot=/morello-hybrid/src/output/rootfs-aarch64 -fuse-ld=lld -lpthread -Wl,--gdb-index -fstack-protector-strong -L/morello-hybrid/src/output/rootfs-aarch64/usr/lib -Wl,-rpath,/morello-hybrid/src/output/rootfs-aarch64/usr/lib -rdynamic     -Wl,-rpath,/morello-hybrid/src/output/rootfs-aarch64/research/ruby-3.4.1/build -lruby-static -lexecinfo -lprocstat -lz -lrt -lrt -ldl -lcrypt -lm -lthr   -lm -lthr  -lc"
checked program was:
/* begin */
 1: #include "ruby.h"
 2: 
 3: /*top*/
 4: extern int t(void);
 5: int main(int argc, char **argv)
 6: {
 7:   if (argc > 1000000) {
 8:     int (* volatile tp)(void)=(int (*)(void))&t;
 9:     printf("%d", (*tp)());
10:   }
11: 
12:   return !!argv[argc];
13: }
14: 
15: int t(void) { rb_syserr_fail_str(0, Qnil); return 0; }
/* end */

--------------------

have_func: checking for rb_interned_str_cstr()... -------------------- yes

LD_LIBRARY_PATH=.:../../..:/snap/ruby/438/lib: ASAN_OPTIONS=detect_leaks=0 "/morello-hybrid/src/output/sdk/bin/clang -o conftest -I../../../.ext/include/aarch64-freebsd -I../../../../include -I../../../../ext/io/console -I/morello-hybrid/src/output/rootfs-aarch64/usr/include    -target aarch64-unknown-freebsd -march=armv8 --sysroot=/morello-hybrid/src/output/rootfs-aarch64 -I/morello-hybrid/src/output/rootfs-aarch64/usr/include -mbranch-protection=pac-ret -fstack-protector-strong -U_FORTIFY_SOURCE -D_FORTIFY_SOURCE=2 -fdeclspec  -O0 -fno-omit-frame-pointer -fno-fast-math -ggdb3 -Wall -Wextra -Wextra-tokens -Wdeprecated-declarations -Wdivision-by-zero -Wdiv-by-zero -Wimplicit-function-declaration -Wimplicit-int -Wpointer-arith -Wshorten-64-to-32 -Wwrite-strings -Wold-style-definition -Wmissing-noreturn -Wno-cast-function-type -Wno-constant-logical-operand -Wno-long-long -Wno-missing-field-initializers -Wno-overlength-strings -Wno-parentheses-equality -Wno-self-assign -Wno-tautological-compare -Wno-unused-parameter -Wno-unused-value -Wunused-variable -Wmisleading-indentation -Wundef conftest.c -L. -L../../.. -L/morello-hybrid/src/output/rootfs-aarch64/usr/lib -Wl,-rpath,/morello-hybrid/src/output/rootfs-aarch64/usr/lib -L. -target aarch64-unknown-freebsd -march=armv8 --sysroot=/morello-hybrid/src/output/rootfs-aarch64 -fuse-ld=lld -lpthread -Wl,--gdb-index -fstack-protector-strong -L/morello-hybrid/src/output/rootfs-aarch64/usr/lib -Wl,-rpath,/morello-hybrid/src/output/rootfs-aarch64/usr/lib -rdynamic     -Wl,-rpath,/morello-hybrid/src/output/rootfs-aarch64/research/ruby-3.4.1/build -lruby-static -lexecinfo -lprocstat -lz -lrt -lrt -ldl -lcrypt -lm -lthr   -lm -lthr  -lc"
checked program was:
/* begin */
 1: #include "ruby.h"
 2: 
 3: /*top*/
 4: extern int t(void);
 5: int main(int argc, char **argv)
 6: {
 7:   if (argc > 1000000) {
 8:     int (* volatile tp)(void)=(int (*)(void))&t;
 9:     printf("%d", (*tp)());
10:   }
11: 
12:   return !!argv[argc];
13: }
14: int t(void) { void ((*volatile p)()); p = (void ((*)()))rb_interned_str_cstr; return !p; }
/* end */

--------------------

have_func: checking for rb_io_path()... -------------------- yes

LD_LIBRARY_PATH=.:../../..:/snap/ruby/438/lib: ASAN_OPTIONS=detect_leaks=0 "/morello-hybrid/src/output/sdk/bin/clang -o conftest -I../../../.ext/include/aarch64-freebsd -I../../../../include -I../../../../ext/io/console -I/morello-hybrid/src/output/rootfs-aarch64/usr/include    -target aarch64-unknown-freebsd -march=armv8 --sysroot=/morello-hybrid/src/output/rootfs-aarch64 -I/morello-hybrid/src/output/rootfs-aarch64/usr/include -mbranch-protection=pac-ret -fstack-protector-strong -U_FORTIFY_SOURCE -D_FORTIFY_SOURCE=2 -fdeclspec  -O0 -fno-omit-frame-pointer -fno-fast-math -ggdb3 -Wall -Wextra -Wextra-tokens -Wdeprecated-declarations -Wdivision-by-zero -Wdiv-by-zero -Wimplicit-function-declaration -Wimplicit-int -Wpointer-arith -Wshorten-64-to-32 -Wwrite-strings -Wold-style-definition -Wmissing-noreturn -Wno-cast-function-type -Wno-constant-logical-operand -Wno-long-long -Wno-missing-field-initializers -Wno-overlength-strings -Wno-parentheses-equality -Wno-self-assign -Wno-tautological-compare -Wno-unused-parameter -Wno-unused-value -Wunused-variable -Wmisleading-indentation -Wundef conftest.c -L. -L../../.. -L/morello-hybrid/src/output/rootfs-aarch64/usr/lib -Wl,-rpath,/morello-hybrid/src/output/rootfs-aarch64/usr/lib -L. -target aarch64-unknown-freebsd -march=armv8 --sysroot=/morello-hybrid/src/output/rootfs-aarch64 -fuse-ld=lld -lpthread -Wl,--gdb-index -fstack-protector-strong -L/morello-hybrid/src/output/rootfs-aarch64/usr/lib -Wl,-rpath,/morello-hybrid/src/output/rootfs-aarch64/usr/lib -rdynamic     -Wl,-rpath,/morello-hybrid/src/output/rootfs-aarch64/research/ruby-3.4.1/build -lruby-static -lexecinfo -lprocstat -lz -lrt -lrt -ldl -lcrypt -lm -lthr   -lm -lthr  -lc"
conftest.c:14:57: error: use of undeclared identifier 'rb_io_path'
   14 | int t(void) { void ((*volatile p)()); p = (void ((*)()))rb_io_path; return !p; }
      |                                                         ^
1 error generated.
checked program was:
/* begin */
 1: #include "ruby.h"
 2: 
 3: /*top*/
 4: extern int t(void);
 5: int main(int argc, char **argv)
 6: {
 7:   if (argc > 1000000) {
 8:     int (* volatile tp)(void)=(int (*)(void))&t;
 9:     printf("%d", (*tp)());
10:   }
11: 
12:   return !!argv[argc];
13: }
14: int t(void) { void ((*volatile p)()); p = (void ((*)()))rb_io_path; return !p; }
/* end */

LD_LIBRARY_PATH=.:../../..:/snap/ruby/438/lib: ASAN_OPTIONS=detect_leaks=0 "/morello-hybrid/src/output/sdk/bin/clang -o conftest -I../../../.ext/include/aarch64-freebsd -I../../../../include -I../../../../ext/io/console -I/morello-hybrid/src/output/rootfs-aarch64/usr/include    -target aarch64-unknown-freebsd -march=armv8 --sysroot=/morello-hybrid/src/output/rootfs-aarch64 -I/morello-hybrid/src/output/rootfs-aarch64/usr/include -mbranch-protection=pac-ret -fstack-protector-strong -U_FORTIFY_SOURCE -D_FORTIFY_SOURCE=2 -fdeclspec  -O0 -fno-omit-frame-pointer -fno-fast-math -ggdb3 -Wall -Wextra -Wextra-tokens -Wdeprecated-declarations -Wdivision-by-zero -Wdiv-by-zero -Wimplicit-function-declaration -Wimplicit-int -Wpointer-arith -Wshorten-64-to-32 -Wwrite-strings -Wold-style-definition -Wmissing-noreturn -Wno-cast-function-type -Wno-constant-logical-operand -Wno-long-long -Wno-missing-field-initializers -Wno-overlength-strings -Wno-parentheses-equality -Wno-self-assign -Wno-tautological-compare -Wno-unused-parameter -Wno-unused-value -Wunused-variable -Wmisleading-indentation -Wundef conftest.c -L. -L../../.. -L/morello-hybrid/src/output/rootfs-aarch64/usr/lib -Wl,-rpath,/morello-hybrid/src/output/rootfs-aarch64/usr/lib -L. -target aarch64-unknown-freebsd -march=armv8 --sysroot=/morello-hybrid/src/output/rootfs-aarch64 -fuse-ld=lld -lpthread -Wl,--gdb-index -fstack-protector-strong -L/morello-hybrid/src/output/rootfs-aarch64/usr/lib -Wl,-rpath,/morello-hybrid/src/output/rootfs-aarch64/usr/lib -rdynamic     -Wl,-rpath,/morello-hybrid/src/output/rootfs-aarch64/research/ruby-3.4.1/build -lruby-static -lexecinfo -lprocstat -lz -lrt -lrt -ldl -lcrypt -lm -lthr   -lm -lthr  -lc"
checked program was:
/* begin */
 1: #include "ruby.h"
 2: 
 3: /*top*/
 4: extern int t(void);
 5: int main(int argc, char **argv)
 6: {
 7:   if (argc > 1000000) {
 8:     int (* volatile tp)(void)=(int (*)(void))&t;
 9:     printf("%d", (*tp)());
10:   }
11: 
12:   return !!argv[argc];
13: }
14: extern void rb_io_path();
15: int t(void) { rb_io_path(); return 0; }
/* end */

--------------------

have_func: checking for rb_io_descriptor()... -------------------- yes

LD_LIBRARY_PATH=.:../../..:/snap/ruby/438/lib: ASAN_OPTIONS=detect_leaks=0 "/morello-hybrid/src/output/sdk/bin/clang -o conftest -I../../../.ext/include/aarch64-freebsd -I../../../../include -I../../../../ext/io/console -I/morello-hybrid/src/output/rootfs-aarch64/usr/include    -target aarch64-unknown-freebsd -march=armv8 --sysroot=/morello-hybrid/src/output/rootfs-aarch64 -I/morello-hybrid/src/output/rootfs-aarch64/usr/include -mbranch-protection=pac-ret -fstack-protector-strong -U_FORTIFY_SOURCE -D_FORTIFY_SOURCE=2 -fdeclspec  -O0 -fno-omit-frame-pointer -fno-fast-math -ggdb3 -Wall -Wextra -Wextra-tokens -Wdeprecated-declarations -Wdivision-by-zero -Wdiv-by-zero -Wimplicit-function-declaration -Wimplicit-int -Wpointer-arith -Wshorten-64-to-32 -Wwrite-strings -Wold-style-definition -Wmissing-noreturn -Wno-cast-function-type -Wno-constant-logical-operand -Wno-long-long -Wno-missing-field-initializers -Wno-overlength-strings -Wno-parentheses-equality -Wno-self-assign -Wno-tautological-compare -Wno-unused-parameter -Wno-unused-value -Wunused-variable -Wmisleading-indentation -Wundef conftest.c -L. -L../../.. -L/morello-hybrid/src/output/rootfs-aarch64/usr/lib -Wl,-rpath,/morello-hybrid/src/output/rootfs-aarch64/usr/lib -L. -target aarch64-unknown-freebsd -march=armv8 --sysroot=/morello-hybrid/src/output/rootfs-aarch64 -fuse-ld=lld -lpthread -Wl,--gdb-index -fstack-protector-strong -L/morello-hybrid/src/output/rootfs-aarch64/usr/lib -Wl,-rpath,/morello-hybrid/src/output/rootfs-aarch64/usr/lib -rdynamic     -Wl,-rpath,/morello-hybrid/src/output/rootfs-aarch64/research/ruby-3.4.1/build -lruby-static -lexecinfo -lprocstat -lz -lrt -lrt -ldl -lcrypt -lm -lthr   -lm -lthr  -lc"
conftest.c:14:57: error: use of undeclared identifier 'rb_io_descriptor'
   14 | int t(void) { void ((*volatile p)()); p = (void ((*)()))rb_io_descriptor; return !p; }
      |                                                         ^
1 error generated.
checked program was:
/* begin */
 1: #include "ruby.h"
 2: 
 3: /*top*/
 4: extern int t(void);
 5: int main(int argc, char **argv)
 6: {
 7:   if (argc > 1000000) {
 8:     int (* volatile tp)(void)=(int (*)(void))&t;
 9:     printf("%d", (*tp)());
10:   }
11: 
12:   return !!argv[argc];
13: }
14: int t(void) { void ((*volatile p)()); p = (void ((*)()))rb_io_descriptor; return !p; }
/* end */

LD_LIBRARY_PATH=.:../../..:/snap/ruby/438/lib: ASAN_OPTIONS=detect_leaks=0 "/morello-hybrid/src/output/sdk/bin/clang -o conftest -I../../../.ext/include/aarch64-freebsd -I../../../../include -I../../../../ext/io/console -I/morello-hybrid/src/output/rootfs-aarch64/usr/include    -target aarch64-unknown-freebsd -march=armv8 --sysroot=/morello-hybrid/src/output/rootfs-aarch64 -I/morello-hybrid/src/output/rootfs-aarch64/usr/include -mbranch-protection=pac-ret -fstack-protector-strong -U_FORTIFY_SOURCE -D_FORTIFY_SOURCE=2 -fdeclspec  -O0 -fno-omit-frame-pointer -fno-fast-math -ggdb3 -Wall -Wextra -Wextra-tokens -Wdeprecated-declarations -Wdivision-by-zero -Wdiv-by-zero -Wimplicit-function-declaration -Wimplicit-int -Wpointer-arith -Wshorten-64-to-32 -Wwrite-strings -Wold-style-definition -Wmissing-noreturn -Wno-cast-function-type -Wno-constant-logical-operand -Wno-long-long -Wno-missing-field-initializers -Wno-overlength-strings -Wno-parentheses-equality -Wno-self-assign -Wno-tautological-compare -Wno-unused-parameter -Wno-unused-value -Wunused-variable -Wmisleading-indentation -Wundef conftest.c -L. -L../../.. -L/morello-hybrid/src/output/rootfs-aarch64/usr/lib -Wl,-rpath,/morello-hybrid/src/output/rootfs-aarch64/usr/lib -L. -target aarch64-unknown-freebsd -march=armv8 --sysroot=/morello-hybrid/src/output/rootfs-aarch64 -fuse-ld=lld -lpthread -Wl,--gdb-index -fstack-protector-strong -L/morello-hybrid/src/output/rootfs-aarch64/usr/lib -Wl,-rpath,/morello-hybrid/src/output/rootfs-aarch64/usr/lib -rdynamic     -Wl,-rpath,/morello-hybrid/src/output/rootfs-aarch64/research/ruby-3.4.1/build -lruby-static -lexecinfo -lprocstat -lz -lrt -lrt -ldl -lcrypt -lm -lthr   -lm -lthr  -lc"
checked program was:
/* begin */
 1: #include "ruby.h"
 2: 
 3: /*top*/
 4: extern int t(void);
 5: int main(int argc, char **argv)
 6: {
 7:   if (argc > 1000000) {
 8:     int (* volatile tp)(void)=(int (*)(void))&t;
 9:     printf("%d", (*tp)());
10:   }
11: 
12:   return !!argv[argc];
13: }
14: extern void rb_io_descriptor();
15: int t(void) { rb_io_descriptor(); return 0; }
/* end */

--------------------

have_func: checking for rb_io_get_write_io()... -------------------- yes

LD_LIBRARY_PATH=.:../../..:/snap/ruby/438/lib: ASAN_OPTIONS=detect_leaks=0 "/morello-hybrid/src/output/sdk/bin/clang -o conftest -I../../../.ext/include/aarch64-freebsd -I../../../../include -I../../../../ext/io/console -I/morello-hybrid/src/output/rootfs-aarch64/usr/include    -target aarch64-unknown-freebsd -march=armv8 --sysroot=/morello-hybrid/src/output/rootfs-aarch64 -I/morello-hybrid/src/output/rootfs-aarch64/usr/include -mbranch-protection=pac-ret -fstack-protector-strong -U_FORTIFY_SOURCE -D_FORTIFY_SOURCE=2 -fdeclspec  -O0 -fno-omit-frame-pointer -fno-fast-math -ggdb3 -Wall -Wextra -Wextra-tokens -Wdeprecated-declarations -Wdivision-by-zero -Wdiv-by-zero -Wimplicit-function-declaration -Wimplicit-int -Wpointer-arith -Wshorten-64-to-32 -Wwrite-strings -Wold-style-definition -Wmissing-noreturn -Wno-cast-function-type -Wno-constant-logical-operand -Wno-long-long -Wno-missing-field-initializers -Wno-overlength-strings -Wno-parentheses-equality -Wno-self-assign -Wno-tautological-compare -Wno-unused-parameter -Wno-unused-value -Wunused-variable -Wmisleading-indentation -Wundef conftest.c -L. -L../../.. -L/morello-hybrid/src/output/rootfs-aarch64/usr/lib -Wl,-rpath,/morello-hybrid/src/output/rootfs-aarch64/usr/lib -L. -target aarch64-unknown-freebsd -march=armv8 --sysroot=/morello-hybrid/src/output/rootfs-aarch64 -fuse-ld=lld -lpthread -Wl,--gdb-index -fstack-protector-strong -L/morello-hybrid/src/output/rootfs-aarch64/usr/lib -Wl,-rpath,/morello-hybrid/src/output/rootfs-aarch64/usr/lib -rdynamic     -Wl,-rpath,/morello-hybrid/src/output/rootfs-aarch64/research/ruby-3.4.1/build -lruby-static -lexecinfo -lprocstat -lz -lrt -lrt -ldl -lcrypt -lm -lthr   -lm -lthr  -lc"
conftest.c:14:57: error: use of undeclared identifier 'rb_io_get_write_io'
   14 | int t(void) { void ((*volatile p)()); p = (void ((*)()))rb_io_get_write_io; return !p; }
      |                                                         ^
1 error generated.
checked program was:
/* begin */
 1: #include "ruby.h"
 2: 
 3: /*top*/
 4: extern int t(void);
 5: int main(int argc, char **argv)
 6: {
 7:   if (argc > 1000000) {
 8:     int (* volatile tp)(void)=(int (*)(void))&t;
 9:     printf("%d", (*tp)());
10:   }
11: 
12:   return !!argv[argc];
13: }
14: int t(void) { void ((*volatile p)()); p = (void ((*)()))rb_io_get_write_io; return !p; }
/* end */

LD_LIBRARY_PATH=.:../../..:/snap/ruby/438/lib: ASAN_OPTIONS=detect_leaks=0 "/morello-hybrid/src/output/sdk/bin/clang -o conftest -I../../../.ext/include/aarch64-freebsd -I../../../../include -I../../../../ext/io/console -I/morello-hybrid/src/output/rootfs-aarch64/usr/include    -target aarch64-unknown-freebsd -march=armv8 --sysroot=/morello-hybrid/src/output/rootfs-aarch64 -I/morello-hybrid/src/output/rootfs-aarch64/usr/include -mbranch-protection=pac-ret -fstack-protector-strong -U_FORTIFY_SOURCE -D_FORTIFY_SOURCE=2 -fdeclspec  -O0 -fno-omit-frame-pointer -fno-fast-math -ggdb3 -Wall -Wextra -Wextra-tokens -Wdeprecated-declarations -Wdivision-by-zero -Wdiv-by-zero -Wimplicit-function-declaration -Wimplicit-int -Wpointer-arith -Wshorten-64-to-32 -Wwrite-strings -Wold-style-definition -Wmissing-noreturn -Wno-cast-function-type -Wno-constant-logical-operand -Wno-long-long -Wno-missing-field-initializers -Wno-overlength-strings -Wno-parentheses-equality -Wno-self-assign -Wno-tautological-compare -Wno-unused-parameter -Wno-unused-value -Wunused-variable -Wmisleading-indentation -Wundef conftest.c -L. -L../../.. -L/morello-hybrid/src/output/rootfs-aarch64/usr/lib -Wl,-rpath,/morello-hybrid/src/output/rootfs-aarch64/usr/lib -L. -target aarch64-unknown-freebsd -march=armv8 --sysroot=/morello-hybrid/src/output/rootfs-aarch64 -fuse-ld=lld -lpthread -Wl,--gdb-index -fstack-protector-strong -L/morello-hybrid/src/output/rootfs-aarch64/usr/lib -Wl,-rpath,/morello-hybrid/src/output/rootfs-aarch64/usr/lib -rdynamic     -Wl,-rpath,/morello-hybrid/src/output/rootfs-aarch64/research/ruby-3.4.1/build -lruby-static -lexecinfo -lprocstat -lz -lrt -lrt -ldl -lcrypt -lm -lthr   -lm -lthr  -lc"
checked program was:
/* begin */
 1: #include "ruby.h"
 2: 
 3: /*top*/
 4: extern int t(void);
 5: int main(int argc, char **argv)
 6: {
 7:   if (argc > 1000000) {
 8:     int (* volatile tp)(void)=(int (*)(void))&t;
 9:     printf("%d", (*tp)());
10:   }
11: 
12:   return !!argv[argc];
13: }
14: extern void rb_io_get_write_io();
15: int t(void) { rb_io_get_write_io(); return 0; }
/* end */

--------------------

have_func: checking for rb_io_closed_p()... -------------------- yes

LD_LIBRARY_PATH=.:../../..:/snap/ruby/438/lib: ASAN_OPTIONS=detect_leaks=0 "/morello-hybrid/src/output/sdk/bin/clang -o conftest -I../../../.ext/include/aarch64-freebsd -I../../../../include -I../../../../ext/io/console -I/morello-hybrid/src/output/rootfs-aarch64/usr/include    -target aarch64-unknown-freebsd -march=armv8 --sysroot=/morello-hybrid/src/output/rootfs-aarch64 -I/morello-hybrid/src/output/rootfs-aarch64/usr/include -mbranch-protection=pac-ret -fstack-protector-strong -U_FORTIFY_SOURCE -D_FORTIFY_SOURCE=2 -fdeclspec  -O0 -fno-omit-frame-pointer -fno-fast-math -ggdb3 -Wall -Wextra -Wextra-tokens -Wdeprecated-declarations -Wdivision-by-zero -Wdiv-by-zero -Wimplicit-function-declaration -Wimplicit-int -Wpointer-arith -Wshorten-64-to-32 -Wwrite-strings -Wold-style-definition -Wmissing-noreturn -Wno-cast-function-type -Wno-constant-logical-operand -Wno-long-long -Wno-missing-field-initializers -Wno-overlength-strings -Wno-parentheses-equality -Wno-self-assign -Wno-tautological-compare -Wno-unused-parameter -Wno-unused-value -Wunused-variable -Wmisleading-indentation -Wundef conftest.c -L. -L../../.. -L/morello-hybrid/src/output/rootfs-aarch64/usr/lib -Wl,-rpath,/morello-hybrid/src/output/rootfs-aarch64/usr/lib -L. -target aarch64-unknown-freebsd -march=armv8 --sysroot=/morello-hybrid/src/output/rootfs-aarch64 -fuse-ld=lld -lpthread -Wl,--gdb-index -fstack-protector-strong -L/morello-hybrid/src/output/rootfs-aarch64/usr/lib -Wl,-rpath,/morello-hybrid/src/output/rootfs-aarch64/usr/lib -rdynamic     -Wl,-rpath,/morello-hybrid/src/output/rootfs-aarch64/research/ruby-3.4.1/build -lruby-static -lexecinfo -lprocstat -lz -lrt -lrt -ldl -lcrypt -lm -lthr   -lm -lthr  -lc"
conftest.c:14:57: error: use of undeclared identifier 'rb_io_closed_p'
   14 | int t(void) { void ((*volatile p)()); p = (void ((*)()))rb_io_closed_p; return !p; }
      |                                                         ^
1 error generated.
checked program was:
/* begin */
 1: #include "ruby.h"
 2: 
 3: /*top*/
 4: extern int t(void);
 5: int main(int argc, char **argv)
 6: {
 7:   if (argc > 1000000) {
 8:     int (* volatile tp)(void)=(int (*)(void))&t;
 9:     printf("%d", (*tp)());
10:   }
11: 
12:   return !!argv[argc];
13: }
14: int t(void) { void ((*volatile p)()); p = (void ((*)()))rb_io_closed_p; return !p; }
/* end */

LD_LIBRARY_PATH=.:../../..:/snap/ruby/438/lib: ASAN_OPTIONS=detect_leaks=0 "/morello-hybrid/src/output/sdk/bin/clang -o conftest -I../../../.ext/include/aarch64-freebsd -I../../../../include -I../../../../ext/io/console -I/morello-hybrid/src/output/rootfs-aarch64/usr/include    -target aarch64-unknown-freebsd -march=armv8 --sysroot=/morello-hybrid/src/output/rootfs-aarch64 -I/morello-hybrid/src/output/rootfs-aarch64/usr/include -mbranch-protection=pac-ret -fstack-protector-strong -U_FORTIFY_SOURCE -D_FORTIFY_SOURCE=2 -fdeclspec  -O0 -fno-omit-frame-pointer -fno-fast-math -ggdb3 -Wall -Wextra -Wextra-tokens -Wdeprecated-declarations -Wdivision-by-zero -Wdiv-by-zero -Wimplicit-function-declaration -Wimplicit-int -Wpointer-arith -Wshorten-64-to-32 -Wwrite-strings -Wold-style-definition -Wmissing-noreturn -Wno-cast-function-type -Wno-constant-logical-operand -Wno-long-long -Wno-missing-field-initializers -Wno-overlength-strings -Wno-parentheses-equality -Wno-self-assign -Wno-tautological-compare -Wno-unused-parameter -Wno-unused-value -Wunused-variable -Wmisleading-indentation -Wundef conftest.c -L. -L../../.. -L/morello-hybrid/src/output/rootfs-aarch64/usr/lib -Wl,-rpath,/morello-hybrid/src/output/rootfs-aarch64/usr/lib -L. -target aarch64-unknown-freebsd -march=armv8 --sysroot=/morello-hybrid/src/output/rootfs-aarch64 -fuse-ld=lld -lpthread -Wl,--gdb-index -fstack-protector-strong -L/morello-hybrid/src/output/rootfs-aarch64/usr/lib -Wl,-rpath,/morello-hybrid/src/output/rootfs-aarch64/usr/lib -rdynamic     -Wl,-rpath,/morello-hybrid/src/output/rootfs-aarch64/research/ruby-3.4.1/build -lruby-static -lexecinfo -lprocstat -lz -lrt -lrt -ldl -lcrypt -lm -lthr   -lm -lthr  -lc"
checked program was:
/* begin */
 1: #include "ruby.h"
 2: 
 3: /*top*/
 4: extern int t(void);
 5: int main(int argc, char **argv)
 6: {
 7:   if (argc > 1000000) {
 8:     int (* volatile tp)(void)=(int (*)(void))&t;
 9:     printf("%d", (*tp)());
10:   }
11: 
12:   return !!argv[argc];
13: }
14: extern void rb_io_closed_p();
15: int t(void) { rb_io_closed_p(); return 0; }
/* end */

--------------------

have_func: checking for rb_io_open_descriptor()... -------------------- yes

LD_LIBRARY_PATH=.:../../..:/snap/ruby/438/lib: ASAN_OPTIONS=detect_leaks=0 "/morello-hybrid/src/output/sdk/bin/clang -o conftest -I../../../.ext/include/aarch64-freebsd -I../../../../include -I../../../../ext/io/console -I/morello-hybrid/src/output/rootfs-aarch64/usr/include    -target aarch64-unknown-freebsd -march=armv8 --sysroot=/morello-hybrid/src/output/rootfs-aarch64 -I/morello-hybrid/src/output/rootfs-aarch64/usr/include -mbranch-protection=pac-ret -fstack-protector-strong -U_FORTIFY_SOURCE -D_FORTIFY_SOURCE=2 -fdeclspec  -O0 -fno-omit-frame-pointer -fno-fast-math -ggdb3 -Wall -Wextra -Wextra-tokens -Wdeprecated-declarations -Wdivision-by-zero -Wdiv-by-zero -Wimplicit-function-declaration -Wimplicit-int -Wpointer-arith -Wshorten-64-to-32 -Wwrite-strings -Wold-style-definition -Wmissing-noreturn -Wno-cast-function-type -Wno-constant-logical-operand -Wno-long-long -Wno-missing-field-initializers -Wno-overlength-strings -Wno-parentheses-equality -Wno-self-assign -Wno-tautological-compare -Wno-unused-parameter -Wno-unused-value -Wunused-variable -Wmisleading-indentation -Wundef conftest.c -L. -L../../.. -L/morello-hybrid/src/output/rootfs-aarch64/usr/lib -Wl,-rpath,/morello-hybrid/src/output/rootfs-aarch64/usr/lib -L. -target aarch64-unknown-freebsd -march=armv8 --sysroot=/morello-hybrid/src/output/rootfs-aarch64 -fuse-ld=lld -lpthread -Wl,--gdb-index -fstack-protector-strong -L/morello-hybrid/src/output/rootfs-aarch64/usr/lib -Wl,-rpath,/morello-hybrid/src/output/rootfs-aarch64/usr/lib -rdynamic     -Wl,-rpath,/morello-hybrid/src/output/rootfs-aarch64/research/ruby-3.4.1/build -lruby-static -lexecinfo -lprocstat -lz -lrt -lrt -ldl -lcrypt -lm -lthr   -lm -lthr  -lc"
conftest.c:14:57: error: use of undeclared identifier 'rb_io_open_descriptor'
   14 | int t(void) { void ((*volatile p)()); p = (void ((*)()))rb_io_open_descriptor; return !p; }
      |                                                         ^
1 error generated.
checked program was:
/* begin */
 1: #include "ruby.h"
 2: 
 3: /*top*/
 4: extern int t(void);
 5: int main(int argc, char **argv)
 6: {
 7:   if (argc > 1000000) {
 8:     int (* volatile tp)(void)=(int (*)(void))&t;
 9:     printf("%d", (*tp)());
10:   }
11: 
12:   return !!argv[argc];
13: }
14: int t(void) { void ((*volatile p)()); p = (void ((*)()))rb_io_open_descriptor; return !p; }
/* end */

LD_LIBRARY_PATH=.:../../..:/snap/ruby/438/lib: ASAN_OPTIONS=detect_leaks=0 "/morello-hybrid/src/output/sdk/bin/clang -o conftest -I../../../.ext/include/aarch64-freebsd -I../../../../include -I../../../../ext/io/console -I/morello-hybrid/src/output/rootfs-aarch64/usr/include    -target aarch64-unknown-freebsd -march=armv8 --sysroot=/morello-hybrid/src/output/rootfs-aarch64 -I/morello-hybrid/src/output/rootfs-aarch64/usr/include -mbranch-protection=pac-ret -fstack-protector-strong -U_FORTIFY_SOURCE -D_FORTIFY_SOURCE=2 -fdeclspec  -O0 -fno-omit-frame-pointer -fno-fast-math -ggdb3 -Wall -Wextra -Wextra-tokens -Wdeprecated-declarations -Wdivision-by-zero -Wdiv-by-zero -Wimplicit-function-declaration -Wimplicit-int -Wpointer-arith -Wshorten-64-to-32 -Wwrite-strings -Wold-style-definition -Wmissing-noreturn -Wno-cast-function-type -Wno-constant-logical-operand -Wno-long-long -Wno-missing-field-initializers -Wno-overlength-strings -Wno-parentheses-equality -Wno-self-assign -Wno-tautological-compare -Wno-unused-parameter -Wno-unused-value -Wunused-variable -Wmisleading-indentation -Wundef conftest.c -L. -L../../.. -L/morello-hybrid/src/output/rootfs-aarch64/usr/lib -Wl,-rpath,/morello-hybrid/src/output/rootfs-aarch64/usr/lib -L. -target aarch64-unknown-freebsd -march=armv8 --sysroot=/morello-hybrid/src/output/rootfs-aarch64 -fuse-ld=lld -lpthread -Wl,--gdb-index -fstack-protector-strong -L/morello-hybrid/src/output/rootfs-aarch64/usr/lib -Wl,-rpath,/morello-hybrid/src/output/rootfs-aarch64/usr/lib -rdynamic     -Wl,-rpath,/morello-hybrid/src/output/rootfs-aarch64/research/ruby-3.4.1/build -lruby-static -lexecinfo -lprocstat -lz -lrt -lrt -ldl -lcrypt -lm -lthr   -lm -lthr  -lc"
checked program was:
/* begin */
 1: #include "ruby.h"
 2: 
 3: /*top*/
 4: extern int t(void);
 5: int main(int argc, char **argv)
 6: {
 7:   if (argc > 1000000) {
 8:     int (* volatile tp)(void)=(int (*)(void))&t;
 9:     printf("%d", (*tp)());
10:   }
11: 
12:   return !!argv[argc];
13: }
14: extern void rb_io_open_descriptor();
15: int t(void) { rb_io_open_descriptor(); return 0; }
/* end */

--------------------

have_func: checking for rb_ractor_local_storage_value_newkey()... -------------------- yes

LD_LIBRARY_PATH=.:../../..:/snap/ruby/438/lib: ASAN_OPTIONS=detect_leaks=0 "/morello-hybrid/src/output/sdk/bin/clang -o conftest -I../../../.ext/include/aarch64-freebsd -I../../../../include -I../../../../ext/io/console -I/morello-hybrid/src/output/rootfs-aarch64/usr/include    -target aarch64-unknown-freebsd -march=armv8 --sysroot=/morello-hybrid/src/output/rootfs-aarch64 -I/morello-hybrid/src/output/rootfs-aarch64/usr/include -mbranch-protection=pac-ret -fstack-protector-strong -U_FORTIFY_SOURCE -D_FORTIFY_SOURCE=2 -fdeclspec  -O0 -fno-omit-frame-pointer -fno-fast-math -ggdb3 -Wall -Wextra -Wextra-tokens -Wdeprecated-declarations -Wdivision-by-zero -Wdiv-by-zero -Wimplicit-function-declaration -Wimplicit-int -Wpointer-arith -Wshorten-64-to-32 -Wwrite-strings -Wold-style-definition -Wmissing-noreturn -Wno-cast-function-type -Wno-constant-logical-operand -Wno-long-long -Wno-missing-field-initializers -Wno-overlength-strings -Wno-parentheses-equality -Wno-self-assign -Wno-tautological-compare -Wno-unused-parameter -Wno-unused-value -Wunused-variable -Wmisleading-indentation -Wundef conftest.c -L. -L../../.. -L/morello-hybrid/src/output/rootfs-aarch64/usr/lib -Wl,-rpath,/morello-hybrid/src/output/rootfs-aarch64/usr/lib -L. -target aarch64-unknown-freebsd -march=armv8 --sysroot=/morello-hybrid/src/output/rootfs-aarch64 -fuse-ld=lld -lpthread -Wl,--gdb-index -fstack-protector-strong -L/morello-hybrid/src/output/rootfs-aarch64/usr/lib -Wl,-rpath,/morello-hybrid/src/output/rootfs-aarch64/usr/lib -rdynamic     -Wl,-rpath,/morello-hybrid/src/output/rootfs-aarch64/research/ruby-3.4.1/build -lruby-static -lexecinfo -lprocstat -lz -lrt -lrt -ldl -lcrypt -lm -lthr   -lm -lthr  -lc"
conftest.c:14:57: error: use of undeclared identifier 'rb_ractor_local_storage_value_newkey'
   14 | int t(void) { void ((*volatile p)()); p = (void ((*)()))rb_ractor_local_storage_value_newkey; return !p; }
      |                                                         ^
1 error generated.
checked program was:
/* begin */
 1: #include "ruby.h"
 2: 
 3: /*top*/
 4: extern int t(void);
 5: int main(int argc, char **argv)
 6: {
 7:   if (argc > 1000000) {
 8:     int (* volatile tp)(void)=(int (*)(void))&t;
 9:     printf("%d", (*tp)());
10:   }
11: 
12:   return !!argv[argc];
13: }
14: int t(void) { void ((*volatile p)()); p = (void ((*)()))rb_ractor_local_storage_value_newkey; return !p; }
/* end */

LD_LIBRARY_PATH=.:../../..:/snap/ruby/438/lib: ASAN_OPTIONS=detect_leaks=0 "/morello-hybrid/src/output/sdk/bin/clang -o conftest -I../../../.ext/include/aarch64-freebsd -I../../../../include -I../../../../ext/io/console -I/morello-hybrid/src/output/rootfs-aarch64/usr/include    -target aarch64-unknown-freebsd -march=armv8 --sysroot=/morello-hybrid/src/output/rootfs-aarch64 -I/morello-hybrid/src/output/rootfs-aarch64/usr/include -mbranch-protection=pac-ret -fstack-protector-strong -U_FORTIFY_SOURCE -D_FORTIFY_SOURCE=2 -fdeclspec  -O0 -fno-omit-frame-pointer -fno-fast-math -ggdb3 -Wall -Wextra -Wextra-tokens -Wdeprecated-declarations -Wdivision-by-zero -Wdiv-by-zero -Wimplicit-function-declaration -Wimplicit-int -Wpointer-arith -Wshorten-64-to-32 -Wwrite-strings -Wold-style-definition -Wmissing-noreturn -Wno-cast-function-type -Wno-constant-logical-operand -Wno-long-long -Wno-missing-field-initializers -Wno-overlength-strings -Wno-parentheses-equality -Wno-self-assign -Wno-tautological-compare -Wno-unused-parameter -Wno-unused-value -Wunused-variable -Wmisleading-indentation -Wundef conftest.c -L. -L../../.. -L/morello-hybrid/src/output/rootfs-aarch64/usr/lib -Wl,-rpath,/morello-hybrid/src/output/rootfs-aarch64/usr/lib -L. -target aarch64-unknown-freebsd -march=armv8 --sysroot=/morello-hybrid/src/output/rootfs-aarch64 -fuse-ld=lld -lpthread -Wl,--gdb-index -fstack-protector-strong -L/morello-hybrid/src/output/rootfs-aarch64/usr/lib -Wl,-rpath,/morello-hybrid/src/output/rootfs-aarch64/usr/lib -rdynamic     -Wl,-rpath,/morello-hybrid/src/output/rootfs-aarch64/research/ruby-3.4.1/build -lruby-static -lexecinfo -lprocstat -lz -lrt -lrt -ldl -lcrypt -lm -lthr   -lm -lthr  -lc"
checked program was:
/* begin */
 1: #include "ruby.h"
 2: 
 3: /*top*/
 4: extern int t(void);
 5: int main(int argc, char **argv)
 6: {
 7:   if (argc > 1000000) {
 8:     int (* volatile tp)(void)=(int (*)(void))&t;
 9:     printf("%d", (*tp)());
10:   }
11: 
12:   return !!argv[argc];
13: }
14: extern void rb_ractor_local_storage_value_newkey();
15: int t(void) { rb_ractor_local_storage_value_newkey(); return 0; }
/* end */

--------------------

LD_LIBRARY_PATH=.:../../..:/snap/ruby/438/lib: ASAN_OPTIONS=detect_leaks=0 "/morello-hybrid/src/output/sdk/bin/clang -I../../../.ext/include/aarch64-freebsd -I../../../../include -I../../../../ext/io/console -I/morello-hybrid/src/output/rootfs-aarch64/usr/include    -target aarch64-unknown-freebsd -march=armv8 --sysroot=/morello-hybrid/src/output/rootfs-aarch64 -I/morello-hybrid/src/output/rootfs-aarch64/usr/include -mbranch-protection=pac-ret -fstack-protector-strong -U_FORTIFY_SOURCE -D_FORTIFY_SOURCE=2 -fdeclspec  -O0 -fno-omit-frame-pointer -fno-fast-math -ggdb3 -Wall -Wextra -Wextra-tokens -Wdeprecated-declarations -Wdivision-by-zero -Wdiv-by-zero -Wimplicit-function-declaration -Wimplicit-int -Wpointer-arith -Wshorten-64-to-32 -Wwrite-strings -Wold-style-definition -Wmissing-noreturn -Wno-cast-function-type -Wno-constant-logical-operand -Wno-long-long -Wno-missing-field-initializers -Wno-overlength-strings -Wno-parentheses-equality -Wno-self-assign -Wno-tautological-compare -Wno-unused-parameter -Wno-unused-value -Wunused-variable -Wmisleading-indentation -Wundef   -c conftest.c"
conftest.c:5:3: error: 
    5 | # error
      |   ^
conftest.c:6:1: error: expected identifier or '('
    6 | |:/ === _WIN32 undefined === /:|
      | ^
2 errors generated.
checked program was:
/* begin */
1: #include "ruby.h"
2: 
3: /*top*/
4: #ifndef _WIN32
5: # error
6: |:/ === _WIN32 undefined === /:|
7: #endif
/* end */

have_header: checking for termios.h... -------------------- yes

LD_LIBRARY_PATH=.:../../..:/snap/ruby/438/lib: ASAN_OPTIONS=detect_leaks=0 "/morello-hybrid/src/output/sdk/bin/clang -I../../../.ext/include/aarch64-freebsd -I../../../../include -I../../../../ext/io/console -I/morello-hybrid/src/output/rootfs-aarch64/usr/include    -target aarch64-unknown-freebsd -march=armv8 --sysroot=/morello-hybrid/src/output/rootfs-aarch64 -I/morello-hybrid/src/output/rootfs-aarch64/usr/include -mbranch-protection=pac-ret -fstack-protector-strong -U_FORTIFY_SOURCE -D_FORTIFY_SOURCE=2 -fdeclspec  -O0 -fno-omit-frame-pointer -fno-fast-math -ggdb3 -Wall -Wextra -Wextra-tokens -Wdeprecated-declarations -Wdivision-by-zero -Wdiv-by-zero -Wimplicit-function-declaration -Wimplicit-int -Wpointer-arith -Wshorten-64-to-32 -Wwrite-strings -Wold-style-definition -Wmissing-noreturn -Wno-cast-function-type -Wno-constant-logical-operand -Wno-long-long -Wno-missing-field-initializers -Wno-overlength-strings -Wno-parentheses-equality -Wno-self-assign -Wno-tautological-compare -Wno-unused-parameter -Wno-unused-value -Wunused-variable -Wmisleading-indentation -Wundef   -c conftest.c"
checked program was:
/* begin */
1: #include "ruby.h"
2: 
3: #include <termios.h>
/* end */

--------------------

have_func: checking for cfmakeraw() in termios.h... -------------------- yes

LD_LIBRARY_PATH=.:../../..:/snap/ruby/438/lib: ASAN_OPTIONS=detect_leaks=0 "/morello-hybrid/src/output/sdk/bin/clang -o conftest -I../../../.ext/include/aarch64-freebsd -I../../../../include -I../../../../ext/io/console -I/morello-hybrid/src/output/rootfs-aarch64/usr/include    -target aarch64-unknown-freebsd -march=armv8 --sysroot=/morello-hybrid/src/output/rootfs-aarch64 -I/morello-hybrid/src/output/rootfs-aarch64/usr/include -mbranch-protection=pac-ret -fstack-protector-strong -U_FORTIFY_SOURCE -D_FORTIFY_SOURCE=2 -fdeclspec  -O0 -fno-omit-frame-pointer -fno-fast-math -ggdb3 -Wall -Wextra -Wextra-tokens -Wdeprecated-declarations -Wdivision-by-zero -Wdiv-by-zero -Wimplicit-function-declaration -Wimplicit-int -Wpointer-arith -Wshorten-64-to-32 -Wwrite-strings -Wold-style-definition -Wmissing-noreturn -Wno-cast-function-type -Wno-constant-logical-operand -Wno-long-long -Wno-missing-field-initializers -Wno-overlength-strings -Wno-parentheses-equality -Wno-self-assign -Wno-tautological-compare -Wno-unused-parameter -Wno-unused-value -Wunused-variable -Wmisleading-indentation -Wundef conftest.c -L. -L../../.. -L/morello-hybrid/src/output/rootfs-aarch64/usr/lib -Wl,-rpath,/morello-hybrid/src/output/rootfs-aarch64/usr/lib -L. -target aarch64-unknown-freebsd -march=armv8 --sysroot=/morello-hybrid/src/output/rootfs-aarch64 -fuse-ld=lld -lpthread -Wl,--gdb-index -fstack-protector-strong -L/morello-hybrid/src/output/rootfs-aarch64/usr/lib -Wl,-rpath,/morello-hybrid/src/output/rootfs-aarch64/usr/lib -rdynamic     -Wl,-rpath,/morello-hybrid/src/output/rootfs-aarch64/research/ruby-3.4.1/build -lruby-static -lexecinfo -lprocstat -lz -lrt -lrt -ldl -lcrypt -lm -lthr   -lm -lthr  -lc"
checked program was:
/* begin */
 1: #include "ruby.h"
 2: 
 3: #include <termios.h>
 4: 
 5: /*top*/
 6: extern int t(void);
 7: int main(int argc, char **argv)
 8: {
 9:   if (argc > 1000000) {
10:     int (* volatile tp)(void)=(int (*)(void))&t;
11:     printf("%d", (*tp)());
12:   }
13: 
14:   return !!argv[argc];
15: }
16: int t(void) { void ((*volatile p)()); p = (void ((*)()))cfmakeraw; return !p; }
/* end */

--------------------

have_header: checking for sys/ioctl.h... -------------------- yes

LD_LIBRARY_PATH=.:../../..:/snap/ruby/438/lib: ASAN_OPTIONS=detect_leaks=0 "/morello-hybrid/src/output/sdk/bin/clang -I../../../.ext/include/aarch64-freebsd -I../../../../include -I../../../../ext/io/console -I/morello-hybrid/src/output/rootfs-aarch64/usr/include    -target aarch64-unknown-freebsd -march=armv8 --sysroot=/morello-hybrid/src/output/rootfs-aarch64 -I/morello-hybrid/src/output/rootfs-aarch64/usr/include -mbranch-protection=pac-ret -fstack-protector-strong -U_FORTIFY_SOURCE -D_FORTIFY_SOURCE=2 -fdeclspec  -O0 -fno-omit-frame-pointer -fno-fast-math -ggdb3 -Wall -Wextra -Wextra-tokens -Wdeprecated-declarations -Wdivision-by-zero -Wdiv-by-zero -Wimplicit-function-declaration -Wimplicit-int -Wpointer-arith -Wshorten-64-to-32 -Wwrite-strings -Wold-style-definition -Wmissing-noreturn -Wno-cast-function-type -Wno-constant-logical-operand -Wno-long-long -Wno-missing-field-initializers -Wno-overlength-strings -Wno-parentheses-equality -Wno-self-assign -Wno-tautological-compare -Wno-unused-parameter -Wno-unused-value -Wunused-variable -Wmisleading-indentation -Wundef   -c conftest.c"
checked program was:
/* begin */
1: #include "ruby.h"
2: 
3: #include <sys/ioctl.h>
/* end */

--------------------

have_macro: checking for HAVE_RUBY_FIBER_SCHEDULER_H... -------------------- yes

LD_LIBRARY_PATH=.:../../..:/snap/ruby/438/lib: ASAN_OPTIONS=detect_leaks=0 "/morello-hybrid/src/output/sdk/bin/clang -I../../../.ext/include/aarch64-freebsd -I../../../../include -I../../../../ext/io/console -I/morello-hybrid/src/output/rootfs-aarch64/usr/include    -target aarch64-unknown-freebsd -march=armv8 --sysroot=/morello-hybrid/src/output/rootfs-aarch64 -I/morello-hybrid/src/output/rootfs-aarch64/usr/include -mbranch-protection=pac-ret -fstack-protector-strong -U_FORTIFY_SOURCE -D_FORTIFY_SOURCE=2 -fdeclspec  -O0 -fno-omit-frame-pointer -fno-fast-math -ggdb3 -Wall -Wextra -Wextra-tokens -Wdeprecated-declarations -Wdivision-by-zero -Wdiv-by-zero -Wimplicit-function-declaration -Wimplicit-int -Wpointer-arith -Wshorten-64-to-32 -Wwrite-strings -Wold-style-definition -Wmissing-noreturn -Wno-cast-function-type -Wno-constant-logical-operand -Wno-long-long -Wno-missing-field-initializers -Wno-overlength-strings -Wno-parentheses-equality -Wno-self-assign -Wno-tautological-compare -Wno-unused-parameter -Wno-unused-value -Wunused-variable -Wmisleading-indentation -Wundef   -c conftest.c"
checked program was:
/* begin */
1: #include "ruby.h"
2: 
3: /*top*/
4: #ifndef HAVE_RUBY_FIBER_SCHEDULER_H
5: # error
6: |:/ === HAVE_RUBY_FIBER_SCHEDULER_H undefined === /:|
7: #endif
/* end */

--------------------

have_func: checking for ttyname_r()... -------------------- yes

LD_LIBRARY_PATH=.:../../..:/snap/ruby/438/lib: ASAN_OPTIONS=detect_leaks=0 "/morello-hybrid/src/output/sdk/bin/clang -o conftest -I../../../.ext/include/aarch64-freebsd -I../../../../include -I../../../../ext/io/console -I/morello-hybrid/src/output/rootfs-aarch64/usr/include    -target aarch64-unknown-freebsd -march=armv8 --sysroot=/morello-hybrid/src/output/rootfs-aarch64 -I/morello-hybrid/src/output/rootfs-aarch64/usr/include -mbranch-protection=pac-ret -fstack-protector-strong -U_FORTIFY_SOURCE -D_FORTIFY_SOURCE=2 -fdeclspec  -O0 -fno-omit-frame-pointer -fno-fast-math -ggdb3 -Wall -Wextra -Wextra-tokens -Wdeprecated-declarations -Wdivision-by-zero -Wdiv-by-zero -Wimplicit-function-declaration -Wimplicit-int -Wpointer-arith -Wshorten-64-to-32 -Wwrite-strings -Wold-style-definition -Wmissing-noreturn -Wno-cast-function-type -Wno-constant-logical-operand -Wno-long-long -Wno-missing-field-initializers -Wno-overlength-strings -Wno-parentheses-equality -Wno-self-assign -Wno-tautological-compare -Wno-unused-parameter -Wno-unused-value -Wunused-variable -Wmisleading-indentation -Wundef conftest.c -L. -L../../.. -L/morello-hybrid/src/output/rootfs-aarch64/usr/lib -Wl,-rpath,/morello-hybrid/src/output/rootfs-aarch64/usr/lib -L. -target aarch64-unknown-freebsd -march=armv8 --sysroot=/morello-hybrid/src/output/rootfs-aarch64 -fuse-ld=lld -lpthread -Wl,--gdb-index -fstack-protector-strong -L/morello-hybrid/src/output/rootfs-aarch64/usr/lib -Wl,-rpath,/morello-hybrid/src/output/rootfs-aarch64/usr/lib -rdynamic     -Wl,-rpath,/morello-hybrid/src/output/rootfs-aarch64/research/ruby-3.4.1/build -lruby-static -lexecinfo -lprocstat -lz -lrt -lrt -ldl -lcrypt -lm -lthr   -lm -lthr  -lc"
checked program was:
/* begin */
 1: #include "ruby.h"
 2: 
 3: /*top*/
 4: extern int t(void);
 5: int main(int argc, char **argv)
 6: {
 7:   if (argc > 1000000) {
 8:     int (* volatile tp)(void)=(int (*)(void))&t;
 9:     printf("%d", (*tp)());
10:   }
11: 
12:   return !!argv[argc];
13: }
14: int t(void) { void ((*volatile p)()); p = (void ((*)()))ttyname_r; return !p; }
/* end */

--------------------

extconf.h is:
/* begin */
 1: #ifndef EXTCONF_H
 2: #define EXTCONF_H
 3: #define HAVE_RB_SYSERR_FAIL_STR 1
 4: #define HAVE_RB_INTERNED_STR_CSTR 1
 5: #define HAVE_RB_IO_PATH 1
 6: #define HAVE_RB_IO_DESCRIPTOR 1
 7: #define HAVE_RB_IO_GET_WRITE_IO 1
 8: #define HAVE_RB_IO_CLOSED_P 1
 9: #define HAVE_RB_IO_OPEN_DESCRIPTOR 1
10: #define HAVE_RB_RACTOR_LOCAL_STORAGE_VALUE_NEWKEY 1
11: #define HAVE_TERMIOS_H 1
12: #define HAVE_CFMAKERAW 1
13: #define HAVE_SYS_IOCTL_H 1
14: #define HAVE_RB_IO_WAIT 1
15: #define HAVE_TTYNAME_R 1
16: #endif
/* end */

