../test/uri/test_ldap.rb
root@cheribsd-riscv64-purecap:~/ruby-3.4.5/build # ./miniruby -I../lib -I. -I.ext/common  ../tool/ru
nruby.rb --extout=.ext  -- --disable-gems -r../tool/lib/_tmpdir \
"../test/runner.rb" --ruby="./miniruby -I../lib -I. -I.ext/common  ../tool/runruby.rb --extout=.ext
 -- --disable-gems" \
--excludes-dir=../test/.excludes --name=!/memory_leak/ --timeout-scale 10 --worker-timeout=1000 -v -
-test-order=random
/root/ruby-3.4.5/lib/yaml.rb:3: warning: It seems your ruby installation is missing psych (for YAML
output).
To eliminate this warning, please install libyaml and reinstall your ruby.
/root/ruby-3.4.5/test/did_you_mean/test_tree_spell_checker.rb: cannot load such file -- psych
/root/ruby-3.4.5/test/optparse/test_acceptable.rb: cannot load such file -- /root/ruby-3.4.5/test/op
tparse/test_optparse
/root/ruby-3.4.5/lib/yaml.rb:3: warning: It seems your ruby installation is missing psych (for YAML
output).
To eliminate this warning, please install libyaml and reinstall your ruby.
/root/ruby-3.4.5/test/psych/handlers/test_recorder.rb: cannot load such file -- psych/helper
/root/ruby-3.4.5/test/psych/test_alias_and_anchor.rb: cannot load such file -- /root/ruby-3.4.5/test
/psych/helper
/root/ruby-3.4.5/test/ruby/test_pipe.rb: cannot load such file -- /root/ruby-3.4.5/test/ruby/ut_eof
/root/ruby-3.4.5/lib/yaml.rb:3: warning: It seems your ruby installation is missing psych (for YAML
output).
To eliminate this warning, please install libyaml and reinstall your ruby.
/root/ruby-3.4.5/lib/yaml.rb:3: warning: It seems your ruby installation is missing psych (for YAML
output).
To eliminate this warning, please install libyaml and reinstall your ruby.
/root/ruby-3.4.5/test/rdoc/rdoc_alias_test.rb: cannot load such file -- /root/ruby-3.4.5/test/rdoc/s
upport/formatter_test_case
Run options:
  --seed=56265
  "--ruby=./miniruby -I../lib -I. -I.ext/common  ../tool/runruby.rb --extout=.ext  -- --disable-gems
"
  --excludes-dir=../test/.excludes
  --name=!/memory_leak/
  --timeout-scale
  10
  --worker-timeout=1000
  -v
  --test-order=random

# Running tests:

[   1/4737] TestConcatStress#test_concat = 287.41 s
[   2/4737] TestGemDependencyResolutionError#test_message = 0.91 s
[   3/4737] TestBignum_Pack#test_numbytes_2comp = 0.04 s
[   4/4737] TestBignum_Pack#test_unpack_wordorder_and_endian = 0.02 s
[   5/4737] TestBignum_Pack#test_pack2comp_zero = 0.01 s
[   6/4737] TestBignum_Pack#test_unpack_sign = 0.01 s
[   7/4737] TestBignum_Pack#test_pack2comp_emptybuf = 0.02 s
[   8/4737] TestBignum_Pack#test_pack_fixed_buffer = 0.03 s
[   9/4737] TestBignum_Pack#test_pack_argument_check = 0.03 s
[  10/4737] TestBignum_Pack#test_pack_wordorder_and_endian = 0.01 s
[  11/4737] TestBignum_Pack#test_pack_zero = 0.01 s
[  12/4737] TestBignum_Pack#test_unpack_wordsize = 0.01 s
[  13/4737] TestBignum_Pack#test_unpack2comp_negative_single_byte = 0.02 s
[  14/4737] TestBignum_Pack#test_pack_nail = 0.01 s
[  15/4737] TestBignum_Pack#test_unpack_zero = 0.01 s
[  16/4737] TestBignum_Pack#test_numbits_2comp = 0.03 s
[  17/4737] TestBignum_Pack#test_unpack_native_endian = 0.01 s
[  18/4737] TestBignum_Pack#test_unpack_nail = 0.01 s
[  19/4737] TestBignum_Pack#test_pack_wordsize = 0.02 s
[  20/4737] TestBignum_Pack#test_unpack2comp_single_byte = 0.02 s
[  21/4737] TestBignum_Pack#test_pack2comp_overflow = 6.05 s
[  22/4737] TestBignum_Pack#test_pack_orders = 66.67 s
[  23/4737] TestBignum_Pack#test_pack_native_endian = 0.01 s
[  24/4737] TestBignum_Pack#test_unpack2comp_negative_zero = 0.54 s
[  25/4737] TestBignum_Pack#test_unpack_argument_check = 0.16 s
[  26/4737] TestBignum_Pack#test_pack_sign = 0.01 s
[  27/4737] TestBignum_Pack#test_pack2comp_nearly_zero = 0.01 s
[  28/4737] TestBignum_Pack#test_pack_overflow = 5.25 s
[  29/4737] TestBignum_Pack#test_unpack2comp_sequence_of_ff = 0.02 s
[  30/4737] TestBignum_Pack#test_unpack_orders = 25.14 s
[  31/4737] TestLogPeriod#test_previous_period_end_extreme_cases = 0.11 s
[  32/4737] TestLogPeriod#test_next_rotate_time_extreme_cases = 0.07 s
[  33/4737] TestLogPeriod#test_next_rotate_time = 0.06 s
[  34/4737] TestLogPeriod#test_previous_period_end = 0.06 s
[  35/4737] TestSleep#test_sleep_5sec = 5.03 s
[  36/4737] TestMkmfFlags#test_valid_warnflags = 0.48 s
[  37/4737] TestMkmfFlags#test_try_cflag_invalid_opt = 18.20 s
[  38/4737] TestMkmfFlags#test_try_ldflag_invalid_opt = 18.14 s
[  39/4737] TestMkmfFlags#test_try_cppflag_invalid_opt = 18.16 s
[  40/4737] TestMkmfConvertible#test_typeof_typedef = 0.76 s
[  41/4737] TestMkmfConvertible#test_typeof_builtin = 0.37 s
[  42/4737] TestResolvResourceCAA#test_caa_tag = 0.04 s
[  43/4737] TestResolvResourceCAA#test_caa_stackoverflow = 0.15 s
[  44/4737] TestResolvResourceCAA#test_caa_roundtrip = 0.08 s
[  45/4737] TestResolvResourceCAA#test_caa_flags = 0.51 s
[  46/4737] TestIRB::WorkSpaceTest#test_code_around_binding_with_existing_unreadable_file = 0.05 s
[  47/4737] TestIRB::WorkSpaceTest#test_toplevel_binding_local_variables = 23.99 s
[  48/4737] TestIRB::WorkSpaceTest#test_code_around_binding = 0.10 s
[  49/4737] TestIRB::WorkSpaceTest#test_code_around_binding_with_script_lines__ = 0.05 s
[  50/4737] TestIRB::WorkSpaceTest#test_code_around_binding_on_irb = 0.03 s
[  51/4737] TestGemCommandsStaleCommand#test_execute_sorts = 1.34 s
[  52/4737] TestMkmfConfiguration#test_verbose_with_rbconfig_verbose_disabled = 0.50 s
[  53/4737] TestMkmfConfiguration#test_verbose_with_rbconfig_verbose_enabled = 0.45 s
[  54/4737] TestMkmfConfiguration#test_verbose_with_arg = 18.42 s
[  55/4737] Test_PathToClass#test_path_to_class = 0.03 s
[  56/4737] TestCESU8#test_cesu8_valid_encoding = 0.15 s
[  57/4737] TestCESU8#test_cesu8_left_adjust_char_head = 0.07 s
[  58/4737] TestCESU8#test_cesu8_ord = 0.03 s
[  59/4737] Test_RbInternedStr#test_interned_str = 0.02 s
[  60/4737] TestGemCommandsMirrorCommand#test_execute = 0.54 s
[  61/4737] TestCP949#test_left_adjust_char_head = 0.03 s
[  62/4737] TestCP949#test_mbc_enc_len = 0.01 s
[  63/4737] TestCP949#test_mbc_case_fold = 0.01 s
[  64/4737] TestCP949#test_code_to_mbc = 0.01 s
[  65/4737] TestCP949#test_mbc_to_code = 0.01 s
[  66/4737] Test_BUG_14834#test = 9.84 s
[  67/4737] TestFiberScheduler#test_fiber_blocking = 0.03 s
[  68/4737] TestFiberScheduler#test_autoload = 6.15 s
[  69/4737] TestFiberScheduler#test_fiber_without_scheduler = 0.01 s
[  70/4737] TestFiberScheduler#test_minimal_interface = 0.02 s
[  71/4737] TestFiberScheduler#test_condition_variable = 0.03 s
[  72/4737] TestFiberScheduler#test_close_at_exit = 4.20 s
[  73/4737] TestFiberScheduler#test_closed_when_set_to_nil = 0.04 s
[  74/4737] TestFiberScheduler#test_iseq_compile_under_gc_stress_bug_21180^Z[1] + Suspended
      ./miniruby -I../lib -I. -I.ext/common ../tool/runruby.rb --extout=.ext -- --disable-gems -r../
tool/lib/_tmpdir ../test/runner.rb --ruby=./miniruby -I../lib -I. -I.ext/common  ../tool/runruby.rb
--...
root@cheribsd-riscv64-purecap:~/ruby-3.4.5/build # fg
./miniruby -I../lib -I. -I.ext/common ../tool/runruby.rb --extout=.ext -- --disable-gems -r../tool/l
ib/_tmpdir ../test/runner.rb --ruby=./miniruby -I../lib -I. -I.ext/common  ../tool/runruby.rb --...
^C^C^Z[1] + Suspended               ./miniruby -I../lib -I. -I.ext/common ../tool/runruby.rb --extou
t=.ext -- --disable-gems -r../tool/lib/_tmpdir ../test/runner.rb --ruby=./miniruby -I../lib -I. -I.e
xt/common  ../tool/runruby.rb --...
root@cheribsd-riscv64-purecap:~/ruby-3.4.5/build # jobs
[1] + Suspended               ./miniruby -I../lib -I. -I.ext/common ../tool/runruby.rb --extout=.ext
 -- --disable-gems -r../tool/lib/_tmpdir ../test/runner.rb --ruby=./miniruby -I../lib -I. -I.ext/com
mon  ../tool/runruby.rb --...
root@cheribsd-riscv64-purecap:~/ruby-3.4.5/build # kill -9 %1
root@cheribsd-riscv64-purecap:~/ruby-3.4.5/build # jobs
[1]   Killed                  ./miniruby -I../lib -I. -I.ext/common ../tool/runruby.rb --extout=.ext
 -- --disable-gems -r../tool/lib/_tmpdir ../test/runner.rb --ruby=./miniruby -I../lib -I. -I.ext/com
mon  ../tool/runruby.rb --...
root@cheribsd-riscv64-purecap:~/ruby-3.4.5/build # jobs
root@cheribsd-riscv64-purecap:~/ruby-3.4.5/build #
