monitor                         test_find.rb                    zlib
root@cheribsd-riscv64-purecap:~/ruby-3.4.5/build # ./miniruby -I../lib -I. -I.ext/common  ../tool/ru
nruby.rb --extout=.ext  -- --disable-gems -r../tool/lib/_tmpdir \
"../test/runner.rb" --ruby="./miniruby -I../lib -I. -I.ext/common  ../tool/runruby.rb --extout=.ext
 -- --disable-gems" \
--excludes-dir=../test/.excludes --name=!/memory_leak/ ../test/cgi/ --timeout-scale 10 --worker-time
out=1000 -v
Run options:
  --seed=40875
  "--ruby=./miniruby -I../lib -I. -I.ext/common  ../tool/runruby.rb --extout=.ext  -- --disable-gems
"
  --excludes-dir=../test/.excludes
  --name=!/memory_leak/
  --timeout-scale
  10
  --worker-timeout=1000
  -v

# Running tests:

[  1/469] CGISessionTest#test_cgi_session_specify_session_id = 0.24 s
[  2/469] CGISessionTest#test_cgi_session_filestore = 0.31 s
[  3/469] CGISessionTest#test_cgi_session_specify_session_key = 0.10 s
[  4/469] CGISessionTest#test_cgi_session_pstore = 0.14 s
[  5/469] CGIUtilPureRubyTest#test_cgi_escapeHTML_with_invalid_byte_sequence = 0.02 s
[  6/469] CGIUtilPureRubyTest#test_cgi_unescapeHTML_following_known_first_letter = 0.01 s
[  7/469] CGIUtilPureRubyTest#test_cgi_unescapeHTML_following_invalid_numeric = 0.01 s
[  8/469] CGIUtilPureRubyTest#test_cgi_unescapeHTML_following_number_sign = 0.01 s
[  9/469] CGIUtilPureRubyTest#test_cgi_unescapeHTML_with_invalid_byte_sequence = 0.01 s
[ 10/469] CGIHeaderTest#test_cgi_http_header_simple = 0.03 s
[ 11/469] CGIHeaderTest#test_cgi_http_header_nph = 0.13 s
[ 12/469] CGIHeaderTest#test_cgi_http_header_argerr = 0.02 s
[ 13/469] CGIHeaderTest#test_cgi_http_header_output_cookies = 0.03 s
[ 14/469] CGIHeaderTest#test_cgi_http_header_complex = 0.02 s
[ 15/469] CGIHeaderTest#test_cgi_http_header_crlf_injection = 0.03 s
[ 16/469] CGIHeaderTest#test_cgi_http_header_cookie = 0.04 s
[ 17/469] CGIModrubyTest#test_cgi_modruby_location = 0.04 s
[ 18/469] CGIModrubyTest#test_cgi_modruby_complex = 0.04 s
[ 19/469] CGIModrubyTest#test_cgi_modruby_simple = 0.02 s
[ 20/469] CGIModrubyTest#test_cgi_modruby_requestparams = 0.41 s
[ 21/469] CGICookieTest#test_cgi_cookie_injection_into_path = 0.02 s
[ 22/469] CGICookieTest#test_cgi_cookie_parse_not_decode_name = 0.02 s
[ 23/469] CGICookieTest#test_cgi_cookie_parse = 0.03 s
[ 24/469] CGICookieTest#test_cgi_cookie_newline_injection_into_name = 0.01 s
[ 25/469] CGICookieTest#test_cgi_cookie_arrayinterface = 0.02 s
[ 26/469] CGICookieTest#test_cgi_cookie_new_complex = 0.02 s
[ 27/469] CGICookieTest#test_cgi_cookie_scriptname = 0.02 s
[ 28/469] CGICookieTest#test_cgi_cookie_domain_injection_into_name = 0.01 s
[ 29/469] CGICookieTest#test_cgi_cookie_new_with_domain = 0.03 s
[ 30/469] CGICookieTest#test_cgi_cookie_new_simple = 0.02 s
[ 31/469] CGICookieTest#test_cgi_cookie_multibyte_injection_into_name = 0.01 s
[ 32/469] CGICookieTest#test_cgi_cookie_injection_into_domain = 0.01 s
[ 33/469] CGITagHelperTest#test_cgi_tag_helper_html5 = 1.32 s
[ 34/469] CGITagHelperTest#test_cgi_tag_helper_html3 = 0.62 s
[ 35/469] CGIUtilTest#"test_cgi_escapeHTML:Windows-1253" = 0.01 s
[ 36/469] CGIUtilTest#"test_cgi_unescape:Windows-1253" = 0.01 s
[ 37/469] CGIUtilTest#test_cgi_unescapeURIComponent_preserve_encoding = 0.01 s
[ 38/469] CGIUtilTest#"test_cgi_escape:Big5-HKSCS" = 0.01 s
[ 39/469] CGIUtilTest#"test_cgi_unescape:macUkraine" = 0.01 s
[ 40/469] CGIUtilTest#"test_cgi_escapeHTML:IBM852" = 0.01 s
[ 41/469] CGIUtilTest#"test_cgi_escapeHTML:UTF8-SoftBank" = 0.01 s
[ 42/469] CGIUtilTest#"test_cgi_escapeHTML:Windows-1251" = 0.01 s
[ 43/469] CGIUtilTest#"test_cgi_unescapeHTML:macIceland" = 0.01 s
[ 44/469] CGIUtilTest#"test_cgi_unescape:Windows-1251" = 0.01 s
[ 45/469] CGIUtilTest#"test_cgi_escapeHTML:UTF-32" = 0.03 s
[ 46/469] CGIUtilTest#"test_cgi_escape:macCyrillic" = 0.01 s
[ 47/469] CGIUtilTest#"test_cgi_unescapeHTML:SJIS-KDDI" = 0.01 s
[ 48/469] CGIUtilTest#test_cgi_unescapeHTML = 0.01 s
[ 49/469] CGIUtilTest#"test_cgi_unescape:EUC-TW" = 0.01 s
[ 50/469] CGIUtilTest#"test_cgi_unescape:Windows-1257" = 0.01 s
[ 51/469] CGIUtilTest#"test_cgi_escapeHTML:IBM437" = 0.01 s
[ 52/469] CGIUtilTest#"test_cgi_unescapeHTML:GB18030" = 0.01 s
[ 53/469] CGIUtilTest#"test_cgi_escapeHTML:Windows-1257" = 0.01 s
[ 54/469] CGIUtilTest#"test_cgi_escapeHTML:stateless-ISO-2022-JP" = 0.01 s
[ 55/469] CGIUtilTest#"test_cgi_escapeHTML:IBM037" = 0.02 s
[ 56/469] CGIUtilTest#"test_cgi_escape:CP51932" = 0.01 s
[ 57/469] CGIUtilTest#"test_cgi_unescape:Windows-1255" = 0.01 s
[ 58/469] CGIUtilTest#"test_cgi_unescape:GB1988" = 0.01 s
[ 59/469] CGIUtilTest#"test_cgi_escapeHTML:Windows-1255" = 0.01 s
[ 60/469] CGIUtilTest#"test_cgi_unescapeHTML:CESU-8" = 0.01 s
[ 61/469] CGIUtilTest#"test_cgi_escapeHTML:macCroatian" = 0.02 s
[ 62/469] CGIUtilTest#"test_cgi_unescapeHTML:KOI8-U" = 0.01 s
[ 63/469] CGIUtilTest#"test_cgi_escape:macGreek" = 0.01 s
[ 64/469] CGIUtilTest#"test_cgi_unescape:macRomania" = 0.01 s
[ 65/469] CGIUtilTest#"test_cgi_unescapeHTML:IBM857" = 0.01 s
[ 66/469] CGIUtilTest#"test_cgi_unescape:ISO-8859-15" = 0.01 s
[ 67/469] CGIUtilTest#"test_cgi_escapeHTML:GB12345" = 0.01 s
[ 68/469] CGIUtilTest#"test_cgi_unescape:IBM864" = 0.01 s
[ 69/469] CGIUtilTest#"test_cgi_escape:Big5" = 0.01 s
[ 70/469] CGIUtilTest#"test_cgi_escape:IBM720" = 0.01 s
[ 71/469] CGIUtilTest#"test_cgi_unescape:GB12345" = 0.01 s
[ 72/469] CGIUtilTest#test_cgi_escapeURIComponent = 0.01 s
[ 73/469] CGIUtilTest#"test_cgi_unescapeHTML:IBM855" = 0.02 s
[ 74/469] CGIUtilTest#"test_cgi_unescape:CP950" = 0.01 s
[ 75/469] CGIUtilTest#"test_cgi_escapeHTML:SJIS-DoCoMo" = 0.01 s
[ 76/469] CGIUtilTest#"test_cgi_unescape:eucJP-ms" = 0.01 s
[ 77/469] CGIUtilTest#"test_cgi_unescape:EUC-JP" = 0.01 s
[ 78/469] CGIUtilTest#"test_cgi_unescape:IBM866" = 0.01 s
[ 79/469] CGIUtilTest#"test_cgi_unescapeHTML:Windows-31J" = 0.01 s
[ 80/469] CGIUtilTest#"test_cgi_unescape:UTF8-MAC" = 0.01 s
[ 81/469] CGIUtilTest#"test_cgi_escape:eucJP-ms" = 0.01 s
[ 82/469] CGIUtilTest#"test_cgi_unescape:ISO-8859-11" = 0.01 s
[ 83/469] CGIUtilTest#"test_cgi_escape:EUC-KR" = 0.01 s
[ 84/469] CGIUtilTest#"test_cgi_escapeHTML:KOI8-R" = 0.01 s
[ 85/469] CGIUtilTest#"test_cgi_escape:UTF8-MAC" = 0.01 s
[ 86/469] CGIUtilTest#"test_cgi_unescapeHTML:CP852" = 0.01 s
[ 87/469] CGIUtilTest#test_cgi_unescapeURIComponent_accept_charset = 11.66 s
[ 88/469] CGIUtilTest#"test_cgi_unescape:UTF-8" = 0.01 s
[ 89/469] CGIUtilTest#"test_cgi_unescape:IBM860" = 0.01 s
[ 90/469] CGIUtilTest#"test_cgi_unescape:ISO-8859-13" = 0.01 s
[ 91/469] CGIUtilTest#test_cgi_unescapeElement = 0.10 s
[ 92/469] CGIUtilTest#"test_cgi_unescapeHTML:CP850" = 0.01 s
[ 93/469] CGIUtilTest#"test_cgi_unescape:macGreek" = 0.01 s
[ 94/469] CGIUtilTest#"test_cgi_unescape:IBM862" = 0.01 s
[ 95/469] CGIUtilTest#"test_cgi_unescape:macIceland" = 0.01 s
[ 96/469] CGIUtilTest#"test_cgi_unescapeHTML:Windows-1255" = 0.01 s
[ 97/469] CGIUtilTest#"test_cgi_unescapeHTML:macCyrillic" = 0.01 s
[ 98/469] CGIUtilTest#"test_cgi_escape:GBK" = 0.01 s
[ 99/469] CGIUtilTest#"test_cgi_escapeHTML:ISO-8859-8" = 0.01 s
[100/469] CGIUtilTest#test_cgi_escape_uri_component = 0.01 s
[101/469] CGIUtilTest#"test_cgi_escape:CP855" = 0.01 s
[102/469] CGIUtilTest#"test_cgi_escapeHTML:UTF8-DoCoMo" = 0.01 s
[103/469] CGIUtilTest#"test_cgi_unescapeHTML:macUkraine" = 0.01 s
[104/469] CGIUtilTest#"test_cgi_unescapeHTML:Windows-1257" = 0.01 s
[105/469] CGIUtilTest#"test_cgi_escape:Shift_JIS" = 0.09 s
[106/469] CGIUtilTest#"test_cgi_escapeHTML:stateless-ISO-2022-JP-KDDI" = 0.01 s
[107/469] CGIUtilTest#"test_cgi_unescape:CP949" = 0.01 s
[108/469] CGIUtilTest#test_cgi_escape_preserve_encoding = 0.01 s
[109/469] CGIUtilTest#"test_cgi_escapeHTML:CP50221" = 0.02 s
[110/469] CGIUtilTest#"test_cgi_unescapeHTML:Windows-1251" = 0.01 s
[111/469] CGIUtilTest#"test_cgi_escape:UTF8-SoftBank" = 0.01 s
[112/469] CGIUtilTest#"test_cgi_escape:IBM869" = 0.01 s
[113/469] CGIUtilTest#"test_cgi_escapeHTML:CP951" = 0.01 s
[114/469] CGIUtilTest#test_cgi_unescape_accept_charset = 11.63 s
[115/469] CGIUtilTest#"test_cgi_escapeHTML:MacJapanese" = 0.01 s
[116/469] CGIUtilTest#"test_cgi_unescapeHTML:Windows-1253" = 0.01 s
[117/469] CGIUtilTest#"test_cgi_escapeHTML:ASCII-8BIT" = 0.01 s
[118/469] CGIUtilTest#"test_cgi_escape:Emacs-Mule" = 0.01 s
[119/469] CGIUtilTest#test_cgi_escape_html_duplicated = 0.01 s
[120/469] CGIUtilTest#"test_cgi_escape:IBM737" = 0.01 s
[121/469] CGIUtilTest#"test_cgi_escapeHTML:ISO-8859-2" = 0.01 s
[122/469] CGIUtilTest#"test_cgi_escape:Windows-31J" = 0.01 s
[123/469] CGIUtilTest#"test_cgi_escape:GB18030" = 0.01 s
[124/469] CGIUtilTest#"test_cgi_unescapeHTML:macRomania" = 0.01 s
[125/469] CGIUtilTest#"test_cgi_unescapeHTML:CP51932" = 0.01 s
[126/469] CGIUtilTest#"test_cgi_unescape:US-ASCII" = 0.01 s
[127/469] CGIUtilTest#"test_cgi_escape:IBM865" = 0.01 s
[128/469] CGIUtilTest#"test_cgi_unescape:GB2312" = 0.01 s
[129/469] CGIUtilTest#"test_cgi_escape:US-ASCII" = 0.01 s
[130/469] CGIUtilTest#"test_cgi_escapeHTML:ISO-2022-JP" = 0.02 s
[131/469] CGIUtilTest#"test_cgi_escape:IBM863" = 0.01 s
[132/469] CGIUtilTest#"test_cgi_escapeHTML:ISO-8859-6" = 0.01 s
[133/469] CGIUtilTest#"test_cgi_unescape:macCentEuro" = 0.01 s
[134/469] CGIUtilTest#"test_cgi_escape:IBM861" = 0.01 s
[135/469] CGIUtilTest#"test_cgi_escapeHTML:ISO-8859-4" = 0.01 s
[136/469] CGIUtilTest#"test_cgi_unescapeHTML:IBM775" = 0.01 s
[137/469] CGIUtilTest#"test_cgi_escape:Big5-UAO" = 0.01 s
[138/469] CGIUtilTest#"test_cgi_unescape:ISO-8859-2" = 0.01 s
[139/469] CGIUtilTest#"test_cgi_unescapeHTML:UTF8-KDDI" = 0.01 s
[140/469] CGIUtilTest#"test_cgi_escape:Windows-874" = 0.01 s
[141/469] CGIUtilTest#"test_cgi_escapeHTML:Shift_JIS" = 0.01 s
[142/469] CGIUtilTest#"test_cgi_unescapeHTML:ISO-8859-14" = 0.01 s
[143/469] CGIUtilTest#"test_cgi_unescape:ASCII-8BIT" = 0.01 s
[144/469] CGIUtilTest#"test_cgi_escapeHTML:GBK" = 0.01 s
[145/469] CGIUtilTest#"test_cgi_escape:macThai" = 0.01 s
[146/469] CGIUtilTest#"test_cgi_escapeHTML:macCentEuro" = 0.01 s
[147/469] CGIUtilTest#"test_cgi_unescapeHTML:GB2312" = 0.01 s
[148/469] CGIUtilTest#"test_cgi_escape:IBM437" = 0.01 s
[149/469] CGIUtilTest#"test_cgi_unescapeHTML:Big5" = 0.01 s
[150/469] CGIUtilTest#"test_cgi_unescapeHTML:ISO-8859-16" = 0.01 s
[151/469] CGIUtilTest#"test_cgi_unescape:ISO-8859-6" = 0.01 s
[152/469] CGIUtilTest#"test_cgi_unescapeHTML:ISO-2022-JP-KDDI" = 0.03 s
[153/469] CGIUtilTest#"test_cgi_escapeHTML:Big5" = 0.01 s
[154/469] CGIUtilTest#"test_cgi_unescapeHTML:ISO-8859-10" = 0.01 s
[155/469] CGIUtilTest#test_cgi_escapeURIComponent_with_unreserved_characters = 0.01 s
[156/469] CGIUtilTest#test_cgi_escape_with_unreserved_characters = 0.01 s
[157/469] CGIUtilTest#"test_cgi_escape:ISO-8859-9" = 0.01 s
[158/469] CGIUtilTest#"test_cgi_unescape:ISO-8859-4" = 0.01 s
[159/469] CGIUtilTest#"test_cgi_escape:IBM852" = 0.01 s
[160/469] CGIUtilTest#"test_cgi_unescape:Big5-UAO" = 0.01 s
[161/469] CGIUtilTest#"test_cgi_unescape:IBM775" = 0.01 s
[162/469] CGIUtilTest#"test_cgi_escape:macRoman" = 0.01 s
[163/469] CGIUtilTest#"test_cgi_escape:Windows-1251" = 0.01 s
[164/469] CGIUtilTest#"test_cgi_escapeHTML:macIceland" = 0.01 s
[165/469] CGIUtilTest#test_cgi_include_h = 0.01 s
[166/469] CGIUtilTest#"test_cgi_escape:ISO-8859-7" = 0.01 s
[167/469] CGIUtilTest#"test_cgi_escape:UTF-8" = 0.01 s
[168/469] CGIUtilTest#"test_cgi_escapeHTML:SJIS-SoftBank" = 0.01 s
[169/469] CGIUtilTest#"test_cgi_escape:ISO-8859-5" = 0.01 s
[170/469] CGIUtilTest#"test_cgi_unescape:ISO-8859-8" = 0.01 s
[171/469] CGIUtilTest#"test_cgi_escape:Windows-1253" = 0.01 s
[172/469] CGIUtilTest#"test_cgi_escapeHTML:UTF-16" = 0.37 s
[173/469] CGIUtilTest#"test_cgi_escapeHTML:EUC-KR" = 0.01 s
[174/469] CGIUtilTest#"test_cgi_unescape:MacJapanese" = 0.01 s
[175/469] CGIUtilTest#"test_cgi_escape:KOI8-R" = 0.01 s
[176/469] CGIUtilTest#"test_cgi_escapeHTML:CP850" = 0.01 s
[177/469] CGIUtilTest#"test_cgi_escape:macTurkish" = 0.01 s
[178/469] CGIUtilTest#test_cgi_unescapeHTML_following_known_first_letter = 0.01 s
[179/469] CGIUtilTest#"test_cgi_escape:ISO-8859-3" = 0.01 s
[180/469] CGIUtilTest#"test_cgi_escape:CP950" = 0.01 s
[181/469] CGIUtilTest#"test_cgi_escape:Windows-1255" = 0.01 s
[182/469] CGIUtilTest#test_cgi_unescape = 0.01 s
[183/469] CGIUtilTest#"test_cgi_escapeHTML:CP852" = 0.01 s
[184/469] CGIUtilTest#"test_cgi_escapeHTML:IBM720" = 0.01 s
[185/469] CGIUtilTest#"test_cgi_escape:Windows-1257" = 0.01 s
[186/469] CGIUtilTest#"test_cgi_unescape:macRoman" = 0.09 s
[187/469] CGIUtilTest#"test_cgi_escape:ISO-8859-1" = 0.01 s
[188/469] CGIUtilTest#"test_cgi_unescapeHTML:CP50220" = 0.02 s
[189/469] CGIUtilTest#"test_cgi_unescape:UTF8-DoCoMo" = 0.01 s
[190/469] CGIUtilTest#"test_cgi_unescape:IBM857" = 0.01 s
[191/469] CGIUtilTest#"test_cgi_escapeHTML:ISO-8859-11" = 0.01 s
[192/469] CGIUtilTest#"test_cgi_escapeHTML:macRomania" = 0.01 s
[193/469] CGIUtilTest#"test_cgi_unescapeHTML:IBM864" = 0.01 s
[194/469] CGIUtilTest#"test_cgi_escape:ISO-8859-16" = 0.01 s
[195/469] CGIUtilTest#"test_cgi_escapeHTML:IBM869" = 0.01 s
[196/469] CGIUtilTest#"test_cgi_unescape:Shift_JIS" = 0.01 s
[197/469] CGIUtilTest#"test_cgi_unescape:IBM855" = 0.01 s
[198/469] CGIUtilTest#"test_cgi_escapeHTML:ISO-8859-13" = 0.01 s
[199/469] CGIUtilTest#"test_cgi_unescapeHTML:ISO-8859-2" = 0.01 s
[200/469] CGIUtilTest#"test_cgi_escape:CP949" = 0.01 s
[201/469] CGIUtilTest#"test_cgi_unescapeHTML:Windows-874" = 0.01 s
[202/469] CGIUtilTest#"test_cgi_unescapeHTML:ASCII-8BIT" = 0.01 s
[203/469] CGIUtilTest#"test_cgi_unescapeHTML:EUC-JP" = 0.01 s
[204/469] CGIUtilTest#"test_cgi_escape:ISO-8859-14" = 0.01 s
[205/469] CGIUtilTest#"test_cgi_unescapeHTML:IBM866" = 0.01 s
[206/469] CGIUtilTest#"test_cgi_escapeHTML:ISO-8859-15" = 0.01 s
[207/469] CGIUtilTest#"test_cgi_unescape:CP855" = 0.01 s
[208/469] CGIUtilTest#"test_cgi_unescapeHTML:ISO-8859-4" = 0.01 s
[209/469] CGIUtilTest#"test_cgi_unescapeHTML:CP951" = 0.01 s
[210/469] CGIUtilTest#"test_cgi_unescapeHTML:IBM860" = 0.01 s
[211/469] CGIUtilTest#"test_cgi_escapeHTML:TIS-620" = 0.01 s
[212/469] CGIUtilTest#"test_cgi_unescapeHTML:ISO-8859-6" = 0.01 s
[213/469] CGIUtilTest#"test_cgi_unescape:SJIS-DoCoMo" = 0.01 s
[214/469] CGIUtilTest#"test_cgi_unescape:TIS-620" = 0.01 s
[215/469] CGIUtilTest#"test_cgi_escape:ISO-8859-10" = 0.01 s
[216/469] CGIUtilTest#"test_cgi_unescapeHTML:IBM862" = 0.01 s
[217/469] CGIUtilTest#"test_cgi_escapeHTML:IBM861" = 0.01 s
[218/469] CGIUtilTest#"test_cgi_escapeHTML:macUkraine" = 0.01 s
[219/469] CGIUtilTest#"test_cgi_unescapeHTML:ISO-8859-8" = 0.06 s
[220/469] CGIUtilTest#"test_cgi_escapeHTML:IBM863" = 0.01 s
[221/469] CGIUtilTest#"test_cgi_unescape:macCroatian" = 0.01 s
[222/469] CGIUtilTest#"test_cgi_escapeHTML:IBM865" = 0.01 s
[223/469] CGIUtilTest#"test_cgi_unescapeHTML:EUC-TW" = 0.01 s
[224/469] CGIUtilTest#"test_cgi_escape:SJIS-SoftBank" = 0.01 s
[225/469] CGIUtilTest#"test_cgi_unescapeHTML:GB1988" = 0.01 s
[226/469] CGIUtilTest#"test_cgi_unescape:KOI8-U" = 0.01 s
[227/469] CGIUtilTest#"test_cgi_unescapeHTML:macThai" = 0.01 s
[228/469] CGIUtilTest#"test_cgi_escapeHTML:IBM737" = 0.01 s
[229/469] CGIUtilTest#"test_cgi_unescape:CESU-8" = 0.01 s
[230/469] CGIUtilTest#"test_cgi_unescapeHTML:macCentEuro" = 0.05 s
[231/469] CGIUtilTest#"test_cgi_escape:ISO-8859-11" = 0.01 s
[232/469] CGIUtilTest#"test_cgi_unescapeHTML:IBM863" = 0.01 s
[233/469] CGIUtilTest#"test_cgi_escapeHTML:macGreek" = 0.01 s
[234/469] CGIUtilTest#"test_cgi_escapeHTML:ISO-8859-16" = 0.01 s
[235/469] CGIUtilTest#"test_cgi_unescapeHTML:UTF-16LE" = 0.03 s
[236/469] CGIUtilTest#"test_cgi_unescapeHTML:ISO-8859-7" = 0.01 s
[237/469] CGIUtilTest#"test_cgi_unescapeHTML:IBM861" = 0.01 s
[238/469] CGIUtilTest#"test_cgi_escape:ISO-8859-13" = 0.01 s
[239/469] CGIUtilTest#"test_cgi_escape:IBM775" = 0.01 s
[240/469] CGIUtilTest#"test_cgi_unescapeHTML:Big5-UAO" = 0.04 s
[241/469] CGIUtilTest#"test_cgi_unescapeHTML:UTF8-SoftBank" = 0.01 s
[242/469] CGIUtilTest#"test_cgi_unescapeHTML:CP950" = 0.01 s
[243/469] CGIUtilTest#"test_cgi_unescape:IBM852" = 0.01 s
[244/469] CGIUtilTest#"test_cgi_escapeHTML:UTF-16BE" = 0.06 s
[245/469] CGIUtilTest#"test_cgi_unescapeHTML:ISO-8859-5" = 0.01 s
[246/469] CGIUtilTest#"test_cgi_escapeHTML:Big5-HKSCS" = 0.01 s
[247/469] CGIUtilTest#"test_cgi_escapeHTML:ISO-8859-14" = 0.01 s
[248/469] CGIUtilTest#test_cgi_escape_html_large = 0.01 s
[249/469] CGIUtilTest#"test_cgi_escape:ISO-8859-15" = 0.01 s
[250/469] CGIUtilTest#"test_cgi_escapeHTML:GB1988" = 0.01 s
[251/469] CGIUtilTest#"test_cgi_unescapeHTML:UTF-8" = 0.01 s
[252/469] CGIUtilTest#test_cgi_escape = 0.01 s
[253/469] CGIUtilTest#"test_cgi_unescape:CP852" = 0.01 s
[254/469] CGIUtilTest#"test_cgi_unescapeHTML:ISO-8859-3" = 0.04 s
[255/469] CGIUtilTest#"test_cgi_escapeHTML:eucJP-ms" = 0.01 s
[256/469] CGIUtilTest#"test_cgi_unescapeHTML:macTurkish" = 0.01 s
[257/469] CGIUtilTest#"test_cgi_escapeHTML:UTF8-MAC" = 0.03 s
[258/469] CGIUtilTest#"test_cgi_unescapeHTML:IBM737" = 0.01 s
[259/469] CGIUtilTest#"test_cgi_unescapeHTML:GB12345" = 0.01 s
[260/469] CGIUtilTest#"test_cgi_unescapeHTML:IBM865" = 0.01 s
[261/469] CGIUtilTest#"test_cgi_escapeHTML:EUC-TW" = 0.01 s
[262/469] CGIUtilTest#test_cgi_unescapeHTML_following_invalid_numeric = 0.01 s
[263/469] CGIUtilTest#test_cgi_include_unescapeHTML = 0.01 s
[264/469] CGIUtilTest#"test_cgi_unescape:IBM437" = 0.01 s
[265/469] CGIUtilTest#test_cgi_unescapeURIComponent = 0.01 s
[266/469] CGIUtilTest#"test_cgi_escapeHTML:ISO-8859-10" = 0.01 s
[267/469] CGIUtilTest#"test_cgi_unescapeHTML:ISO-8859-1" = 0.01 s
[268/469] CGIUtilTest#"test_cgi_unescape:CP850" = 0.01 s
[269/469] CGIUtilTest#"test_cgi_unescape:stateless-ISO-2022-JP-KDDI" = 0.01 s
[270/469] CGIUtilTest#"test_cgi_escape:UTF8-KDDI" = 0.01 s
[271/469] CGIUtilTest#"test_cgi_escapeHTML:GB18030" = 0.01 s
[272/469] CGIUtilTest#"test_cgi_escapeHTML:ISO-2022-JP-KDDI" = 0.02 s
[273/469] CGIUtilTest#test_cgi_unescapeHTML_following_number_sign = 0.01 s
[274/469] CGIUtilTest#"test_cgi_escapeHTML:EUC-JP" = 0.01 s
[275/469] CGIUtilTest#"test_cgi_escapeHTML:IBM866" = 0.01 s
[276/469] CGIUtilTest#test_cgi_unescape_uri_component = 0.01 s
[277/469] CGIUtilTest#test_cgi_escape_html_preserve_encoding = 0.01 s
[278/469] CGIUtilTest#"test_cgi_unescapeHTML:macRoman" = 0.01 s
[279/469] CGIUtilTest#"test_cgi_escapeHTML:EUC-JIS-2004" = 0.01 s
[280/469] CGIUtilTest#"test_cgi_unescape:EUC-JIS-2004" = 0.01 s
[281/469] CGIUtilTest#"test_cgi_escapeHTML:IBM864" = 0.01 s
[282/469] CGIUtilTest#"test_cgi_unescape:GB18030" = 0.01 s
[283/469] CGIUtilTest#"test_cgi_unescapeHTML:IBM869" = 0.01 s
[284/469] CGIUtilTest#"test_cgi_unescapeHTML:stateless-ISO-2022-JP" = 0.01 s
[285/469] CGIUtilTest#"test_cgi_unescape:UTF8-SoftBank" = 0.01 s
[286/469] CGIUtilTest#"test_cgi_escapeHTML:IBM862" = 0.01 s
[287/469] CGIUtilTest#"test_cgi_unescape:KOI8-R" = 0.01 s
[288/469] CGIUtilTest#"test_cgi_unescapeHTML:ISO-8859-9" = 0.01 s
[289/469] CGIUtilTest#"test_cgi_unescape:SJIS-KDDI" = 0.01 s
[290/469] CGIUtilTest#"test_cgi_unescape:macCyrillic" = 0.01 s
[291/469] CGIUtilTest#"test_cgi_escapeHTML:IBM860" = 0.01 s
[292/469] CGIUtilTest#"test_cgi_unescapeHTML:ISO-8859-13" = 0.01 s
[293/469] CGIUtilTest#"test_cgi_unescapeHTML:UTF-16" = 0.02 s
[294/469] CGIUtilTest#"test_cgi_unescapeHTML:EUC-KR" = 0.01 s
[295/469] CGIUtilTest#"test_cgi_escapeHTML:Windows-874" = 0.01 s
[296/469] CGIUtilTest#"test_cgi_unescape:ISO-8859-5" = 0.01 s
[297/469] CGIUtilTest#"test_cgi_escape:ISO-8859-8" = 0.01 s
[298/469] CGIUtilTest#"test_cgi_escape:macCentEuro" = 0.01 s
[299/469] CGIUtilTest#"test_cgi_unescapeHTML:ISO-8859-11" = 0.01 s
[300/469] CGIUtilTest#"test_cgi_unescape:ISO-8859-7" = 0.01 s
[301/469] CGIUtilTest#"test_cgi_unescapeHTML:IBM720" = 0.01 s
[302/469] CGIUtilTest#"test_cgi_unescape:CP51932" = 0.01 s
[303/469] CGIUtilTest#"test_cgi_unescapeHTML:stateless-ISO-2022-JP-KDDI" = 0.01 s
[304/469] CGIUtilTest#"test_cgi_unescape:Windows-31J" = 0.01 s
[305/469] CGIUtilTest#"test_cgi_escapeHTML:US-ASCII" = 0.01 s
[306/469] CGIUtilTest#"test_cgi_unescape:ISO-8859-1" = 0.01 s
[307/469] CGIUtilTest#test_cgi_unescapeHTML_uppercasecharacter = 0.01 s
[308/469] CGIUtilTest#"test_cgi_escape:IBM857" = 0.01 s
[309/469] CGIUtilTest#"test_cgi_unescapeHTML:ISO-8859-15" = 0.01 s
[310/469] CGIUtilTest#test_cgi_unescape_preserve_encoding = 0.01 s
[311/469] CGIUtilTest#"test_cgi_unescape:ISO-8859-3" = 0.01 s
[312/469] CGIUtilTest#"test_cgi_escape:Windows-1258" = 0.01 s
[313/469] CGIUtilTest#"test_cgi_unescape:macTurkish" = 0.01 s
[314/469] CGIUtilTest#"test_cgi_escape:IBM855" = 0.01 s
[315/469] CGIUtilTest#"test_cgi_escapeHTML:CP51932" = 0.01 s
[316/469] CGIUtilTest#"test_cgi_unescapeHTML:CP50221" = 0.02 s
[317/469] CGIUtilTest#"test_cgi_escape:Windows-1256" = 0.01 s
[318/469] CGIUtilTest#"test_cgi_unescapeHTML:UTF-32BE" = 0.03 s
[319/469] CGIUtilTest#"test_cgi_escapeHTML:GB2312" = 0.01 s
[320/469] CGIUtilTest#"test_cgi_escape:Windows-1254" = 0.01 s
[321/469] CGIUtilTest#"test_cgi_escape:CESU-8" = 0.01 s
[322/469] CGIUtilTest#"test_cgi_escape:CP951" = 0.01 s
[323/469] CGIUtilTest#"test_cgi_escape:ISO-8859-2" = 0.01 s
[324/469] CGIUtilTest#"test_cgi_escape:KOI8-U" = 0.01 s
[325/469] CGIUtilTest#"test_cgi_escape:GB12345" = 0.01 s
[326/469] CGIUtilTest#"test_cgi_escapeHTML:Emacs-Mule" = 0.01 s
[327/469] CGIUtilTest#"test_cgi_escape:ASCII-8BIT" = 0.01 s
[328/469] CGIUtilTest#"test_cgi_escapeHTML:UTF-32LE" = 0.02 s
[329/469] CGIUtilTest#"test_cgi_unescape:ISO-8859-9" = 0.01 s
[330/469] CGIUtilTest#"test_cgi_escape:Windows-1252" = 0.01 s
[331/469] CGIUtilTest#"test_cgi_escape:ISO-8859-4" = 0.01 s
[332/469] CGIUtilTest#"test_cgi_unescapeHTML:EUC-JIS-2004" = 0.01 s
[333/469] CGIUtilTest#"test_cgi_unescapeHTML:CP949" = 0.01 s
[334/469] CGIUtilTest#"test_cgi_escape:ISO-8859-6" = 0.01 s
[335/469] CGIUtilTest#"test_cgi_escape:Windows-1250" = 0.01 s
[336/469] CGIUtilTest#"test_cgi_escapeHTML:SJIS-KDDI" = 0.01 s
[337/469] CGIUtilTest#test_cgi_escapeURIComponent_preserve_encoding = 0.01 s
[338/469] CGIUtilTest#"test_cgi_escapeHTML:CP855" = 0.01 s
[339/469] CGIUtilTest#"test_cgi_escape:CP850" = 0.01 s
[340/469] CGIUtilTest#"test_cgi_unescapeHTML:Windows-1252" = 0.01 s
[341/469] CGIUtilTest#"test_cgi_escape:EUC-JIS-2004" = 0.01 s
[342/469] CGIUtilTest#"test_cgi_escapeHTML:CP950" = 0.01 s
[343/469] CGIUtilTest#"test_cgi_escapeHTML:macRoman" = 0.01 s
[344/469] CGIUtilTest#"test_cgi_escape:EUC-TW" = 0.01 s
[345/469] CGIUtilTest#"test_cgi_unescapeHTML:Windows-1250" = 0.01 s
[346/469] CGIUtilTest#"test_cgi_escape:CP852" = 0.01 s
[347/469] CGIUtilTest#"test_cgi_unescape:Emacs-Mule" = 0.01 s
[348/469] CGIUtilTest#"test_cgi_escape:UTF8-DoCoMo" = 0.01 s
[349/469] CGIUtilTest#"test_cgi_escapeHTML:CP50220" = 0.02 s
[350/469] CGIUtilTest#"test_cgi_escape:stateless-ISO-2022-JP-KDDI" = 0.01 s
[351/469] CGIUtilTest#"test_cgi_escape:GB1988" = 0.01 s
[352/469] CGIUtilTest#"test_cgi_unescapeHTML:Windows-1256" = 0.01 s
[353/469] CGIUtilTest#"test_cgi_escapeHTML:IBM775" = 0.01 s
[354/469] CGIUtilTest#"test_cgi_escapeHTML:ISO-8859-9" = 0.01 s
[355/469] CGIUtilTest#"test_cgi_unescapeHTML:macCroatian" = 0.01 s
[356/469] CGIUtilTest#test_cgi_escapeURIComponent_with_invalid_byte_sequence = 0.01 s
[357/469] CGIUtilTest#"test_cgi_unescape:SJIS-SoftBank" = 0.01 s
[358/469] CGIUtilTest#test_cgi_unescapeHTML_invalid = 0.01 s
[359/469] CGIUtilTest#"test_cgi_escapeHTML:UTF-8" = 0.01 s
[360/469] CGIUtilTest#test_cgi_escape_with_invalid_byte_sequence = 0.01 s
[361/469] CGIUtilTest#"test_cgi_unescapeHTML:Windows-1254" = 0.01 s
[362/469] CGIUtilTest#"test_cgi_escape:MacJapanese" = 0.01 s
[363/469] CGIUtilTest#"test_cgi_escape:TIS-620" = 0.01 s
[364/469] CGIUtilTest#"test_cgi_unescapeHTML:Big5-HKSCS" = 0.01 s
[365/469] CGIUtilTest#"test_cgi_escape:IBM860" = 0.01 s
[366/469] CGIUtilTest#"test_cgi_escapeHTML:ISO-8859-5" = 0.01 s
[367/469] CGIUtilTest#"test_cgi_unescapeHTML:UTF-16BE" = 0.03 s
[368/469] CGIUtilTest#"test_cgi_unescapeHTML:SJIS-SoftBank" = 0.01 s
[369/469] CGIUtilTest#"test_cgi_unescapeHTML:SJIS-DoCoMo" = 0.01 s
[370/469] CGIUtilTest#"test_cgi_escapeHTML:Big5-UAO" = 0.01 s
[371/469] CGIUtilTest#"test_cgi_escapeHTML:Windows-31J" = 0.01 s
[372/469] CGIUtilTest#"test_cgi_unescape:EUC-KR" = 0.01 s
[373/469] CGIUtilTest#"test_cgi_escape:IBM862" = 0.01 s
[374/469] CGIUtilTest#"test_cgi_escapeHTML:ISO-8859-7" = 0.01 s
[375/469] CGIUtilTest#"test_cgi_escapeHTML:UTF-16LE" = 0.02 s
[376/469] CGIUtilTest#"test_cgi_unescape:UTF8-KDDI" = 0.01 s
[377/469] CGIUtilTest#"test_cgi_escape:macIceland" = 0.01 s
[378/469] CGIUtilTest#"test_cgi_unescapeHTML:macGreek" = 0.01 s
[379/469] CGIUtilTest#test_cgi_escapeElement = 0.05 s
[380/469] CGIUtilTest#"test_cgi_unescapeHTML:Windows-1258" = 0.01 s
[381/469] CGIUtilTest#"test_cgi_unescape:GBK" = 0.01 s
[382/469] CGIUtilTest#"test_cgi_escapeHTML:ISO-8859-1" = 0.01 s
[383/469] CGIUtilTest#"test_cgi_escape:IBM864" = 0.01 s
[384/469] CGIUtilTest#"test_cgi_unescape:IBM720" = 0.01 s
[385/469] CGIUtilTest#test_cgi_pretty = 0.04 s
[386/469] CGIUtilTest#"test_cgi_escape:SJIS-KDDI" = 0.01 s
[387/469] CGIUtilTest#"test_cgi_unescape:Windows-874" = 0.01 s
[388/469] CGIUtilTest#"test_cgi_unescapeHTML:UTF8-MAC" = 0.01 s
[389/469] CGIUtilTest#"test_cgi_escapeHTML:macTurkish" = 0.01 s
[390/469] CGIUtilTest#"test_cgi_unescapeHTML:eucJP-ms" = 0.01 s
[391/469] CGIUtilTest#"test_cgi_escape:EUC-JP" = 0.01 s
[392/469] CGIUtilTest#"test_cgi_escapeHTML:ISO-8859-3" = 0.01 s
[393/469] CGIUtilTest#"test_cgi_escape:IBM866" = 0.01 s
[394/469] CGIUtilTest#"test_cgi_unescape:Big5" = 0.01 s
[395/469] CGIUtilTest#"test_cgi_unescapeHTML:UTF-32LE" = 0.02 s
[396/469] CGIUtilTest#"test_cgi_escapeHTML:IBM855" = 0.01 s
[397/469] CGIUtilTest#test_cgi_include_unescape = 0.01 s
[398/469] CGIUtilTest#"test_cgi_unescapeHTML:GBK" = 0.01 s
[399/469] CGIUtilTest#"test_cgi_unescapeHTML:Emacs-Mule" = 0.01 s
[400/469] CGIUtilTest#"test_cgi_unescape:macThai" = 0.01 s
[401/469] CGIUtilTest#"test_cgi_unescapeHTML:UTF8-DoCoMo" = 0.01 s
[402/469] CGIUtilTest#"test_cgi_escapeHTML:Windows-1254" = 0.01 s
[403/469] CGIUtilTest#"test_cgi_unescape:Windows-1254" = 0.01 s
[404/469] CGIUtilTest#"test_cgi_escape:macRomania" = 0.01 s
[405/469] CGIUtilTest#"test_cgi_escapeHTML:IBM857" = 0.01 s
[406/469] CGIUtilTest#"test_cgi_escapeHTML:UTF-32BE" = 0.02 s
[407/469] CGIUtilTest#"test_cgi_escape:stateless-ISO-2022-JP" = 0.01 s
[408/469] CGIUtilTest#"test_cgi_escapeHTML:Windows-1256" = 0.01 s
[409/469] CGIUtilTest#"test_cgi_unescape:Windows-1256" = 0.01 s
[410/469] CGIUtilTest#"test_cgi_escapeHTML:macCyrillic" = 0.01 s
[411/469] CGIUtilTest#"test_cgi_escapeHTML:macThai" = 0.01 s
[412/469] CGIUtilTest#"test_cgi_unescape:IBM869" = 0.01 s
[413/469] CGIUtilTest#"test_cgi_unescape:Windows-1250" = 0.01 s
[414/469] CGIUtilTest#"test_cgi_unescapeHTML:MacJapanese" = 0.01 s
[415/469] CGIUtilTest#"test_cgi_escapeHTML:Windows-1250" = 0.01 s
[416/469] CGIUtilTest#"test_cgi_unescapeHTML:KOI8-R" = 0.01 s
[417/469] CGIUtilTest#"test_cgi_unescape:Windows-1252" = 0.01 s
[418/469] CGIUtilTest#"test_cgi_escape:macCroatian" = 0.01 s
[419/469] CGIUtilTest#"test_cgi_escapeHTML:Windows-1252" = 0.01 s
[420/469] CGIUtilTest#"test_cgi_unescape:IBM863" = 0.01 s
[421/469] CGIUtilTest#"test_cgi_unescape:stateless-ISO-2022-JP" = 0.01 s
[422/469] CGIUtilTest#test_cgi_escape_html_dont_freeze = 0.01 s
[423/469] CGIUtilTest#"test_cgi_unescapeHTML:TIS-620" = 0.01 s
[424/469] CGIUtilTest#test_cgi_escapeHTML = 0.01 s
[425/469] CGIUtilTest#"test_cgi_unescapeHTML:UTF-32" = 0.02 s
[426/469] CGIUtilTest#"test_cgi_unescape:IBM861" = 0.01 s
[427/469] CGIUtilTest#test_cgi_include_escapeHTML = 0.01 s
[428/469] CGIUtilTest#"test_cgi_escapeHTML:UTF8-KDDI" = 0.01 s
[429/469] CGIUtilTest#"test_cgi_unescape:Big5-HKSCS" = 0.01 s
[430/469] CGIUtilTest#"test_cgi_escape:SJIS-DoCoMo" = 0.01 s
[431/469] CGIUtilTest#"test_cgi_unescapeHTML:Shift_JIS" = 0.01 s
[432/469] CGIUtilTest#"test_cgi_escape:macUkraine" = 0.01 s
[433/469] CGIUtilTest#"test_cgi_unescape:ISO-8859-10" = 0.01 s
[434/469] CGIUtilTest#"test_cgi_unescapeHTML:IBM852" = 0.01 s
[435/469] CGIUtilTest#"test_cgi_escapeHTML:Windows-1258" = 0.01 s
[436/469] CGIUtilTest#"test_cgi_unescape:Windows-1258" = 0.01 s
[437/469] CGIUtilTest#"test_cgi_escapeHTML:KOI8-U" = 0.01 s
[438/469] CGIUtilTest#"test_cgi_unescape:CP951" = 0.01 s
[439/469] CGIUtilTest#"test_cgi_unescape:IBM737" = 0.01 s
[440/469] CGIUtilTest#"test_cgi_unescape:ISO-8859-16" = 0.01 s
[441/469] CGIUtilTest#"test_cgi_unescapeHTML:CP855" = 0.01 s
[442/469] CGIUtilTest#"test_cgi_escapeHTML:CESU-8" = 0.01 s
[443/469] CGIUtilTest#test_cgi_include_escape = 0.01 s
[444/469] CGIUtilTest#"test_cgi_escape:GB2312" = 0.01 s
[445/469] CGIUtilTest#"test_cgi_unescapeHTML:IBM437" = 0.01 s
[446/469] CGIUtilTest#"test_cgi_unescapeHTML:US-ASCII" = 0.01 s
[447/469] CGIUtilTest#"test_cgi_unescape:IBM865" = 0.01 s
[448/469] CGIUtilTest#"test_cgi_unescape:ISO-8859-14" = 0.01 s
[449/469] CGIUtilTest#"test_cgi_escapeHTML:CP949" = 0.01 s
[450/469] CGIUtilTest#"test_cgi_unescapeHTML:IBM037" = 0.02 s
[451/469] CGIUtilTest#"test_cgi_unescapeHTML:ISO-2022-JP" = 0.02 s
[452/469] CGICoreTest#test_cgi_core_params_encoding_check = 0.06 s
[453/469] CGICoreTest#test_cgi_core_cookie = 0.04 s
[454/469] CGICoreTest#test_cgi_core_params_POST = 0.03 s
[455/469] CGICoreTest#test_cgi_core_htmltype_header = 0.09 s
[456/469] CGICoreTest#test_cgi_core_params_GET = 0.04 s
[457/469] CGICoreTest#test_cgi_core_environs = 0.09 s
[458/469] CGICoreTest#test_cgi_core_out = 0.04 s
[459/469] CGICoreTest#test_cgi_core_print = 0.01 s
[460/469] CGICoreTest#test_cgi_parse_illegal_query = 0.03 s
[461/469] CGIMultipartTest#test_cgi_multipart_maxmultipartcount = 3.20 s
[462/469] CGIMultipartTest#test_cgi_multipart_maxmultipartlength_lambda = 0.11 s
[463/469] CGIMultipartTest#test_cgi_multipart_quoteboundary = 0.11 s
[464/469] CGIMultipartTest#test_cgi_multipart_boundary_10240 = 0.09 s
[465/469] CGIMultipartTest#test_cgi_multipart_tempfile = 1.02 s
[466/469] CGIMultipartTest#test_cgi_multipart_without_tempfile = 3.59 s
[467/469] CGIMultipartTest#test_cgi_multipart_badbody = 0.20 s
[468/469] CGIMultipartTest#test_cgi_multipart_stringio = 0.19 s
[469/469] CGIMultipartTest#test_cgi_multipart_maxmultipartlength = 0.10 s
Finished tests in 65.849282s, 7.1223 tests/s, 29.8257 assertions/s.
469 tests, 1964 assertions, 0 failures, 0 errors, 0 skips

ruby -v: ruby 3.4.5 (2025-09-02 revision 71fe9338d2) +PRISM [riscv64-freebsd]
root@cheribsd-riscv64-purecap:~/ruby-3.4.5/build #
