WARNING: INVARIANTS kernel option defined, expect reduced performance
WARNING: WITNESS kernel option defined, expect reduced performance
WARNING: capability revocation enabled by default, this may affect performance
+ kind=smb
+ ls -A /nfsroot
+ [ -n '' ]
+ [ smb '=' smb ]
+ mkdir -p /nfsroot
+ mount_smbfs -I 10.0.2.4 -N //10.0.2.4/rootfs /nfsroot
+ ls -A /outputroot
+ [ -n '' ]
+ mkdir -p /outputroot
+ mount_smbfs -I 10.0.2.4 -N //10.0.2.4/output_root /outputroot
+ test -L /nfsroot-nocheri
+ test -L /nfsroot-hybrid
+ test -L /nfsroot-purecap
+ test -L /rootfs
root@cheribsd-riscv64-purecap:~ # cd ruby-3.4.5/build
root@cheribsd-riscv64-purecap:~/ruby-3.4.5/build # ./miniruby -I../lib -I. -I.ext/common  ../tool/ru
nruby.rb --extout=.ext  -- --disable-gems -r../tool/lib/_tmpdir \
> "../test/runner.rb" --ruby="./miniruby -I../lib -I. -I.ext/common  ../tool/runruby.rb --extout=.ex
t  -- --disable-gems" \
> --excludes-dir=../test/.excludes --name=!/memory_leak/ ../test/ruby/ --timeout-scale 10 --worker-t
imeout=1000 -v
Run options:
  --seed=54672
  "--ruby=./miniruby -I../lib -I. -I.ext/common  ../tool/runruby.rb --extout=.ext  -- --disable-gems
"
  --excludes-dir=../test/.excludes
  --name=!/memory_leak/
  --timeout-scale
  10
  --worker-timeout=1000
  -v

# Running tests:

[    1/10490] TestStruct::SubStruct#test_deconstruct_keys = 0.06 s
[    2/10490] TestStruct::SubStruct#test_aset = 0.07 s
[    3/10490] TestStruct::SubStruct#test_each_pair = 0.02 s
[    4/10490] TestStruct::SubStruct#test_redefinition_warning = 0.03 s
[    5/10490] TestStruct::SubStruct#test_ref = 0.02 s
[    6/10490] TestStruct::SubStruct#test_public_send = 0.01 s
[    7/10490] TestStruct::SubStruct#test_dig = 0.01 s
[    8/10490] TestStruct::SubStruct#test_hash = 0.01 s
[    9/10490] TestStruct::SubStruct#test_to_h_block = 0.02 s
[   10/10490] TestStruct::SubStruct#test_attrset_id = 0.01 s
[   11/10490] TestStruct::SubStruct#test_initialize_with_kw = 0.02 s
[   12/10490] TestStruct::SubStruct#test_comparison_when_recursive = 0.07 s
[   13/10490] TestStruct::SubStruct#test_to_h = 0.01 s
[   14/10490] TestStruct::SubStruct#test_parameters = 0.02 s
[   15/10490] TestStruct::SubStruct#test_equal = 0.02 s
[   16/10490] TestStruct::SubStruct#test_overridden_aref = 0.03 s
[   17/10490] TestStruct::SubStruct#test_inherit = 0.01 s
[   18/10490] TestStruct::SubStruct#test_big_struct = 0.03 s
[   19/10490] TestStruct::SubStruct#test_small_structs = 0.05 s
[   20/10490] TestStruct::SubStruct#test_eql = 0.01 s
[   21/10490] TestStruct::SubStruct#test_struct = 0.02 s
[   22/10490] TestStruct::SubStruct#test_keyword_args_warning = 0.06 s
[   23/10490] TestStruct::SubStruct#test_values_at = 0.02 s
[   24/10490] TestStruct::SubStruct#test_nonascii = 0.03 s
[   25/10490] TestStruct::SubStruct#test_larger_than_largest_pool = 0.11 s
[   26/10490] TestStruct::SubStruct#test_struct_new_with_keyword_init = 0.04 s
[   27/10490] TestStruct::SubStruct#test_inspect = 0.04 s
[   28/10490] TestStruct::SubStruct#test_setter_method_returns_value = 0.01 s
[   29/10490] TestStruct::SubStruct#test_struct_new_with_hash = 0.03 s
[   30/10490] TestStruct::SubStruct#test_members = 0.01 s
[   31/10490] TestStruct::SubStruct#test_struct_new_with_keyword_init_and_block = 0.01 s
[   32/10490] TestStruct::SubStruct#test_named_structs_are_not_rooted = 102.06 s
[   33/10490] TestStruct::SubStruct#test_set = 0.02 s
[   34/10490] TestStruct::SubStruct#test_bang_mark_in_member = 0.02 s
[   35/10490] TestStruct::SubStruct#test_struct_keyword_init_p = 0.02 s
[   36/10490] TestStruct::SubStruct#test_struct_new = 0.03 s
[   37/10490] TestStruct::SubStruct#test_new_duplicate = 0.03 s
[   38/10490] TestStruct::SubStruct#test_initialize = 0.02 s
[   39/10490] TestStruct::SubStruct#test_aref = 0.06 s
[   40/10490] TestStruct::SubStruct#test_size = 0.01 s
[   41/10490] TestStruct::SubStruct#test_select = 0.02 s
[   42/10490] TestStruct::SubStruct#test_frozen_subclass = 0.02 s
[   43/10490] TestStruct::SubStruct#test_arity = 0.02 s
[   44/10490] TestStruct::SubStruct#test_overridden_aset = 0.04 s
[   45/10490] TestStruct::SubStruct#test_init_copy = 0.02 s
[   46/10490] TestStruct::SubStruct#test_each = 0.01 s
[   47/10490] TestStruct::SubStruct#test_error = 0.01 s
[   48/10490] TestStruct::SubStruct#test_junk = 0.02 s
[   49/10490] TestStruct::SubStruct#test_filter = 0.02 s
[   50/10490] TestStruct::SubStruct#test_question_mark_in_member = 0.02 s
[   51/10490] TestStruct::SubStruct#test_morethan10members = 0.17 s
[   52/10490] TestNoMethodError#test_new_name_args = 0.03 s
[   53/10490] TestNoMethodError#test_new_name = 0.01 s
[   54/10490] TestNoMethodError#test_to_s = 0.02 s
[   55/10490] TestNoMethodError#test_new_name_args_priv = 0.02 s
[   56/10490] TestNoMethodError#test_message_encoding = 0.03 s
[   57/10490] TestNoMethodError#test_new_default = 0.01 s
[   58/10490] TestNoMethodError#test_new_receiver = 0.06 s
[   59/10490] TestNoMethodError#test_new_message = 0.01 s
[   60/10490] Random::Formatter::TestClassMethods#test_hex_encoding = 0.02 s
[   61/10490] Random::Formatter::TestClassMethods#test_uuid_v7 = 0.35 s
[   62/10490] Random::Formatter::TestClassMethods#test_base64 = 0.04 s
[   63/10490] Random::Formatter::TestClassMethods#test_random_number_float_by_zero = 0.22 s
[   64/10490] Random::Formatter::TestClassMethods#test_alphanumeric_chars = 0.14 s
[   65/10490] Random::Formatter::TestClassMethods#test_random_bytes = 0.07 s
[   66/10490] Random::Formatter::TestClassMethods#test_random_number_float = 0.21 s
[   67/10490] Random::Formatter::TestClassMethods#test_alphanumeric = 0.58 s
[   68/10490] Random::Formatter::TestClassMethods#test_uuid = 0.02 s
[   69/10490] Random::Formatter::TestClassMethods#test_urlsafe_base64 = 0.25 s
[   70/10490] Random::Formatter::TestClassMethods#test_alphanumeric_frozen = 0.02 s
[   71/10490] Random::Formatter::TestClassMethods#test_hex = 0.10 s
[   72/10490] Random::Formatter::TestClassMethods#test_random_number_int = 0.15 s
[   73/10490] TestDefaultGems#test_validate_gemspec = 20.06 s
[   74/10490] TestAlias#test_cyclic_zsuper = 0.02 s
[   75/10490] TestAlias#test_alias_inspect = 0.04 s
[   76/10490] TestAlias#test_zsuper_alias_visibility = 0.01 s
[   77/10490] TestAlias#test_alias_in_module = 11.61 s
[   78/10490] TestAlias#test_alias = 0.04 s
[   79/10490] TestAlias#test_alias_method_equation = 0.01 s
[   80/10490] TestAlias#test_send_alias = 0.01 s
[   81/10490] TestAlias#test_special_const_alias = 0.02 s
[   82/10490] TestAlias#test_alias_complemented_method = 2.50 s
[   83/10490] TestAlias#test_alias_with_zsuper_method = 0.03 s
[   84/10490] TestAlias#test_nonexistmethod = 0.02 s
[   85/10490] TestAlias#test_super_in_aliased_module_method = 0.02 s
[   86/10490] TestAlias#test_alias_class_method_added = 0.03 s
[   87/10490] TestAlias#test_alias_suppressing_redefinition = 2.42 s
[   88/10490] TestAlias#test_alias_wb_miss = 12.65 s
[   89/10490] TestAlias#test_alias_module_method_added = 0.02 s
[   90/10490] TestCall#test_call_bmethod_proc_restarg = 0.02 s
[   91/10490] TestCall#test_call_proc_large_array_splat_with_large_number_of_parameters = 0.59 s
[   92/10490] TestCall#test_call_lambda_large_array_splat_pass = 0.03 s
[   93/10490] TestCall#test_call_splat_post_order = 0.01 s
[   94/10490] TestCall#test_call_attr_writer_large_array_splat_fail = 0.03 s
[   95/10490] TestCall#test_call_method_missing_bmethod_large_array_splat_fail = 0.08 s
[   96/10490] TestCall#test_call_zsuper_large_array_splat = 0.05 s
[   97/10490] TestCall#test_call_rb_call_iseq_large_array_splat_fail = 0.29 s
[   98/10490] TestCall#test_call_method_missing_iseq_large_array_splat_fail = 0.08 s
[   99/10490] TestCall#test_kwsplat_block_order_op_asgn = 0.14 s
[  100/10490] TestCall#test_call_splat_block_order = 0.01 s
[  101/10490] TestCall#test_safe_call_evaluate_arguments_only_method_call_is_made = 0.02 s
[  102/10490] TestCall#test_call_struct_aset_large_array_splat_fail = 0.02 s
[  103/10490] TestCall#test_safe_call_block_call = 0.02 s
[  104/10490] TestCall#test_call_send_iseq_large_array_splat_with_large_number_of_parameters = 0.32
s
[  105/10490] TestCall#test_call_ifunc_iseq_large_array_splat_pass = 0.06 s
[  106/10490] TestCall#test_call_send_iseq_large_array_splat_pass = 0.03 s
[  107/10490] TestCall#test_call_yield_block_large_array_splat_pass = 0.04 s
[  108/10490] TestCall#test_call_refined_large_array_splat_pass = 0.01 s
[  109/10490] TestCall#test_call_yield_large_array_splat_with_large_number_of_parameters = 0.50 s
[  110/10490] TestCall#test_call_send_cfunc_large_array_splat_pass = 0.01 s
[  111/10490] TestCall#test_frozen_splat_and_keywords = 0.01 s
[  112/10490] TestCall#test_call_rb_call_bmethod_large_array_splat_pass = 0.05 s
[  113/10490] TestCall#test_call_bmethod_large_array_splat_fail = 0.32 s
[  114/10490] TestCall#test_call_struct_aref_large_array_splat_fail = 0.02 s
[  115/10490] TestCall#test_call_iseq_large_array_splat_pass = 0.03 s
[  116/10490] TestCall#test_call_symproc_large_array_splat_fail = 0.33 s
[  117/10490] TestCall#test_kwsplat_block_order_super = 0.02 s
[  118/10490] TestCall#test_call_alias_large_array_splat = 0.05 s
[  119/10490] TestCall#test_call_yield_lambda_large_array_splat_fail = 0.27 s
[  120/10490] TestCall#test_call_op_asgn_keywords = 3.62 s
[  121/10490] TestCall#test_kwsplat_block_order = 0.02 s
[  122/10490] TestCall#test_call_lambda_large_array_splat_fail = 0.24 s
[  123/10490] TestCall#test_call_bmethod_proc = 0.01 s
[  124/10490] TestCall#test_call_splat_kw_order = 0.01 s
[  125/10490] TestCall#test_call_cfunc_splat_large_array_bug_4040 = 85.41 s
[  126/10490] TestCall#test_safe_call_block_command = 0.01 s
[  127/10490] TestCall#test_call_method_missing_bmethod_large_array_splat_pass = 0.02 s
[  128/10490] TestCall#test_call_rb_call_iseq_large_array_splat_pass = 0.19 s
[  129/10490] TestCall#test_call_method_missing_iseq_large_array_splat_pass = 0.01 s
[  130/10490] TestCall#test_call_proc_large_array_splat_pass = 0.04 s
[  131/10490] TestCall#test_call_attr_reader_large_array_splat_fail = 0.02 s
[  132/10490] TestCall#test_kwsplat_block_eval_order = 0.01 s
[  133/10490] TestCall#test_call_op_asgn_keywords_mutable = 0.04 s
[  134/10490] TestCall#test_call_send_iseq_large_array_splat_fail = 0.36 s
[  135/10490] TestCall#test_call_ifunc_iseq_large_array_splat_fail = 0.28 s
[  136/10490] TestCall#test_call_args_splat_with_pos_arg_kw_splat_is_not_mutable = 0.01 s
[  137/10490] TestCall#test_call_send_cfunc_large_array_splat_fail = 0.02 s
[  138/10490] TestCall#test_call_refined_large_array_splat_fail = 0.04 s
[  139/10490] TestCall#test_call = 0.04 s
[  140/10490] TestCall#test_invalid_safe_call = 0.01 s
[  141/10490] TestCall#test_call_args_splat_with_nonhash_keyword_splat = 0.01 s
[  142/10490] TestCall#test_safe_call_block_call_brace = 0.01 s
[  143/10490] TestCall#test_call_bmethod_large_array_splat_pass = 0.06 s
[  144/10490] TestCall#test_callinfo = 0.04 s
[  145/10490] TestCall#test_call_splat_kw_splat_order = 0.01 s
[  146/10490] TestCall#test_call_rb_call_bmethod_large_array_splat_fail = 0.26 s
[  147/10490] TestCall#test_call_symproc_large_array_splat_pass = 0.04 s
[  148/10490] TestCall#test_call_iseq_large_array_splat_fail = 0.28 s
[  149/10490] TestCall#test_safe_call = 0.02 s
[  150/10490] TestCall#test_call_yield_lambda_large_array_splat_pass = 0.03 s
[  151/10490] TestCall#test_call_iseq_large_array_splat_with_large_number_of_parameters = 0.31 s
[  152/10490] TestCall#test_safe_call_block_call_command = 0.01 s
[  153/10490] TestRubyYield#test_ary_each = 0.02 s
[  154/10490] TestRubyYield#test_yield2 = 0.01 s
[  155/10490] TestRubyYield#test_hash_each = 0.01 s
[  156/10490] TestRubyYield#test_with_enum = 0.01 s
[  157/10490] TestRubyYield#test_yield_1 = 0.02 s
[  158/10490] TestRubyYield#test_yield_0 = 0.01 s
[  159/10490] TestRubyYield#test_block_args_unleashed = 0.01 s
[  160/10490] TestRubyYield#test_yield_nested = 0.01 s
[  161/10490] TestMethodCache#test_undef_with_subclasses_complicated = 0.02 s
[  162/10490] TestMethodCache#test_negative_cache_with_and_without_subclasses = 0.02 s
[  163/10490] TestMethodCache#test_undef_with_subclasses = 0.01 s
[  164/10490] TestMethodCache#test_undef = 0.01 s
[  165/10490] TestStack#test_machine_stack_size = 45.41 s
[  166/10490] TestStack#test_vm_stack_size = 89.03 s
[  167/10490] TestStack#test_relative_stack_sizes = 29.73 s
[  168/10490] TestNameError#test_info_method_missing = 0.04 s
[  169/10490] TestNameError#test_new_name = 0.01 s
[  170/10490] TestNameError#test_info_local_variables = 0.02 s
[  171/10490] TestNameError#test_info_const = 0.02 s
[  172/10490] TestNameError#test_info_const_name = 0.02 s
[  173/10490] TestNameError#test_info_parent_iseq_mark = 27.33 s
[  174/10490] TestNameError#test_new_default = 0.01 s
[  175/10490] TestNameError#test_new_receiver = 0.02 s
[  176/10490] TestNameError#test_new_message = 0.01 s
[  177/10490] TestNameError#test_large_receiver_inspect = 0.03 s
[  178/10490] TestNameError#test_info_method = 0.03 s
[  179/10490] TestIterator#test_assoc_yield = 0.04 s
[  180/10490] TestIterator#test_argument = 0.06 s
[  181/10490] TestIterator#test_block_passing = 0.01 s
[  182/10490] TestIterator#test_array_for_masgn = 0.02 s
[  183/10490] TestIterator#test_yield_vs_call = 0.01 s
[  184/10490] TestIterator#test_iter_test2 = 0.01 s
[  185/10490] TestIterator#test_itertest = 0.06 s
[  186/10490] TestIterator#test_break_from_enum = 0.01 s
[  187/10490] TestIterator#test_collect = 0.01 s
[  188/10490] TestIterator#test_return2 = 0.01 s
[  189/10490] TestIterator#test_array = 0.01 s
[  190/10490] TestIterator#test_block_given_within_iterator = 0.01 s
[  191/10490] TestIterator#test_proc_return2 = 0.01 s
[  192/10490] TestIterator#test_yield_at_toplevel = 11.58 s
[  193/10490] TestIterator#test_marity = 0.02 s
[  194/10490] TestIterator#test_break = 0.01 s
[  195/10490] TestIterator#test_return_trace_func = 6.23 s
[  196/10490] TestIterator#test_enumerator = 0.05 s
[  197/10490] TestIterator#test_break__nested_loop2 = 0.01 s
[  198/10490] TestIterator#test_block_argument_without_paren = 0.01 s
[  199/10490] TestIterator#test_append_method_to_built_in_class = 0.02 s
[  200/10490] TestIterator#test_block_given = 0.01 s
[  201/10490] TestIterator#test_break__nested_loop3 = 0.01 s
[  202/10490] TestIterator#test_break__nested_loop1 = 0.01 s
[  203/10490] TestIterator#test_ljump = 0.02 s
[  204/10490] TestIterator#test_block = 0.01 s
[  205/10490] TestIterator#test_return1 = 0.01 s
[  206/10490] TestIterator#test_proc_return1 = 0.01 s
[  207/10490] TestIterator#test_get_block = 0.09 s
[  208/10490] TestIterator#test_proc = 0.01 s
[  209/10490] TestIterator#test_nested_iterator = 0.01 s
[  210/10490] TestIterator#test_iter4 = 0.01 s
[  211/10490] TestIOTimeout#test_timeout_puts = 0.03 s
[  212/10490] TestIOTimeout#test_timeout_read_exception = 0.02 s
[  213/10490] TestIOTimeout#test_timeout_gets_exception = 0.01 s
[  214/10490] TestIOTimeout#test_timeout_attribute = 0.01 s
[  215/10490] TestVariable#test_setting_class_variable_on_module_through_inheritance = 0.04 s
[  216/10490] TestVariable#test_set_class_variable_on_frozen_object = 0.03 s
[  217/10490] TestVariable#test_cvar_overtaken_by_module = 0.04 s
[  218/10490] TestVariable#test_local_variables2 = 0.01 s
[  219/10490] TestVariable#test_external_ivars = 0.01 s
[  220/10490] TestVariable#test_local_variables = 0.01 s
[  221/10490] TestVariable#test_local_variables_with_kwarg = 0.01 s
[  222/10490] TestVariable#test_include_refined_module_class_variable = 0.02 s
[  223/10490] TestVariable#test_cloned_classes_copy_cvar_cache = 0.01 s
[  224/10490] TestVariable#test_global_variable_0 = 2.54 s
[  225/10490] TestVariable#test_local_variables_encoding = 0.02 s
[  226/10490] TestVariable#test_constant_popped = 0.02 s
[  227/10490] TestVariable#test_special_constant_ivars = 0.17 s
[  228/10490] TestVariable#test_cvar_overtaken_by_parent_class = 0.05 s
[  229/10490] TestVariable#test_global_variable_popped = 0.01 s
[  230/10490] TestVariable#test_global_variables = 0.05 s
[  231/10490] TestVariable#test_many_instance_variables = 5.72 s
[  232/10490] TestVariable#test_variable = 22.19 s
[  233/10490] TestVariable#test_singleton_class_included_class_variable = 0.05 s
[  234/10490] TestVariable#test_cloned_allows_setting_cvar = 0.02 s
[  235/10490] TestVariable#test_local_variables3 = 0.01 s
[  236/10490] TestVariable#test_shadowing_local_variables = 0.01 s
[  237/10490] TestVariable#test_svar_with_ifunc = 0.07 s
[  238/10490] TestVariable#test_shadowing_block_local_variables = 0.01 s
[  239/10490] TestVariable#test_exivar_resize_with_compaction_stress = 286.70 s
[  240/10490] TestHashOnly#test_bad_initialize_copy = 0.02 s
[  241/10490] TestHashOnly#test_AREF_fstring_key_default_proc = 11.64 s
[  242/10490] TestHashOnly#test_ar2st_lookup = 0.03 s
[  243/10490] TestHashOnly#test_ruby2_keywords_hash? = 0.02 s
[  244/10490] TestHashOnly#test_NEWHASH_fstring_key = 0.01 s
[  245/10490] TestHashOnly#test_initialize_wrong_arguments = 0.01 s
[  246/10490] TestHashOnly#test_iterlevel_in_ivar_bug19589 = 0.25 s
[  247/10490] TestHashOnly#test_symbol_hash_random = 22.43 s
[  248/10490] TestHashOnly#test_replace_st_with_ar = 0.01 s
[  249/10490] TestHashOnly#test_wrapper = 0.04 s
[  250/10490] TestHashOnly#test_compare_by_identity_during_iteration = 0.01 s
[  251/10490] TestHashOnly#test_select_reject_will_not_rehash = 0.02 s
[  252/10490] TestHashOnly#test_ar2st_delete = 0.02 s
[  253/10490] TestHashOnly#test_ar2st_insert = 0.02 s
[  254/10490] TestHashOnly#test_label_syntax = 0.03 s
[  255/10490] TestHashOnly#test_hash_aset_fstring_identity = 0.01 s
[  256/10490] TestHashOnly#test_any_hash_fixable = 240.64 s
[  257/10490] TestHashOnly#test_string_hash_random = 16.80 s
[  258/10490] TestHashOnly#test_broken_hash_value = 1146.39 s
[  259/10490] TestHashOnly#test_ASET_fstring_non_literal_key = 0.03 s
[  260/10490] TestHashOnly#test_ar_to_st_reserved_value = 0.03 s
[  261/10490] TestHashOnly#test_bug_21357 = 0.01 s
[  262/10490] TestHashOnly#test_hash_aref_fstring_identity = 0.01 s
[  263/10490] TestHashOnly#test_dup_will_not_rehash = 0.02 s
[  264/10490] TestHashOnly#test_AREF_fstring_key = 1.00 s
[  265/10490] TestHashOnly#test_ASET_fstring_key = 0.01 s
[  266/10490] TestHashOnly#test_replace_bug15358 = 4.02 s
[  267/10490] TestHashOnly#test_try_convert = 0.02 s
[  268/10490] TestHashOnly#test_nil_to_h = 0.02 s
[  269/10490] TestHashOnly#test_ruby2_keywords_hash = 0.02 s
[  270/10490] TestHashOnly#test_integer_hash_random = 41.47 s
[  271/10490] TestHashOnly#test_bug_12706 = 0.03 s
[  272/10490] TestHashOnly#test_ar_hash_to_st_hash = 23.73 s
[  273/10490] TestHashOnly#test_float_hash_random = 44.25 s
[  274/10490] TestHashOnly#test_memory_size_after_delete = 0.33 s
[  275/10490] TestHashOnly#test_reserved_hash_val = 0.03 s
[  276/10490] TestStringchar#test_dump = 37.02 s
[  277/10490] TestStringchar#test_string = 0.06 s
[  278/10490] TestStringchar#test_char = 0.47 s
[  279/10490] TestStringchar#test_bang = 0.02 s
[  280/10490] TestString#test_grapheme_clusters = 1.06 s
[  281/10490] TestString#test_str_new4 = 0.04 s
[  282/10490] TestString#test_ord = 0.02 s
[  283/10490] TestString#test_upcase2 = 0.01 s
[  284/10490] TestString#test_MUL = 0.01 s
[  285/10490] TestString#test_delete_suffix_bang_clear_coderange = 0.01 s
[  286/10490] TestString#test_tr! = 0.03 s
[  287/10490] TestString#test_delete_suffix_bang_newline = 0.01 s
[  288/10490] TestString#test_intern = 0.01 s
[  289/10490] TestString#test_split = 0.05 s
[  290/10490] TestString#test_delete_suffix_newline = 0.01 s
[  291/10490] TestString#test_lines = 0.02 s
[  292/10490] TestString#test_strip! = 0.02 s
[  293/10490] TestString#test_delete_prefix_type_error = 0.02 s
[  294/10490] TestString#test_delete_prefix_bang_clear_coderange = 0.01 s
[  295/10490] TestString#test_uplus_minus = 0.03 s
[  296/10490] TestString#test_split_encoding = 0.17 s
[  297/10490] TestString#test_succ = 0.04 s
[  298/10490] TestString#test_empty? = 0.01 s
[  299/10490] TestString#test_inspect_nul = 0.01 s
[  300/10490] TestString#test_scan_gc_compact_stress = 248.95 s
[  301/10490] TestString#test_split_invalid_sequence = 0.01 s
[  302/10490] TestString#test_delete! = 0.03 s
[  303/10490] TestString#test_byteslice = 0.03 s
[  304/10490] TestString#test_capitalize = 0.01 s
[  305/10490] TestString#test_eq_tilde_can_be_overridden = 11.60 s
[  306/10490] TestString#test_clear_nonasciicompat = 0.06 s
[  307/10490] TestString#test_hash = 0.02 s
[  308/10490] TestString#test_tr_s = 0.02 s
[  309/10490] TestString#test_concat_literals = 0.01 s
[  310/10490] TestString#test_lstrip_bang = 0.02 s
[  311/10490] TestString#test_match_p_regexp = 0.03 s
[  312/10490] TestString#test_gsub = 0.03 s
[  313/10490] TestString#test_inspect_next_line = 0.01 s
[  314/10490] TestString#test_gsub! = 0.03 s
[  315/10490] TestString#test_each_char = 0.02 s
[  316/10490] TestString#test_lstrip = 0.01 s
[  317/10490] TestString#test_strip = 0.02 s
[  318/10490] TestString#test_reverse = 0.01 s
[  319/10490] TestString#test_VERY_EQUAL = 0.01 s
[  320/10490] TestString#test_downcase2 = 0.01 s
[  321/10490] TestString#test_byterindex = 0.14 s
[  322/10490] TestString#test_delete_prefix_clear_coderange = 0.01 s
[  323/10490] TestString#test_delete_suffix_clear_coderange = 0.01 s
[  324/10490] TestString#test_sub = 0.10 s
[  325/10490] TestString#test_times = 0.01 s
[  326/10490] TestString#test_downcase = 0.02 s
[  327/10490] TestString#test_string_interpolations_across_heaps_get_embedded = 0.02 s
[  328/10490] TestString#test_split_lookbehind = 0.01 s
[  329/10490] TestString#test_match_method = 0.02 s
[  330/10490] TestString#test_prepend = 0.02 s
[  331/10490] TestString#test_AREF_invalid_encoding = 0.01 s
[  332/10490] TestString#test_dummy_inspect = 0.02 s
[  333/10490] TestString#test_squeeze = 0.01 s
[  334/10490] TestString#test_squeeze! = 0.02 s
[  335/10490] TestString#test_eql? = 0.01 s
[  336/10490] TestString#test_append_bytes_into_binary = 0.02 s
[  337/10490] TestString#test_chilled_string_substring = 0.02 s
[  338/10490] TestString#test_PLUS = 0.01 s
[  339/10490] TestString#test_slice! = 0.06 s
[  340/10490] TestString#test_unpack = 0.10 s
[  341/10490] TestString#test_capitalize! = 0.03 s
[  342/10490] TestString#test_delete = 0.03 s
[  343/10490] TestString#test_insert = 0.02 s
[  344/10490] TestString#test_swapcase = 0.01 s
[  345/10490] TestString#test_count = 0.03 s
[  346/10490] TestString#test_dump = 0.02 s
[  347/10490] TestString#test_next! = 0.03 s
[  348/10490] TestString#test_ivar_set_after_frozen_dup = 0.02 s
[  349/10490] TestString#test_sub! = 0.02 s
[  350/10490] TestString#test_oct = 0.01 s
[  351/10490] TestString#test_split_with_block = 0.06 s
[  352/10490] TestString#test_delete_prefix_argument_conversion = 0.01 s
[  353/10490] TestString#test_crypt = 5.13 s
[  354/10490] TestString#test_match_p_string = 0.04 s
[  355/10490] TestString#test_chomp = 0.05 s
[  356/10490] TestString#test_to_f = 0.02 s
[  357/10490] TestString#test_each_grapheme_cluster = 58.94 s
[  358/10490] TestString#test_rindex = 0.12 s
[  359/10490] TestString#test_to_str = 0.02 s
[  360/10490] TestString#test_append_bytes_into_utf32 = 0.02 s
[  361/10490] TestString#test_upcase = 0.02 s
[  362/10490] TestString#test_sub_hash = 0.02 s
[  363/10490] TestString#test_delete_prefix = 0.02 s
[  364/10490] TestString#test_MOD = 0.02 s
[  365/10490] TestString#test_rb_str_new4 = 0.01 s
[  366/10490] TestString#test_delete_prefix_bang_frozen_error = 0.05 s
[  367/10490] TestString#test_scan = 0.03 s
[  368/10490] TestString#test_chr = 0.01 s
[  369/10490] TestString#test_delete_suffix_argument_conversion = 0.01 s
[  370/10490] TestString#test_split_wchar = 0.04 s
[  371/10490] TestString#test_ASET = 0.08 s
[  372/10490] TestString#test_byteindex = 0.29 s
[  373/10490] TestString#test_ljust = 0.01 s
[  374/10490] TestString#test_clear = 0.01 s
[  375/10490] TestString#test_delete_suffix_type_error = 0.02 s
[  376/10490] TestString#test_uminus_frozen = 0.01 s
[  377/10490] TestString#test_gsub_gc_compact_stress = 234.76 s
[  378/10490] TestString#test_chars = 0.01 s
[  379/10490] TestString#test_substr_code_range = 0.01 s
[  380/10490] TestString#test_dup = 0.01 s
[  381/10490] TestString#test_to_s_2 = 0.01 s
[  382/10490] TestString#test_each_codepoint = 0.02 s
[  383/10490] TestString#test_each_byte = 0.02 s
[  384/10490] TestString#test_AREF_underflow = 0.02 s
[  385/10490] TestString#test_chilled_string = 0.02 s
[  386/10490] TestString#test_gsub_bang_gc_compact_stress = 230.07 s
[  387/10490] TestString#test_chop! = 0.02 s
[  388/10490] TestString#test_tr_s! = 0.02 s
[  389/10490] TestString#test_substr_negative_begin = 0.01 s
[  390/10490] TestString#test_nesting_shared_b = 12.94 s
[  391/10490] TestString#test_replace = 0.03 s
[  392/10490] TestString#test_split_invalid_argument = 0.01 s
[  393/10490] TestString#test_center = 0.01 s
[  394/10490] TestString#test_nesting_shared = 12.94 s
[  395/10490] TestString#test_rb_str_to_str = 0.01 s
[  396/10490] TestString#test_times2 = 0.13 s
[  397/10490] TestString#test_append_bytes_into_utf8 = 0.02 s
[  398/10490] TestString#test_sub_gc_compact_stress = 319.33 s
[  399/10490] TestString#test_rstrip = 0.03 s
[  400/10490] TestString#test_gsub_hash = 0.02 s
[  401/10490] TestString#test_to_s = 0.01 s
[  402/10490] TestString#test_upto_nonalnum = 0.03 s
[  403/10490] TestString#test_delete_suffix_bang_broken_encoding = 0.01 s
[  404/10490] TestString#test_byteslice_grapheme_clusters = 0.01 s
[  405/10490] TestString#test_shared_force_encoding = 0.02 s
[  406/10490] TestString#test_s_new = 0.04 s
[  407/10490] TestString#test_delete_suffix = 0.02 s
[  408/10490] TestString#test_bytes = 0.02 s
[  409/10490] TestString#test_concat = 0.02 s
[  410/10490] TestString#test_end_with? = 0.02 s
[  411/10490] TestString#test_slice = 0.04 s
[  412/10490] TestString#test_bytesplice = 0.15 s
[  413/10490] TestString#test_respond_to = 0.01 s
[  414/10490] TestString#test_delete_prefix_bang_broken_encoding = 0.01 s
[  415/10490] TestString#test_splice! = 0.01 s
[  416/10490] TestString#test_codepoints = 0.02 s
[  417/10490] TestString#test_LSHIFT_neary_long_maxSep  3 04:42:36 cheribsd-riscv64-purecap kernel:
Failed to write core file for process ruby (error 4)
 = 229.93 s
[  418/10490] TestString#test_split_dupped = 0.02 s
[  419/10490] TestString#test_mod_check = 0.02 s
[  420/10490] TestString#test_chilled_string_setivar = 0.03 s
[  421/10490] TestString#test_next = 0.03 s
[  422/10490] TestString#test_gsub_encoding = 0.02 s
[  423/10490] TestString#test_delete_suffix_bang_frozen_error = 0.05 s
[  424/10490] TestString#test_sum_long = 6.65 s
[  425/10490] TestString#test_undump = 2.16 s
[  426/10490] TestString#test_upto = 0.72 s
[  427/10490] TestString#test_MATCH = 0.02 s
[  428/10490] TestString#test_undump_gc_compact_stress = 264.69 s
[  429/10490] TestString#test_try_convert = 0.01 s
[  430/10490] TestString#test_to_id = 0.02 s
[  431/10490] TestString#test_delete_prefix_broken_encoding = 0.02 s
[  432/10490] TestString#test_delete_suffix_broken_encoding = 0.01 s
[  433/10490] TestString#test_upto_numeric = 0.05 s
[  434/10490] TestString#test_scan_segv = 0.89 s
[  435/10490] TestString#test_initialize = 0.06 s
[  436/10490] TestString#test_delete_prefix_bang_argument_conversion = 0.01 s
[  437/10490] TestString#test_to_i = 0.14 s
[  438/10490] TestString#test_size = 0.01 s
[  439/10490] TestString#test_initialize_nonstring = 0.01 s
[  440/10490] TestString#test_rpartition = 0.19 s
[  441/10490] TestString#test_CMP = 0.02 s
[  442/10490] TestString#test_rjust = 0.01 s
[  443/10490] TestString#test_reverse! = 0.01 s
[  444/10490] TestString#test_swapcase! = 0.01 s
[  445/10490] TestString#test_casecmp = 0.02 s
[  446/10490] TestString#test_upcase! = 0.02 s
[  447/10490] TestString#test_start_with_regexp = 0.01 s
[  448/10490] TestString#test_LSHIFT = 0.04 s
[  449/10490] TestString#test_partition = 0.19 s
[  450/10490] TestString#test_fs_setter = 11.66 s
[  451/10490] TestString#test_gsub_enumerator = 0.02 s
[  452/10490] TestString#test_each_line = 0.04 s
[  453/10490] TestString#test_hex = 0.02 s
[  454/10490] TestString#test_frozen_check = 0.02 s
[  455/10490] TestString#test_clone = 0.02 s
[  456/10490] TestString#test_regexp_match_subclass = 0.01 s
[  457/10490] TestString#test_include? = 0.02 s
[  458/10490] TestString#test_casecmp? = 0.02 s
[  459/10490] TestString#test_succ! = 0.05 s
[  460/10490] TestString#test_AREF = 0.06 s
[  461/10490] TestString#test_sum_2 = 0.11 s
[  462/10490] TestString#test_sum = 0.01 s
[  463/10490] TestString#test_fs = 11.97 s
[  464/10490] TestString#test_ascii_incomat_inspect = 0.06 s
[  465/10490] TestString#test_rstrip_bang = 0.05 s
[  466/10490] TestString#test_index = 0.13 s
[  467/10490] TestString#test_downcase! = 0.02 s
[  468/10490] TestString#test_initialize_shared = 0.01 s
[  469/10490] TestString#test_delete_suffix_bang_argument_conversion = 0.01 s
[  470/10490] TestString#test_chop = 0.02 s
[  471/10490] TestString#test_length = 0.01 s
[  472/10490] TestString#test_each = 0.02 s
[  473/10490] TestString#test_chomp! = 0.11 s
[  474/10490] TestString#test_delete_prefix_bang_type_error = 0.02 s
[  475/10490] TestString#test_delete_suffix_bang_type_error = 0.02 s
[  476/10490] TestString#test_delete_suffix_bang = 0.02 s
[  477/10490] TestString#test_tr = 0.03 s
[  478/10490] TestString#test_unknown_string_option = 0.01 s
[  479/10490] TestString#test_EQUAL = 0.02 s
[  480/10490] TestString#test_delete_prefix_bang = 0.02 s
[  481/10490] TestString#test_uminus_no_freeze_not_bare = 0.02 s
[  482/10490] TestString#test_each_line_chomp = 0.05 s
[  483/10490] TestString#test_rb_str_shared_replace = 0.01 s
[  484/10490] TestString#test_start_with? = 0.02 s
[  485/10490] TestPath#test_extname = 0.04 s
[  486/10490] TestPath#test_dirname = 0.05 s
[  487/10490] TestPath#test_join = 0.13 s
[  488/10490] TestPath#test_basename = 0.05 s
[  489/10490] TestPath#test_path = 0.04 s
[  490/10490] TestPath#test_ascii_incompatible_path = 0.03 s
[  491/10490] TestClass#test_s_inherited = 0.02 s
[  492/10490] TestClass#test_redefinition_mismatch = 11.70 s
[  493/10490] TestClass#test_superclass_of_basicobject = 11.58 s
[  494/10490] TestClass#test_superclass = 0.02 s
[  495/10490] TestClass#test_attached_object = 0.09 s
[  496/10490] TestClass#test_invalid_next_from_class_definition = 0.04 s
[  497/10490] TestClass#test_singleton_class_message = 0.02 s
[  498/10490] TestClass#test_uninitialized = 0.05 s
[  499/10490] TestClass#test_class_cmp = 0.02 s
[  500/10490] TestClass#test_assign_frozen_class_to_const = 0.02 s
[  501/10490] TestClass#test_cloned_class = 0.02 s
[  502/10490] TestClass#test_subclass_gc = 487.16 s
[  503/10490] TestClass#test_append_features = 0.01 s
[  504/10490] TestClass#test_singleton_class_of_frozen_object = 0.02 s
[  505/10490] TestClass#test_clone_singleton_class_exists = 0.02 s
[  506/10490] TestClass#test_singleton_class = 2.77 s
[  507/10490] TestClass#test_00_new_basic = 0.02 s
[  508/10490] TestClass#test_method_redefinition = 0.06 s
[  509/10490] TestClass#test_invalid_redo_from_class_definition = 0.04 s
[  510/10490] TestClass#test_visibility_inside_method = 0.03 s
[  511/10490] TestClass#test_private_const_access = 0.04 s
[  512/10490] TestClass#test_invalid_yield_from_class_definition = 0.02 s
[  513/10490] TestClass#test_singleton_class_p = 0.04 s
[  514/10490] TestClass#test_module_function = 0.01 s
[  515/10490] TestClass#test_singleton_class_should_has_own_namespace = 0.06 s
[  516/10490] TestClass#test_initialize_copy = 0.02 s
[  517/10490] TestClass#test_invalid_break_from_class_definition = 0.03 s
[  518/10490] TestClass#test_constant_access_from_method_in_cloned_class = 0.01 s
[  519/10490] TestClass#test_nonascii_name = 0.03 s
[  520/10490] TestClass#test_invalid_retry_from_class_definition = 0.04 s
[  521/10490] TestClass#test_nested_class_removal = 10.28 s
[  522/10490] TestClass#test_class_initialize = 0.02 s
[  523/10490] TestClass#test_check_inheritable = 0.07 s
[  524/10490] TestClass#test_invalid_reset_superclass = 0.06 s
[  525/10490] TestClass#test_s_new = 0.02 s
[  526/10490] TestClass#test_subclass_gc_stress = 526.05 s
[  527/10490] TestClass#test_01_new_inherited = 0.01 s
[  528/10490] TestClass#test_module_specific_methods = 0.02 s
[  529/10490] TestClass#test_cloned_singleton_method_added = 0.02 s
[  530/10490] TestClass#test_invalid_superclass = 0.10 s
[  531/10490] TestClass#test_prepend_features = 0.01 s
[  532/10490] TestClass#test_extend_object = 0.01 s
[  533/10490] TestClass#test_clone_when_singleton_class_of_singleton_class_exists = 0.02 s
[  534/10490] TestClass#test_namescope_error_message = 0.03 s
[  535/10490] TestClass#test_redefine_private_class = 0.03 s
[  536/10490] TestClass#test_instantiate_singleton_class = 0.01 s
[  537/10490] TestClass#test_clone_when_method_exists_on_singleton_class_of_singleton_class = 0.02 s
[  538/10490] TestClass#test_clone = 0.01 s
[  539/10490] TestClass#test_instance_freeze_dont_freeze_the_class_bug_19164 = 0.01 s
[  540/10490] TestClass#test_freeze_to_s = 0.01 s
[  541/10490] TestClass#test_cannot_reinitialize_class_with_initialize_copy = 2.57 s
[  542/10490] TestClass#test_should_not_expose_singleton_class_without_metaclass = 19.96 s
[  543/10490] TestClass#test_invalid_return_from_class_definition = 0.07 s
[  544/10490] TestClass#test_subclasses = 1.11 s
[  545/10490] TestGCCompact::AutoCompact#test_implicit_compaction_does_something = 30.08 s
[  546/10490] TestGCCompact::AutoCompact#test_disable_autocompact = 0.01 s
[  547/10490] TestGCCompact::AutoCompact#test_enable_autocompact = 0.01 s
[  548/10490] TestGCCompact::AutoCompact#test_major_compacts = 8.36 s
[  549/10490] TestComparable#test_ge = 0.02 s
[  550/10490] TestComparable#test_clamp_with_range = 0.05 s
[  551/10490] TestComparable#test_le = 0.02 s
[  552/10490] TestComparable#test_between = 0.01 s
[  553/10490] TestComparable#test_equal = 0.03 s
[  554/10490] TestComparable#test_clamp = 0.02 s
[  555/10490] TestComparable#test_no_cmp = 0.01 s
[  556/10490] TestComparable#test_gt = 0.01 s
[  557/10490] TestComparable#test_err = 0.03 s
[  558/10490] TestComparable#test_lt = 0.01 s
[  559/10490] TestComparable#test_inversed_compare = 0.01 s
[  560/10490] TestEval#test_instance_exec_eval_method_definition = 0.03 s
[  561/10490] TestEval#test_eval_binding_basic = 0.07 s
[  562/10490] TestEval#test_instance_eval_block_self = 0.01 s
[  563/10490] TestEval#test_fstring_instance_eval = 0.01 s
[  564/10490] TestEval#test_instance_eval_on_argf_singleton_class = 0.01 s
[  565/10490] TestEval#test_define_method_block = 0.01 s
[  566/10490] TestEval#test_eval_orig = 0.15 s
[  567/10490] TestEval#test_eval_basic = 0.07 s
[  568/10490] TestEval#test_gced_binding_block = 29.17 s
[  569/10490] TestEval#test_module_eval_string_basic = 0.11 s
[  570/10490] TestEval#test_instance_eval_block_basic = 0.11 s
[  571/10490] TestEval#test_module_eval_block_basic = 0.03 s
[  572/10490] TestEval#test_eval_location_fstring = 0.02 s
[  573/10490] TestEval#test_instance_eval_method_proc = 0.02 s
[  574/10490] TestEval#test_module_eval_block_symbol = 0.01 s
[  575/10490] TestEval#test_define_method_toplevel = 0.02 s
[  576/10490] TestEval#test_instance_eval_block_symbol = 0.02 s
[  577/10490] TestEval#test_instance_eval_string_basic = 0.40 s
[  578/10490] TestEval#test_instance_exec_method_definition = 0.02 s
[  579/10490] TestEval#test_nil_instance_eval_cvar = 0.03 s
[  580/10490] TestEval#test_instance_exec_cvar = 0.02 s
[  581/10490] TestEval#test_file_encoding = 0.02 s
[  582/10490] TestEval#test_fixnum_instance_eval_cvar = 0.02 s
[  583/10490] TestEval#test_eval_location_binding = 0.03 s
[  584/10490] TestEval#test_eval_and_define_method = 0.02 s
[  585/10490] TestEval#test_instance_eval_method = 0.02 s
[  586/10490] TestEval#test_return_in_eval_lambda = 0.01 s
[  587/10490] TestEval#test_eval_with_toplevel_binding = 9.91 s
[  588/10490] TestEval#test_instance_exec_block_basic = 0.11 s
[  589/10490] TestEval#test_instance_eval_cvar = 0.06 s
[  590/10490] TestEval#test_return_in_eval_proc = 0.02 s
[  591/10490] TestEval#test_eval_using_integer_as_binding = 0.01 s
[  592/10490] TestEval#test_eval_ascii_incompatible = 0.03 s
[  593/10490] TestEval#test_cvar_scope_with_instance_eval = 0.02 s
[  594/10490] TestEval#test_eval_raise = 0.02 s
[  595/10490] TestEval#test_eval_invalid_block_exit_bug_20597 = 0.03 s
[  596/10490] TestEval#test_outer_local_variable_under_gc_compact_stress = 117.47 s
[  597/10490] TestEval#test_gced_eval_location = 0.12 s
[  598/10490] TestEval#test_instance_eval_const = 0.02 s
[  599/10490] TestParse#test_arg = 0.06 s
[  600/10490] TestParse#test_dstr_disallowed_variable = 0.05 s
[  601/10490] TestParse#test_op_asgn1_with_block = 0.07 s
[  602/10490] TestParse#test_float = 0.08 s
[  603/10490] TestParse#test_rescue_in_command_assignment = 0.08 s
[  604/10490] TestParse#test_symbol = 0.18 s
[  605/10490] TestParse#test_unexpected_token_error = 0.04 s
[  606/10490] TestParse#test_method_block_location = 0.04 s
[  607/10490] TestParse#test_command_def_cmdarg = 0.02 s
[  608/10490] TestParse#test_pow_asgn = 0.01 s
[  609/10490] TestParse#test_heredoc_unterminated_interpolation = 0.05 s
[  610/10490] TestParse#test_location_of_invalid_token = 0.04 s
[  611/10490] TestParse#test_set_backref = 0.03 s
[  612/10490] TestParse#test_if_after_class = 0.04 s
[  613/10490] TestParse#test_unclosed_unicode_escape_at_eol_bug_19750 = 11.78 s
[  614/10490] TestParse#test_carrige_return = 0.02 s
[  615/10490] TestParse#test_parse_string = 0.04 s
[  616/10490] TestParse#test_shareable_constant_value_nonliteral = 0.06 s
[  617/10490] TestParse#test_heredoc_interpolation = 0.01 s
[  618/10490] TestParse#test_shareable_constant_value_simple = 0.06 s
[  619/10490] TestParse#test_parsing_begin_statement_inside_method_definition = 0.06 s
[  620/10490] TestParse#test_unexpected_eof = 0.04 s
[  621/10490] TestParse#test_unassignable = 0.26 s
[  622/10490] TestParse#test_invalid_char = 2.54 s
[  623/10490] TestParse#test_invalid_instance_variable = 0.07 s
[  624/10490] TestParse#test_bad_arg = 0.15 s
[  625/10490] TestParse#test_invalid_class_variable = 0.06 s
[  626/10490] TestParse#test_literal_in_conditional = 0.06 s
[  627/10490] TestParse#test_else_without_rescue = 0.05 s
[  628/10490] TestParse#test_block_variable = 0.02 s
[  629/10490] TestParse#test_void_value_in_rhs = 0.31 s
[  630/10490] TestParse#test_words = 0.04 s
[  631/10490] TestParse#test_file_in_indented_heredoc = 0.01 s
[  632/10490] TestParse#test_arg2 = 0.11 s
[  633/10490] TestParse#test_no_blockarg = 0.04 s
[  634/10490] TestParse#test_string = 0.67 s
[  635/10490] TestParse#test_mlhs_node = 0.03 s
[  636/10490] TestParse#test_duplicate_argument = 0.09 s
[  637/10490] TestParse#test_dsym = 0.02 s
[  638/10490] TestParse#test_nonascii_constant = 0.62 s
[  639/10490] TestParse#test_escaped_space = 0.04 s
[  640/10490] TestParse#test_disallowed_class_variable = 0.11 s
[  641/10490] TestParse#test_unterminated_regexp_error = 0.04 s
[  642/10490] TestParse#test_block_call_colon2 = 0.02 s
[  643/10490] TestParse#test_question = 0.52 s
[  644/10490] TestParse#test_cdmarg_after_command_args_and_tlbrace_arg = 0.02 s
[  645/10490] TestParse#test_shareable_constant_value_unfrozen = 0.03 s
[  646/10490] TestParse#test_class_module = 0.08 s
[  647/10490] TestParse#test_dstr = 0.02 s
[  648/10490] TestParse#test_shareable_constant_value_hash_with_keyword_splat = 0.02 s
[  649/10490] TestParse#test_utf8_bom = 0.02 s
[  650/10490] TestParse#test_shareable_constant_value_nested = 0.02 s
[  651/10490] TestParse#test_named_capture_in_block = 0.07 s
[  652/10490] TestParse#test_unused_variable = 0.09 s
[  653/10490] TestParse#test_label = 0.05 s
[  654/10490] TestParse#test_eof = 0.02 s
[  655/10490] TestParse#test_xstring = 0.33 s
[  656/10490] TestParse#test_assign_in_conditional = 23.63 s
[  657/10490] TestParse#test_serial_comparison = 0.03 s
[  658/10490] TestParse#test_error_line = 0.08 s
[  659/10490] TestParse#test_define_singleton_error = 0.23 s
[  660/10490] TestParse#test_do_lambda = 0.02 s
[  661/10490] TestParse#test_magic_comment = 0.08 s
[  662/10490] TestParse#test_global_variable = 0.08 s
[  663/10490] TestParse#test_literal_concat = 0.02 s
[  664/10490] TestParse#test_embedded_rd_error = 0.06 s
[  665/10490] TestParse#test_block_dup = 0.04 s
[  666/10490] TestParse#test_dynamic_constant_assignment = 0.14 s
[  667/10490] TestParse#test_eof_in_def = 0.10 s
[  668/10490] TestParse#test_dot_in_next_line = 0.01 s
[  669/10490] TestParse#test_void_expr_stmts_value = 0.14 s
[  670/10490] TestParse#test_call_method = 0.03 s
[  671/10490] TestParse#test_backquote = 0.03 s
[  672/10490] TestParse#test_op_name = 0.01 s
[  673/10490] TestParse#test_named_capture_conflict = 0.03 s
[  674/10490] TestParse#test_shadowing_private_local_variable = 0.02 s
[  675/10490] TestParse#test_alias_backref = 0.04 s
[  676/10490] TestParse#test_no_shadowing_variable_warning = 0.61 s
[  677/10490] TestParse#test_whitespace_warning = 0.16 s
[  678/10490] TestParse#test_here_document = 0.13 s
[  679/10490] TestParse#test_lparenarg = 0.02 s
[  680/10490] TestParse#test_command_call = 0.13 s
[  681/10490] TestParse#test_percent = 0.16 s
[  682/10490] TestParse#test_disallowed_gloal_variable = 0.07 s
[  683/10490] TestParse#test_shareable_constant_value_ignored = 0.02 s
[  684/10490] TestParse#test_truncated_source_line = 0.04 s
[  685/10490] TestParse#test_negative_line_number = 0.32 s
[  686/10490] TestParse#test_method_location_in_rescue = 0.01 s
[  687/10490] TestParse#test_embedded_rd = 0.03 s
[  688/10490] TestParse#test_error_def_in_argument = 11.71 s
[  689/10490] TestParse#test_yyerror_at_eol = 0.07 s
[  690/10490] TestParse#test_flip_flop = 0.19 s
[  691/10490] TestParse#test_unexpected_token_after_numeric = 0.15 s
[  692/10490] TestParse#test_shareable_constant_value_invalid = 0.02 s
[  693/10490] TestParse#test_disallowed_instance_variable = 0.07 s
[  694/10490] TestParse#test_shareable_constant_value_literal_const_refs = 0.02 s
[  695/10490] TestParse#test_ungettable_gvar = 0.39 s
[  696/10490] TestParse#test_nonascii_const_set = 0.49 s
[  697/10490] TestParse#test_shareable_constant_value_unshareable_literal = 46.86 s
[  698/10490] TestUTF32#test_utf32le_valid_encoding = 0.05 s
[  699/10490] TestUTF32#test_substr = 0.02 s
[  700/10490] TestUTF32#test_code_to_mbc = 0.01 s
[  701/10490] TestUTF32#test_mbc_len = 0.02 s
[  702/10490] TestUTF32#test_mbc_to_code = 0.01 s
[  703/10490] TestUTF32#test_utf32be_valid_encoding = 0.04 s
[  704/10490] TestUTF32#test_mbc_newline = 0.05 s
[  705/10490] TestUTF32#test_mbc_case_fold = 0.03 s
[  706/10490] Prism::TestCompilePrism#test_RestParameterNode = 0.07 s
[  707/10490] Prism::TestCompilePrism#test_GlobalVariableReadNode = 0.04 s
[  708/10490] Prism::TestCompilePrism#test_ClassVariableTargetNode = 0.06 s
[  709/10490] Prism::TestCompilePrism#test_WhileNode = 0.17 s
[  710/10490] Prism::TestCompilePrism#test_LocalVariableReadNode = 0.03 s
[  711/10490] Prism::TestCompilePrism#test_BlockParametersNode = 0.16 s
[  712/10490] Prism::TestCompilePrism#test_break_runs_ensure = 0.06 s
[  713/10490] Prism::TestCompilePrism#test_ArrayNode = 0.51 s
[  714/10490] Prism::TestCompilePrism#test_GlobalVariableWriteNode = 0.03 s
[  715/10490] Prism::TestCompilePrism#test_GlobalVariableOperatorWriteNode = 0.04 s
[  716/10490] Prism::TestCompilePrism#test_StatementsNode = 0.03 s
[  717/10490] Prism::TestCompilePrism#test_LocalVariableWriteNode = 0.13 s
[  718/10490] Prism::TestCompilePrism#test_NoKeywordsParameterNode = 0.07 s
[  719/10490] Prism::TestCompilePrism#test_RedoNode = 0.15 s
[  720/10490] Prism::TestCompilePrism#test_PreExecutionNode = 0.04 s
[  721/10490] Prism::TestCompilePrism#test_keyword_method_params_with_splat = 0.06 s
[  722/10490] Prism::TestCompilePrism#test_InstanceVariableWriteNode = 0.04 s
[  723/10490] Prism::TestCompilePrism#test_ForwardingArgumentsNode = 0.16 s
[  724/10490] Prism::TestCompilePrism#test_keyword_method_params_only = 0.05 s
[  725/10490] Prism::TestCompilePrism#test_InstanceVariableOperatorWriteNode = 0.03 s
[  726/10490] Prism::TestCompilePrism#test_repeated_required_keyword_underscore = 0.09 s
[  727/10490] Prism::TestCompilePrism#test_forward_parameters_block = 0.04 s
[  728/10490] Prism::TestCompilePrism#test_MultiTargetNode = 0.32 s
[  729/10490] Prism::TestCompilePrism#test_StringNode = 0.05 s
[  730/10490] Prism::TestCompilePrism#test_ConstantPathTargetNode = 11.71 s
[  731/10490] Prism::TestCompilePrism#test_repeated_splat_underscore = 0.08 s
[  732/10490] Prism::TestCompilePrism#test_repeated_kw_rest_underscore = 0.05 s
[  733/10490] Prism::TestCompilePrism#test_ForNode = 0.26 s
[  734/10490] Prism::TestCompilePrism#test_ConstantTargetNode = 0.02 s
[  735/10490] Prism::TestCompilePrism#test_repeated_required_underscore = 0.05 s
[  736/10490] Prism::TestCompilePrism#test_IntegerNode = 0.19 s
[  737/10490] Prism::TestCompilePrism#test_star_parameters = 0.05 s
[  738/10490] Prism::TestCompilePrism#test_GlobalVariableOrWriteNode = 0.03 s
[  739/10490] Prism::TestCompilePrism#test_LocalVariableAndWriteNode = 0.04 s
[  740/10490] Prism::TestCompilePrism#test_RescueNode = 0.57 s
[  741/10490] Prism::TestCompilePrism#test_InterpolatedXStringNode = 0.08 s
[  742/10490] Prism::TestCompilePrism#test_concatenated_StringNode = 0.06 s
[  743/10490] Prism::TestCompilePrism#test_method_parameters = 0.18 s
[  744/10490] Prism::TestCompilePrism#test_FindPatternNode = 14.80 s
[  745/10490] Prism::TestCompilePrism#test_repeated_method_params = 0.04 s
[  746/10490] Prism::TestCompilePrism#test_ConstantAndWriteNode = 0.04 s
[  747/10490] Prism::TestCompilePrism#test_ConstantPathOperatorWriteNode = 0.07 s
[  748/10490] Prism::TestCompilePrism#test_SuperNode = 0.14 s
[  749/10490] Prism::TestCompilePrism#test_pow_parameters = 0.04 s
[  750/10490] Prism::TestCompilePrism#test_KeywordRestParameterNode = 0.12 s
[  751/10490] Prism::TestCompilePrism#test_ImaginaryNode = 0.07 s
[  752/10490] Prism::TestCompilePrism#test_repeated_block_underscore = 0.05 s
[  753/10490] Prism::TestCompilePrism#test_encoding = 0.06 s
[  754/10490] Prism::TestCompilePrism#test_HashPatternNode = 2.34 s
[  755/10490] Prism::TestCompilePrism#test_ConstantWriteNode = 0.01 s
[  756/10490] Prism::TestCompilePrism#test_InterpolatedMatchLastLineNode = 0.04 s
[  757/10490] Prism::TestCompilePrism#test_CallOrWriteNode = 0.27 s
[  758/10490] Prism::TestCompilePrism#test_ClassVariableAndWriteNode = 0.04 s
[  759/10490] Prism::TestCompilePrism#test_SingletonClassNode = 0.03 s
[  760/10490] Prism::TestCompilePrism#test_BlockLocalVariableNode = 0.09 s
[  761/10490] Prism::TestCompilePrism#test_PinnedVariableNode = 0.17 s
[  762/10490] Prism::TestCompilePrism#test_positional_with_splat_and_keyword_method_params = 0.06 s
[  763/10490] Prism::TestCompilePrism#test_trailing_keyword_method_params = 0.05 s
[  764/10490] Prism::TestCompilePrism#test_HashNode = 0.22 s
[  765/10490] Prism::TestCompilePrism#test_ImplicitNode = 0.03 s
[  766/10490] Prism::TestCompilePrism#test_leading_splat_and_keyword_method_params = 0.05 s
[  767/10490] Prism::TestCompilePrism#test_CaseNode = 0.44 s
[  768/10490] Prism::TestCompilePrism#test_LocalVariableTargetNode = 0.07 s
[  769/10490] Prism::TestCompilePrism#test_SourceLineNode = 0.02 s
[  770/10490] Prism::TestCompilePrism#test_AssocSplatNode = 0.25 s
[  771/10490] Prism::TestCompilePrism#test_AlternationPatternNode = 0.11 s
[  772/10490] Prism::TestCompilePrism#test_iseq_has_node_id = 0.05 s
[  773/10490] Prism::TestCompilePrism#test_InterpolatedStringNode = 0.20 s
[  774/10490] Prism::TestCompilePrism#test_ClassVariableOrWriteNode = 0.08 s
[  775/10490] Prism::TestCompilePrism#test_PinnedExpressionNode = 0.03 s
[  776/10490] Prism::TestCompilePrism#test_RescueModifierNode = 0.18 s
[  777/10490] Prism::TestCompilePrism#test_ensure_in_methods = 0.06 s
[  778/10490] Prism::TestCompilePrism#test_BlockNode = 0.51 s
[  779/10490] Prism::TestCompilePrism#test_GlobalVariableAndWriteNode = 0.03 s
[  780/10490] Prism::TestCompilePrism#test_ReturnNode = 0.23 s
[  781/10490] Prism::TestCompilePrism#test_AssocNode = 0.04 s
[  782/10490] Prism::TestCompilePrism#test_BreakNode = 6.84 s
[  783/10490] Prism::TestCompilePrism#test_MissingNode = 0.01 s
[  784/10490] Prism::TestCompilePrism#test_parse_file = 1.01 s
[  785/10490] Prism::TestCompilePrism#test_ConstantOperatorWriteNode = 0.04 s
[  786/10490] Prism::TestCompilePrism#test_RequiredParameterNode = 0.07 s
[  787/10490] Prism::TestCompilePrism#test_LocalVariableOrWriteNode = 0.03 s
[  788/10490] Prism::TestCompilePrism#test_OptionalKeywordParameterNode = 0.09 s
[  789/10490] Prism::TestCompilePrism#test_SplatNode = 0.33 s
[  790/10490] Prism::TestCompilePrism#test_TrueNode = 0.03 s
[  791/10490] Prism::TestCompilePrism#test_OrNode = 0.06 s
[  792/10490] Prism::TestCompilePrism#test_positional_and_splat_keyword_method_params = 0.06 s
[  793/10490] Prism::TestCompilePrism#test_BeginNode = 0.05 s
[  794/10490] Prism::TestCompilePrism#test_ParametersNode = 0.08 s
[  795/10490] Prism::TestCompilePrism#test_InterpolatedRegularExpressionNode = 0.13 s
[  796/10490] Prism::TestCompilePrism#test_ClassVariableReadNode = 0.05 s
[  797/10490] Prism::TestCompilePrism#test_EmbeddedStatementsNode = 0.03 s
[  798/10490] Prism::TestCompilePrism#test_BlockArgumentNode = 0.09 s
[  799/10490] Prism::TestCompilePrism#test_ParenthesesNode = 0.05 s
[  800/10490] Prism::TestCompilePrism#test_LambdaNode_with_multiline_args = 0.04 s
[  801/10490] Prism::TestCompilePrism#test_repeated_proc_params = 0.05 s
[  802/10490] Prism::TestCompilePrism#test_positional_with_splat_and_splat_keyword_method_params = 0
.07 s
[  803/10490] Prism::TestCompilePrism#test_ArrayPatternNode = 3.23 s
[  804/10490] Prism::TestCompilePrism#test_splat_params_with_no_lefties = 0.04 s
[  805/10490] Prism::TestCompilePrism#test_locals_in_parameters = 0.05 s
[  806/10490] Prism::TestCompilePrism#test_forward_parameters = 0.05 s
[  807/10490] Prism::TestCompilePrism#test_OptionalParameterNode = 0.04 s
[  808/10490] Prism::TestCompilePrism#test_repeated_block_params = 0.06 s
[  809/10490] Prism::TestCompilePrism#test_MultiWriteNode = 1.11 s
[  810/10490] Prism::TestCompilePrism#test_MatchPredicateNode = 0.68 s
[  811/10490] Prism::TestCompilePrism#test_GlobalVariableTargetNode = 0.03 s
[  812/10490] Prism::TestCompilePrism#test_XStringNode = 0.05 s
[  813/10490] Prism::TestCompilePrism#test_StringNode_frozen_string_literal_true = 0.04 s
[  814/10490] Prism::TestCompilePrism#test_ClassVariableWriteNode = 0.04 s
[  815/10490] Prism::TestCompilePrism#test_FowardingParameterNode = 0.04 s
[  816/10490] Prism::TestCompilePrism#test_UndefNode = 0.12 s
[  817/10490] Prism::TestCompilePrism#test_PostExecutionNode = 0.21 s
[  818/10490] Prism::TestCompilePrism#test_RationalNode = 0.05 s
[  819/10490] Prism::TestCompilePrism#test_RangeNode = 0.59 s
[  820/10490] Prism::TestCompilePrism#test_ConstantReadNode = 0.03 s
[  821/10490] Prism::TestCompilePrism#test_EmbeddedVariableNode = 0.10 s
[  822/10490] Prism::TestCompilePrism#test_KeywordHashNode = 0.03 s
[  823/10490] Prism::TestCompilePrism#test_RegularExpressionNode = 0.45 s
[  824/10490] Prism::TestCompilePrism#test_YieldNode = 0.17 s
[  825/10490] Prism::TestCompilePrism#test_ClassNode = 0.39 s
[  826/10490] Prism::TestCompilePrism#test_ConstantPathAndWriteNode = 0.19 s
[  827/10490] Prism::TestCompilePrism#test_LambdaNode = 0.04 s
[  828/10490] Prism::TestCompilePrism#test_SymbolNode = 0.18 s
[  829/10490] Prism::TestCompilePrism#test_RequiredKeywordParameterNode = 0.21 s
[  830/10490] Prism::TestCompilePrism#test_DefNode = 2.49 s
[  831/10490] Prism::TestCompilePrism#test_UnlessNode = 0.10 s
[  832/10490] Prism::TestCompilePrism#test_InstanceVariableReadNode = 0.04 s
[  833/10490] Prism::TestCompilePrism#test_ConstantOrWriteNode = 0.04 s
[  834/10490] Prism::TestCompilePrism#test_ForwardingSuperNode = 0.30 s
[  835/10490] Prism::TestCompilePrism#test_EnsureNode = 1.06 s
[  836/10490] Prism::TestCompilePrism#test_positional_and_splat_method_params = 0.06 s
[  837/10490] Prism::TestCompilePrism#test_rescue_with_ensure = 0.29 s
[  838/10490] Prism::TestCompilePrism#test_required_kwarg_ordering = 0.05 s
[  839/10490] Prism::TestCompilePrism#test_CaseMatchNode = 0.56 s
[  840/10490] Prism::TestCompilePrism#test_NextNode = 0.58 s
[  841/10490] Prism::TestCompilePrism#test_MatchLastLineNode = 0.37 s
[  842/10490] Prism::TestCompilePrism#test_StringNode_frozen_string_literal_default = 6.56 s
[  843/10490] Prism::TestCompilePrism#test_ConstantPathWriteNode = 0.09 s
[  844/10490] Prism::TestCompilePrism#test_SourceEncodingNode = 0.03 s
[  845/10490] Prism::TestCompilePrism#test_FalseNode = 0.03 s
[  846/10490] Prism::TestCompilePrism#test_numbered_params = 0.07 s
[  847/10490] Prism::TestCompilePrism#test_ModuleNode = 0.09 s
[  848/10490] Prism::TestCompilePrism#test_NilNode = 0.03 s
[  849/10490] Prism::TestCompilePrism#test_AliasGlobalVariableNode = 0.03 s
[  850/10490] Prism::TestCompilePrism#test_AliasMethodNode = 0.04 s
[  851/10490] Prism::TestCompilePrism#test_UntilNode = 0.12 s
[  852/10490] Prism::TestCompilePrism#test_ArgumentsNode = 0.19 s
[  853/10490] Prism::TestCompilePrism#test_MatchRequiredNode = 0.60 s
[  854/10490] Prism::TestCompilePrism#test_FlipFlopNode = 0.07 s
[  855/10490] Prism::TestCompilePrism#test_DefinedNode = 3.05 s
[  856/10490] Prism::TestCompilePrism#test_MatchWriteNode = 0.15 s
[  857/10490] Prism::TestCompilePrism#test_CallAndWriteNode = 0.23 s
[  858/10490] Prism::TestCompilePrism#test_eval = 0.21 s
[  859/10490] Prism::TestCompilePrism#test_IfNode = 0.23 s
[  860/10490] Prism::TestCompilePrism#test_LocalVariableOperatorWriteNode = 0.03 s
[  861/10490] Prism::TestCompilePrism#test_InstanceVariableAndWriteNode = 0.10 s
[  862/10490] Prism::TestCompilePrism#test_InterpolatedSymbolNode = 0.06 s
[  863/10490] Prism::TestCompilePrism#test_CallNode = 0.70 s
[  864/10490] Prism::TestCompilePrism#test_trailing_comma_on_block = 0.04 s
[  865/10490] Prism::TestCompilePrism#test_CallOperatorWriteNode = 0.06 s
[  866/10490] Prism::TestCompilePrism#test_InstanceVariableOrWriteNode = 0.03 s
[  867/10490] Prism::TestCompilePrism#test_FloatNode = 0.09 s
[  868/10490] Prism::TestCompilePrism#test_complex_default_params = 0.08 s
[  869/10490] Prism::TestCompilePrism#test_BackReferenceReadNode = 0.03 s
[  870/10490] Prism::TestCompilePrism#test_BlockParameterNode = 0.11 s
[  871/10490] Prism::TestCompilePrism#test_InstanceVariableTargetNode = 0.04 s
[  872/10490] Prism::TestCompilePrism#test_AndNode = 0.05 s
[  873/10490] Prism::TestCompilePrism#test_NumberedReferenceReadNode = 0.04 s
[  874/10490] Prism::TestCompilePrism#test_ScopeNode = 12.40 s
[  875/10490] Prism::TestCompilePrism#test_ElseNode = 0.14 s
[  876/10490] Prism::TestCompilePrism#test_repeated_required_post_underscore = 0.06 s
[  877/10490] Prism::TestCompilePrism#test_SelfNode = 0.03 s
[  878/10490] Prism::TestCompilePrism#test_ClassVariableOperatorWriteNode = 0.05 s
[  879/10490] Prism::TestCompilePrism#test_ConstantPathOrWriteNode = 0.10 s
[  880/10490] Prism::TestCompilePrism#test_ConstantPathNode = 0.03 s
[  881/10490] Prism::TestCompilePrism#test_repeated_optional_underscore = 0.22 s
[  882/10490] Prism::TestCompilePrism#test_SourceFileNode = 0.03 s
[  883/10490] Prism::TestCompilePrism#test_ProgramNode = 0.05 s
[  884/10490] Prism::TestCompilePrism#test_StringNode_frozen_string_literal_false = 0.04 s
[  885/10490] Prism::TestCompilePrism#test_CapturePatternNode = 0.07 s
[  886/10490] Prism::TestCompilePrism#test_RetryNode = 0.14 s
[  887/10490] TestProc#test_proc_args_opt_rest_post = 0.04 s
[  888/10490] TestProc#test_compose_with_callable = 0.02 s
[  889/10490] TestProc#test_local_variables_nested = 0.01 s
[  890/10490] TestProc#test_lambda_warning_pass_block = 0.01 s
[  891/10490] TestProc#test_parameters_lambda = 0.07 s
[  892/10490] TestProc#test_proc_args_opt_block = 0.03 s
[  893/10490] TestProc#test_local_variable_set_wb = 58.47 s
[  894/10490] TestProc#test_block_propagation = 0.02 s
[  895/10490] TestProc#test_compose_with_block = 0.01 s
[  896/10490] TestProc#test_proc_args_rest_kwsplat = 0.02 s
[  897/10490] TestProc#test_method_to_proc = 0.04 s
[  898/10490] TestProc#test_compose_with_multiple_args = 0.01 s
[  899/10490] TestProc#test_compose = 0.01 s
[  900/10490] TestProc#test_proc_location = 0.03 s
[  901/10490] TestProc#test_proc_args_opt_post = 0.03 s
[  902/10490] TestProc#test_hash_uniqueness = 1.91 s
[  903/10490] TestProc#test_binding = 0.06 s
[  904/10490] TestProc#test_proc_args_pos_opt_rest_post = 0.03 s
[  905/10490] TestProc#test_curry_ski_fib = 0.40 s
[  906/10490] TestProc#test_curry_lambda_splat = 0.03 s
[  907/10490] TestProc#test_local_variables = 0.01 s
[  908/10490] TestProc#test_proc_args_plain = 0.03 s
[  909/10490] TestProc#test_orphan_break = 0.03 s
[  910/10490] TestProc#test_overridden_proc = 10.01 s
[  911/10490] TestProc#test_overridden_lambda = 10.04 s
[  912/10490] TestProc#test_hash_does_not_change_after_compaction = 44.39 s
[  913/10490] TestProc#test_compose_with_noncallable = 0.02 s
[  914/10490] TestProc#test_proc_single_arg_with_keywords_accepted_and_yielded = 0.03 s
[  915/10490] TestProc#test_proc_autosplat = 0.02 s
[  916/10490] TestProc#test_curry_lambda = 0.04 s
[  917/10490] TestProc#test_proc_args_rest = 0.03 s
[  918/10490] TestProc#test_lambda_warning_pass_proc = 0.01 s
[  919/10490] TestProc#test_proc_args_rest_post_block = 0.04 s
[  920/10490] TestProc#test_curry_proc = 0.02 s
[  921/10490] TestProc#test_block_source_location = 0.02 s
[  922/10490] TestProc#test_compose_with_method = 0.02 s
[  923/10490] TestProc#test_proc_args_pos_opt_block = 0.03 s
[  924/10490] TestProc#test_proc_args_opt_single = 0.02 s
[  925/10490] TestProc#test_proc_args_pos_opt_rest_post_block = 0.06 s
[  926/10490] TestProc#test_parameters = 0.07 s
[  927/10490] TestProc#test_block_given_method = 0.01 s
[  928/10490] TestProc#test_proc_args_opt_rest_post_block = 0.05 s
[  929/10490] TestProc#test_proc_args_pos_opt = 0.02 s
[  930/10490] TestProc#test_not_orphan_next = 0.02 s
[  931/10490] TestProc#test_curry_instance_exec = 0.01 s
[  932/10490] TestProc#test_dup_ifunc_proc_bug_20950 = 37.82 s
[  933/10490] TestProc#test_proc_mark = 31.69 s
[  934/10490] TestProc#test_dup_subclass = 0.03 s
[  935/10490] TestProc#test_proc_args_opt = 0.02 s
[  936/10490] TestProc#test_proc_autosplat_with_multiple_args_with_ruby2_keywords_splat_bug_19759 =
0.03 s
[  937/10490] TestProc#test_local_variables_in_other_context = 0.01 s
[  938/10490] TestProc#test_proc_args_single_kwsplat_no_autosplat = 0.02 s
[  939/10490] TestProc#test_binding_receiver = 0.01 s
[  940/10490] TestProc#test_arity2 = 0.02 s
[  941/10490] TestProc#test_local_variable_set = 0.04 s
[  942/10490] TestProc#test_localjump_error = 0.02 s
[  943/10490] TestProc#test_binding_error_unless_ruby_frame = 0.02 s
[  944/10490] TestProc#test_proc_args_pos_opt_rest = 0.02 s
[  945/10490] TestProc#test_attr_source_location = 0.03 s
[  946/10490] TestProc#test_proc_args_multiple_kw_autosplat = 0.02 s
[  947/10490] TestProc#test_eq = 0.02 s
[  948/10490] TestProc#test_to_proc = 0.01 s
[  949/10490] TestProc#test_local_variable_get = 0.02 s
[  950/10490] TestProc#test_refined_call = 3.23 s
[  951/10490] TestProc#test_curry_optional_params = 0.02 s
[  952/10490] TestProc#test_hash_equal = 0.01 s
[  953/10490] TestProc#test_prepended_call = 2.60 s
[  954/10490] TestProc#test_local_variable_defined? = 0.01 s
[  955/10490] TestProc#test_proc_args_pos_opt_rest_block = 0.04 s
[  956/10490] TestProc#test_block_par = 0.01 s
[  957/10490] TestProc#test_lambda? = 0.02 s
[  958/10490] TestProc#test_clone_subclass = 0.02 s
[  959/10490] TestProc#test_to_s = 0.04 s
[  960/10490] TestProc#test_proc_args_opt_rest = 0.02 s
[  961/10490] TestProc#test_proc_args_pos_rest_post = 0.20 s
[  962/10490] TestProc#test_block_given_method_to_proc = 0.01 s
[  963/10490] TestProc#test_proc_args_rest_kw = 0.01 s
[  964/10490] TestProc#test_proc_args_pos_unleashed = 0.01 s
[  965/10490] TestProc#test_orphan_return = 0.02 s
[  966/10490] TestProc#test_proc_args_only_rest = 0.01 s
[  967/10490] TestProc#test_curry_no_arguments = 0.01 s
[  968/10490] TestProc#test_proc_args_multiple_kwsplat_autosplat = 0.02 s
[  969/10490] TestProc#test_dup_clone = 0.03 s
[  970/10490] TestProc#test_curry_given_blocks = 0.02 s
[  971/10490] TestProc#test_proc_args_opt_rest_block = 0.04 s
[  972/10490] TestProc#test_curry_with_trace = 3.76 s
[  973/10490] TestProc#test_proc_args_rest_block = 0.02 s
[  974/10490] TestProc#test_block_persist_between_calls = 0.01 s
[  975/10490] TestProc#test_curry_passed_block = 0.01 s
[  976/10490] TestProc#test_proc_lambda = 0.03 s
[  977/10490] TestProc#test_proc = 0.03 s
[  978/10490] TestProc#test_proc_args_opt_post_block = 0.04 s
[  979/10490] TestProc#test_proc_args_rest_post = 0.03 s
[  980/10490] TestProc#test_proc_args_pos_rest_post_block = 0.04 s
[  981/10490] TestProc#test_proc_args_pos_rest_block = 0.03 s
[  982/10490] TestProc#test_curry_proc_splat = 0.02 s
[  983/10490] TestProc#test_binding_source_location = 0.02 s
[  984/10490] TestProc#test_bound_parameters = 0.05 s
[  985/10490] TestProc#test_splat_without_respond_to = 0.01 s
[  986/10490] TestProc#test_proc_args_pos_opt_post_block = 0.04 s
[  987/10490] TestProc#test_arity = 0.07 s
[  988/10490] TestProc#test_proc_args_single_kw_no_autosplat = 0.02 s
[  989/10490] TestProc#test_source_location = 0.01 s
[  990/10490] TestProc#test_proc_args_pos_opt_post = 0.03 s
[  991/10490] TestProc#test_compose_with_lambda = 0.02 s
[  992/10490] TestProc#test_curry_binding = 0.01 s
[  993/10490] TestProc#test_proc_args_pos_block = 0.03 s
[  994/10490] TestArray#test_sort_by! = 0.02 s
[  995/10490] TestArray#test_monkey_patch_include? = 11.77 s
[  996/10490] TestArray#test_bsearch_index_in_find_any_mode = 0.03 s
[  997/10490] TestArray#test_intersect_big_array = 0.03 s
[  998/10490] TestArray#test_MUL = 0.02 s
[  999/10490] TestArray#test_take_while = 0.01 s
[ 1000/10490] TestArray#test_flatten_error = 0.03 s
[ 1001/10490] TestArray#test_slice_gc_compact_stress = 339.85 s
[ 1002/10490] TestArray#test_uniq_bang_with_block = 0.02 s
[ 1003/10490] TestArray#test_find_all_0 = 0.02 s
[ 1004/10490] TestArray#test_repeated_permutation = 5.79 s
[ 1005/10490] TestArray#test_uniq = 0.05 s
[ 1006/10490] TestArray#test_sample_random_generator_half = 0.25 s
[ 1007/10490] TestArray#test_empty? = 0.01 s
[ 1008/10490] TestArray#test_flatten_with_callcc = 0.04 s
[ 1009/10490] TestArray#test_dig = 0.01 s
[ 1010/10490] TestArray#test_each_index = 0.01 s
[ 1011/10490] TestArray#test_repeated_combination_stack_error = 14.04 s
[ 1012/10490] TestArray#test_append = 0.02 s
[ 1013/10490] TestArray#test_iseq_shared_array_reject! = 0.02 s
[ 1014/10490] TestArray#test_select! = 0.03 s
[ 1015/10490] TestArray#test_flattern_singleton_class! = 0.01 s
[ 1016/10490] TestArray#test_hash = 0.01 s
[ 1017/10490] TestArray#test_OR_in_order = 0.02 s
[ 1018/10490] TestArray#test_shift_shared_ary = 0.02 s
[ 1019/10490] TestArray#test_array_safely_modified_by_sort_block = 0.04 s
[ 1020/10490] TestArray#test_rotate = 0.03 s
[ 1021/10490] TestArray#test_shift2 = 0.01 s
[ 1022/10490] TestArray#test_uniq_0 = 0.01 s
[ 1023/10490] TestArray#test_intersection_big_array = 0.04 s
[ 1024/10490] TestArray#test_delete_if = 0.02 s
[ 1025/10490] TestArray#test_to_h_block = 0.06 s
[ 1026/10490] TestArray#test_cycle = 0.02 s
[ 1027/10490] TestArray#test_aset_error = 0.05 s
[ 1028/10490] TestArray#test_shared_array_reject! = 0.02 s
[ 1029/10490] TestArray#test_replace_wb_variable_width_alloc = 34.15 s
[ 1030/10490] TestArray#test_collect = 0.04 s
[ 1031/10490] TestArray#test_at = 0.02 s
[ 1032/10490] TestArray#test_reverse = 0.01 s
[ 1033/10490] TestArray#test_VERY_EQUAL = 0.01 s
[ 1034/10490] TestArray#test_sort_bang_with_freeze = 0.02 s
[ 1035/10490] TestArray#test_times = 0.01 s
[ 1036/10490] TestArray#test_first2 = 0.01 s
[ 1037/10490] TestArray#test_prepend = 0.01 s
[ 1038/10490] TestArray#test_zip = 0.02 s
[ 1039/10490] TestArray#test_unshift_error = 0.01 s
[ 1040/10490] TestArray#test_eql? = 0.01 s
[ 1041/10490] TestArray#test_join_recheck_array_length = 0.14 s
[ 1042/10490] TestArray#test_pop = 0.01 s
[ 1043/10490] TestArray#test_values_at2 = 0.01 s
[ 1044/10490] TestArray#test_fill2 = 0.01 s
[ 1045/10490] TestArray#test_flatten! = 0.02 s
[ 1046/10490] TestArray#test_slice_out_of_range = 0.03 s
[ 1047/10490] TestArray#test_zip_bug = 0.01 s
[ 1048/10490] TestArray#test_bsearch_index_typechecks_return_values = 0.01 s
[ 1049/10490] TestArray#test_unshift_frozen = 0.02 s
[ 1050/10490] TestArray#test_drop_while = 0.01 s
[ 1051/10490] TestArray#test_ary_new = 0.02 s
[ 1052/10490] TestArray#test_PLUS = 0.01 s
[ 1053/10490] TestArray#test_slice! = 0.04 s
[ 1054/10490] TestArray#test_flatten_respond_to_missing = 0.02 s
[ 1055/10490] TestArray#test_sample_statistics = 55.18 s
[ 1056/10490] TestArray#test_bsearch_typechecks_return_values = 0.03 s
[ 1057/10490] TestArray#test_flatten_splat = 0.02 s
[ 1058/10490] TestArray#test_reverse_each2 = 0.01 s
[ 1059/10490] TestArray#test_delete = 0.05 s
[ 1060/10490] TestArray#test_flatten_splat! = 0.02 s
[ 1061/10490] TestArray#test_insert = 0.04 s
[ 1062/10490] TestArray#test_array_andor_0 = 0.01 s
[ 1063/10490] TestArray#test_repeated_combination = 0.50 s
[ 1064/10490] TestArray#test_count = 5.44 s
[ 1065/10490] TestArray#test_clear2 = 0.07 s
[ 1066/10490] TestArray#test_sort! = 0.02 s
[ 1067/10490] TestArray#test_compact_0 = 0.01 s
[ 1068/10490] TestArray#test_product_with_callcc = 1.37 s
[ 1069/10490] TestArray#test_combination2 = 0.02 s
[ 1070/10490] TestArray#test_rindex = 0.03 s
[ 1071/10490] TestArray#test_reject! = 0.03 s
[ 1072/10490] TestArray#test_to_h = 0.25 s
[ 1073/10490] TestArray#test_rotate! = 0.05 s
[ 1074/10490] TestArray#test_union_big_array = 0.04 s
[ 1075/10490] TestArray#test_flatten = 0.03 s
[ 1076/10490] TestArray#test_equal = 0.01 s
[ 1077/10490] TestArray#test_repeated_permutation_stack_error = 13.98 s
[ 1078/10490] TestArray#test_bsearch_index_with_no_block = 0.02 s
[ 1079/10490] TestArray#test_sort = 0.02 s
[ 1080/10490] TestArray#test_bsearch_with_no_block = 0.01 s
[ 1081/10490] TestArray#test_shuffle_random_invalid_generator = 0.03 s
[ 1082/10490] TestArray#test_assoc = 0.02 s
[ 1083/10490] TestArray#test_00_new = 0.01 s
[ 1084/10490] TestArray#test_ASET = 0.38 s
[ 1085/10490] TestArray#test_01_square_brackets = 0.02 s
[ 1086/10490] TestArray#test_shuffle_random = 0.02 s
[ 1087/10490] TestArray#test_clear = 0.01 s
[ 1088/10490] TestArray#test_drop = 0.02 s
[ 1089/10490] TestArray#test_sort_0 = 0.01 s
[ 1090/10490] TestArray#test_sort_with_callcc = 2.56 s
[ 1091/10490] TestArray#test_replace_shared_ary = 0.01 s
[ 1092/10490] TestArray#test_uniq! = 0.05 s
[ 1093/10490] TestArray#test_join2 = 0.02 s
[ 1094/10490] TestArray#test_first = 0.01 s
[ 1095/10490] TestArray#test_minmax = 0.03 s
[ 1096/10490] TestArray#test_permutation_stack_error = 16.98 s
[ 1097/10490] TestArray#test_product = 105.47 s
[ 1098/10490] TestArray#test_dup = 0.03 s
[ 1099/10490] TestArray#test_min = 0.03 s
[ 1100/10490] TestArray#test_values_at = 0.02 s
[ 1101/10490] TestArray#test_product2 = 0.02 s
[ 1102/10490] TestArray#test_shrink_shared_array = 10.07 s
[ 1103/10490] TestArray#test_intersect? = 0.01 s
[ 1104/10490] TestArray#test_big_array_literal_with_kwsplat = 3.44 s
[ 1105/10490] TestArray#test_intersection = 0.02 s
[ 1106/10490] TestArray#test_replace = 0.04 s
[ 1107/10490] TestArray#test_bsearch_in_find_minimum_mode = 0.01 s
[ 1108/10490] TestArray#test_flatten_empty! = 0.01 s
[ 1109/10490] TestArray#test_flatten_level0! = 0.01 s
[ 1110/10490] TestArray#test_keep_if = 0.02 s
[ 1111/10490] TestArray#test_sort_with_replace = 51.68 s
[ 1112/10490] TestArray#test_delete_at = 0.02 s
[ 1113/10490] TestArray#test_collect! = 0.02 s
[ 1114/10490] TestArray#test_shuffle = 0.39 s
[ 1115/10490] TestArray#test_sample_random_generator = 1.77 s
[ 1116/10490] TestArray#test_to_s = 0.04 s
[ 1117/10490] TestArray#test_MINUS = 0.02 s
[ 1118/10490] TestArray#test_repeated_permutation_with_callcc = 1.70 s
[ 1119/10490] TestArray#test_shuffle_random_zero = 1.53 s
[ 1120/10490] TestArray#test_equal_resize = 0.01 s
[ 1121/10490] TestArray#test_difference_big_array = 0.08 s
[ 1122/10490] TestArray#test_ary_to_ary = 0.01 s
[ 1123/10490] TestArray#test_concat = 31.77 s
[ 1124/10490] TestArray#test_fetch = 0.02 s
[ 1125/10490] TestArray#test_sample_invalid_argument = 0.01 s
[ 1126/10490] TestArray#test_slice = 0.19 s
[ 1127/10490] TestArray#test_slice_out_of_range! = 0.02 s
[ 1128/10490] TestArray#test_compact = 0.01 s
[ 1129/10490] TestArray#test_percent_i = 0.01 s
[ 1130/10490] TestArray#test_sample_random_invalid_generator = 0.01 s
[ 1131/10490] TestArray#test_sort_uncomparable = 0.02 s
[ 1132/10490] TestArray#test_misc_0 = 0.03 s
[ 1133/10490] TestArray#test_AND = 0.01 s
[ 1134/10490] TestArray#test_reject_with_callcc = 0.24 s
[ 1135/10490] TestArray#test_unshift = 0.01 s
[ 1136/10490] TestArray#test_fill_0 = 0.04 s
[ 1137/10490] TestArray#test_pack_format_mutation = 0.02 s
[ 1138/10490] TestArray#test_zip_with_enumerator = 0.03 s
[ 1139/10490] TestArray#test_fill_negative_length = 0.01 s
[ 1140/10490] TestArray#test_initialize2 = 0.01 s
[ 1141/10490] TestArray#test_flatten_recursive = 0.02 s
[ 1142/10490] TestArray#test_to_a = 0.01 s
[ 1143/10490] TestArray#test_filter! = 0.02 s
[ 1144/10490] TestArray#test_transpose = 0.01 s
[ 1145/10490] TestArray#test_pack = 0.05 s
[ 1146/10490] TestArray#test_compact! = 0.01 s
[ 1147/10490] TestArray#test_difference = 0.02 s
[ 1148/10490] TestArray#test_try_convert = 0.01 s
[ 1149/10490] TestArray#test_to_a2 = 0.01 s
[ 1150/10490] TestArray#test_combination = 0.03 s
[ 1151/10490] TestArray#test_flattern_singleton_class = 0.01 s
[ 1152/10490] TestArray#test_bsearch_in_find_any_mode = 0.02 s
[ 1153/10490] TestArray#test_OR = 0.02 s
[ 1154/10490] TestArray#test_initialize = 0.03 s
[ 1155/10490] TestArray#test_permutation_with_callcc = 1.30 s
[ 1156/10490] TestArray#test_to_ary = 0.03 s
[ 1157/10490] TestArray#test_aref = 0.01 s
[ 1158/10490] TestArray#test_size = 0.02 s
[ 1159/10490] TestArray#test_join_recheck_elements_type = 0.02 s
[ 1160/10490] TestArray#test_reverse_each = 0.01 s
[ 1161/10490] TestArray#test_CMP = 0.02 s
[ 1162/10490] TestArray#test_min_uncomparable = 0.02 s
[ 1163/10490] TestArray#test_reverse! = 0.01 s
[ 1164/10490] TestArray#test_OR_big_in_order = 0.04 s
[ 1165/10490] TestArray#test_LSHIFT = 0.01 s
[ 1166/10490] TestArray#test_sample_unknown_keyword = 0.04 s
[ 1167/10490] TestArray#test_rassoc = 0.02 s
[ 1168/10490] TestArray#test_OR_big_array = 0.04 s
[ 1169/10490] TestArray#test_empty_0 = 0.01 s
[ 1170/10490] TestArray#test_reject = 0.01 s
[ 1171/10490] TestArray#test_MINUS_big_array = 0.18 s
[ 1172/10490] TestArray#test_uniq_with_block = 0.02 s
[ 1173/10490] TestArray#test_bsearch_index_in_find_minimum_mode = 0.01 s
[ 1174/10490] TestArray#test_shuffle_random_clobbering = 0.25 s
[ 1175/10490] TestArray#test_fill = 0.02 s
[ 1176/10490] TestArray#test_join = 0.15 s
[ 1177/10490] TestArray#test_take = 0.02 s
[ 1178/10490] TestArray#test_select = 0.01 s
[ 1179/10490] TestArray#test_percent_I = 0.01 s
[ 1180/10490] TestArray#test_clone = 0.02 s
[ 1181/10490] TestArray#test_include? = 0.02 s
[ 1182/10490] TestArray#test_combination_clear = 32.32 s
[ 1183/10490] TestArray#test_delete2 = 0.02 s
[ 1184/10490] TestArray#test_last2 = 0.01 s
[ 1185/10490] TestArray#test_uniq_bang_with_freeze = 0.01 s
[ 1186/10490] TestArray#test_AREF = 0.05 s
[ 1187/10490] TestArray#test_sum = 0.14 s
[ 1188/10490] TestArray#test_repeated_combination_with_callcc = 1.38 s
[ 1189/10490] TestArray#test_sample = 0.50 s
[ 1190/10490] TestArray#test_split_0 = 0.02 s
[ 1191/10490] TestArray#test_pack_with_buffer = 0.01 s
[ 1192/10490] TestArray#test_sample_random_srand0 = 3.31 s
[ 1193/10490] TestArray#test_0_literal = 0.03 s
[ 1194/10490] TestArray#test_max = 0.03 s
[ 1195/10490] TestArray#test_last = 0.01 s
[ 1196/10490] TestArray#test_rindex2 = 0.02 s
[ 1197/10490] TestArray#test_flatten_level0 = 0.01 s
[ 1198/10490] TestArray#test_index = 0.07 s
[ 1199/10490] TestArray#test_freeze_inside_sort! = 0.02 s
[ 1200/10490] TestArray#test_beg_end_0 = 0.13 s
[ 1201/10490] TestArray#test_slice_frozen_array = 0.01 s
[ 1202/10490] TestArray#test_shift = 0.01 s
[ 1203/10490] TestArray#test_length = 0.02 s
[ 1204/10490] TestArray#test_each = 0.01 s
[ 1205/10490] TestArray#test_flatten_wrong_argument = 0.01 s
[ 1206/10490] TestArray#test_combination_with_callcc = 1.35 s
[ 1207/10490] TestArray#test_EQUAL = 0.01 s
[ 1208/10490] TestArray#test_permutation = 0.27 s
[ 1209/10490] TestArray#test_push = 0.01 s
[ 1210/10490] TestArray#test_splice = 0.01 s
[ 1211/10490] TestArray#test_filter = 0.01 s
[ 1212/10490] TestArray#test_max_uncomparable = 0.02 s
[ 1213/10490] TestArray#test_index2 = 0.01 s
[ 1214/10490] TestArray#test_union = 0.03 s
[ 1215/10490] TestArray#test_AND_big_array = 0.02 s
[ 1216/10490] TestArray#test_map! = 0.02 s
[ 1217/10490] TestMarshal#test_load_range_as_struct = 0.02 s
[ 1218/10490] TestMarshal#test_time_subclass = 0.06 s
[ 1219/10490] TestMarshal#test_time_ivar = 0.04 s
[ 1220/10490] TestMarshal#test_false = 0.02 s
[ 1221/10490] TestMarshal#test_nil = 0.03 s
[ 1222/10490] TestMarshal#test_gc = 71.43 s
[ 1223/10490] TestMarshal#test_bignum = 0.07 s
[ 1224/10490] TestMarshal#test_float = 0.06 s
[ 1225/10490] TestMarshal#test_exception = 0.09 s
[ 1226/10490] TestMarshal#test_userdef_encoding = 0.01 s
[ 1227/10490] TestMarshal#test_marshal_regexp_encoding = 0.01 s
[ 1228/10490] TestMarshal#test_marshal_load_ivar = 0.03 s
[ 1229/10490] TestMarshal#test_regexp = 0.10 s
[ 1230/10490] TestMarshal#test_symbol = 0.50 s
[ 1231/10490] TestMarshal#test_marshal_dump_extra_iv = 0.02 s
[ 1232/10490] TestMarshal#test_object = 0.04 s
[ 1233/10490] TestMarshal#test_fixnum = 0.11 s
[ 1234/10490] TestMarshal#test_unloadable_userdef = 0.04 s
[ 1235/10490] TestMarshal#test_marshal_integers = 0.12 s
[ 1236/10490] TestMarshal#test_dump_buffer = 0.01 s
[ 1237/10490] TestMarshal#test_marshal_load_r_prepare_reference_crash = 11.75 s
[ 1238/10490] TestMarshal#test_hash = 0.03 s
[ 1239/10490] TestMarshal#test_range_cyclic = 0.03 s
[ 1240/10490] TestMarshal#test_undumpable_message = 0.05 s
[ 1241/10490] TestMarshal#test_object_subclass = 0.05 s
[ 1242/10490] TestMarshal#test_symbol2 = 0.02 s
[ 1243/10490] TestMarshal#test_anonymous = 0.03 s
[ 1244/10490] TestMarshal#test_change_class_name = 0.04 s
[ 1245/10490] TestMarshal#test_invalid_byte_sequence_symbol = 0.02 s
[ 1246/10490] TestMarshal#test_marshal = 0.04 s
[ 1247/10490] TestMarshal#test_string_subclass = 0.05 s
[ 1248/10490] TestMarshal#test_marshal_nameerror = 0.05 s
[ 1249/10490] TestMarshal#test_symlink = 0.01 s
[ 1250/10490] TestMarshal#test_object_prepend = 0.06 s
[ 1251/10490] TestMarshal#test_marshal_dump_excess_encoding = 0.02 s
[ 1252/10490] TestMarshal#test_marshal_dump_struct_ivar = 0.02 s
[ 1253/10490] TestMarshal#test_too_long_string = 0.02 s
[ 1254/10490] TestMarshal#test_struct_subclass_extend = 0.06 s
[ 1255/10490] TestMarshal#test_time = 0.27 s
[ 1256/10490] TestMarshal#test_share = 0.01 s
[ 1257/10490] TestMarshal#test_array = 0.04 s
[ 1258/10490] TestMarshal#test_module_ivar = 0.02 s
[ 1259/10490] TestMarshal#test_symlink_in_ivar = 0.01 s
[ 1260/10490] TestMarshal#test_struct_subclass = 0.05 s
[ 1261/10490] TestMarshal#test_object_subclass_extend = 0.08 s
[ 1262/10490] TestMarshal#test_true = 0.03 s
[ 1263/10490] TestMarshal#test_struct_ivar = 0.04 s
[ 1264/10490] TestMarshal#test_marshal_dump_ivar = 0.02 s
[ 1265/10490] TestMarshal#test_string_crlf = 0.03 s
[ 1266/10490] TestMarshal#test_marshal_with_ruby2_keywords_hash = 0.05 s
[ 1267/10490] TestMarshal#test_marshal_honor_post_proc_value_for_link = 0.01 s
[ 1268/10490] TestMarshal#test_float_inf_nan = 0.09 s
[ 1269/10490] TestMarshal#test_extend = 0.06 s
[ 1270/10490] TestMarshal#test_string = 0.03 s
[ 1271/10490] TestMarshal#test_hash_compared_by_identity = 0.02 s
[ 1272/10490] TestMarshal#test_array_subclass = 0.04 s
[ 1273/10490] TestMarshal#test_nonascii_class_module = 0.02 s
[ 1274/10490] TestMarshal#test_exception_subclass = 0.05 s
[ 1275/10490] TestMarshal#test_struct = 0.03 s
[ 1276/10490] TestMarshal#test_hash_default_compared_by_identity = 0.02 s
[ 1277/10490] TestMarshal#test_hash_extend = 0.06 s
[ 1278/10490] TestMarshal#test_class = 0.02 s
[ 1279/10490] TestMarshal#test_marshal_proc_freeze = 0.01 s
[ 1280/10490] TestMarshal#test_inconsistent_struct = 0.02 s
[ 1281/10490] TestMarshal#test_range_subclass = 0.04 s
[ 1282/10490] TestMarshal#test_marshal_exception = 0.04 s
[ 1283/10490] TestMarshal#test_marshal_encoding_encoding = 0.02 s
[ 1284/10490] TestMarshal#test_range = 0.05 s
[ 1285/10490] TestMarshal#test_marshal_proc_string_encoding = 0.01 s
[ 1286/10490] TestMarshal#test_string_escape = 0.03 s
[ 1287/10490] TestMarshal#test_string_ivar = 0.04 s
[ 1288/10490] TestMarshal#test_hash_default = 0.03 s
[ 1289/10490] TestMarshal#test_marshal_dump_removing_instance_variable = 0.03 s
[ 1290/10490] TestMarshal#test_userdef_invalid = 0.01 s
[ 1291/10490] TestMarshal#test_marshal_complex = 0.02 s
[ 1292/10490] TestMarshal#test_marshal_keyword_init_struct = 0.01 s
[ 1293/10490] TestMarshal#test_limit = 0.01 s
[ 1294/10490] TestMarshal#test_marshal_dump_recursion = 0.02 s
[ 1295/10490] TestMarshal#test_continuation = 0.06 s
[ 1296/10490] TestMarshal#test_time_in_array = 0.02 s
[ 1297/10490] TestMarshal#test_nonascii_class_instance = 0.06 s
[ 1298/10490] TestMarshal#test_pipe = 0.08 s
[ 1299/10490] TestMarshal#test_context_switch = 7.63 s
[ 1300/10490] TestMarshal#test_method_missing_without_respond_to = 0.02 s
[ 1301/10490] TestMarshal#test_hash_subclass = 0.04 s
[ 1302/10490] TestMarshal#test_hash_subclass_extend = 0.07 s
[ 1303/10490] TestMarshal#test_marshal_cloned_class = 0.01 s
[ 1304/10490] TestMarshal#test_string_subclass_cycle = 0.04 s
[ 1305/10490] TestMarshal#test_undumpable_data = 0.03 s
[ 1306/10490] TestMarshal#test_singleton = 0.04 s
[ 1307/10490] TestMarshal#test_unloadable_data = 0.04 s
[ 1308/10490] TestMarshal#test_marshal_symbol_ascii8bit = 0.01 s
[ 1309/10490] TestMarshal#test_class_ivar = 0.02 s
[ 1310/10490] TestMarshal#test_struct_invalid_members = 0.02 s
[ 1311/10490] TestMarshal#test_struct_toplevel = 0.03 s
[ 1312/10490] TestMarshal#test_array_ivar = 0.04 s
[ 1313/10490] TestMarshal#test_string_subclass_extend = 0.04 s
[ 1314/10490] TestMarshal#test_packed_string = 0.01 s
[ 1315/10490] TestMarshal#test_marshal_respond_to_arity = 0.01 s
[ 1316/10490] TestMarshal#test_marshal_dump = 0.01 s
[ 1317/10490] TestMarshal#test_marshal_flonum_reference = 0.01 s
[ 1318/10490] TestMarshal#test_extend_string = 0.06 s
[ 1319/10490] TestMarshal#test_object_extend = 0.05 s
[ 1320/10490] TestMarshal#test_modify_array_during_dump = 0.01 s
[ 1321/10490] TestMarshal#test_string_empty = 0.02 s
[ 1322/10490] TestMarshal#test_marshal_dump_adding_instance_variable = 0.02 s
[ 1323/10490] TestMarshal#test_marshal_load_extended_class_crash = 11.73 s
[ 1324/10490] TestMarshal#test_regexp_subclass = 0.07 s
[ 1325/10490] TestMarshal#test_marshal_rational = 0.03 s
[ 1326/10490] TestMarshal#test_hash_default_proc = 0.01 s
[ 1327/10490] TestMarshal#test_unloadable_usrmarshal = 0.05 s
[ 1328/10490] TestMarshal#test_marshal_private_class = 0.02 s
[ 1329/10490] TestMarshal#test_marshal_small_bignum_backref = 0.01 s
[ 1330/10490] TestMarshal#test_change_struct = 0.05 s
[ 1331/10490] TestMarshal#test_hash_ivar = 0.04 s
[ 1332/10490] TestMarshal#test_no_internal_ids = 5.12 s
[ 1333/10490] TestMarshal#test_recursive_userdef = 0.05 s
[ 1334/10490] TestMarshal#test_regexp2 = 0.04 s
[ 1335/10490] TestMarshal#test_marshal_string_encoding = 0.01 s
[ 1336/10490] Emoji::TestSoftBank#test_to_sjis = 0.15 s
[ 1337/10490] Emoji::TestSoftBank#test_from_sjis = 0.03 s
[ 1338/10490] Emoji::TestSoftBank#test_comparison = 0.03 s
[ 1339/10490] Emoji::TestSoftBank#test_from_utf8 = 0.03 s
[ 1340/10490] Emoji::TestSoftBank#test_encoding_name = 0.07 s
[ 1341/10490] Emoji::TestSoftBank#test_to_docomo = 0.08 s
[ 1342/10490] Emoji::TestSoftBank#test_to_utf8 = 0.03 s
[ 1343/10490] Emoji::TestSoftBank#test_to_eucjp = 0.03 s
[ 1344/10490] Emoji::TestSoftBank#test_softbank = 0.02 s
[ 1345/10490] Emoji::TestSoftBank#test_to_kddi = 0.15 s
[ 1346/10490] TestRand#test_types = 0.07 s
[ 1347/10490] TestRand#test_0x3fffffffffffffff = 0.24 s
[ 1348/10490] TestRand#test_seed = 0.03 s
[ 1349/10490] TestRand#test_random_float = 0.07 s
[ 1350/10490] TestRand#test_0x10000000000 = 0.23 s
[ 1351/10490] TestRand#test_mt = 0.23 s
[ 1352/10490] TestRand#test_0x4000000000000001 = 0.24 s
[ 1353/10490] TestRand#test_marshal = 0.01 s
[ 1354/10490] TestRand#test_broken_marshal = 0.02 s
[ 1355/10490] TestRand#test_0x100000001 = 0.22 s
[ 1356/10490] TestRand#test_default_seed = 11.72 s
[ 1357/10490] TestRand#test_0x3fffffff = 0.26 s
[ 1358/10490] TestRand#test_random_argument_error = 0.04 s
[ 1359/10490] TestRand#test_0x1000000000000 = 0.24 s
[ 1360/10490] TestRand#test_random_equal = 0.02 s
[ 1361/10490] TestRand#test_random_seed = 0.02 s
[ 1362/10490] TestRand#test_fork_shuffle = 4.98 s
[ 1363/10490] TestRand#test_random_dup = 0.03 s
[ 1364/10490] TestRand#test_0x40000001 = 0.27 s
[ 1365/10490] TestRand#test_rand_0x100000000 = 0.24 s
[ 1366/10490] TestRand#test_random_ulong_limited = 0.08 s
[ 1367/10490] TestRand#test_random_bytes = 0.02 s
[ 1368/10490] TestRand#test_shuffle = 0.01 s
[ 1369/10490] TestRand#test_0xffffffff = 0.23 s
[ 1370/10490] TestRand#test_rand_reseed_on_fork = 58.72 s
[ 1371/10490] TestRand#test_random_ulong_limited_no_rand = 0.02 s
[ 1372/10490] TestRand#test_random_range = 0.09 s
[ 1373/10490] TestRand#test_0x40000000 = 0.26 s
[ 1374/10490] TestRand#test_seed_leading_zero_guard = 0.02 s
[ 1375/10490] TestRand#test_0x1000000000001 = 0.24 s
[ 1376/10490] TestRand#test_random_type_error = 0.02 s
[ 1377/10490] TestRand#test_random_gc = 9.45 s
[ 1378/10490] TestRand#test_big_seed = 7.24 s
[ 1379/10490] TestRand#test_urandom = 0.02 s
[ 1380/10490] TestRand#test_initialize_frozen = 0.02 s
[ 1381/10490] TestRand#test_new_seed = 0.02 s
[ 1382/10490] TestRand#test_0x10000 = 0.37 s
[ 1383/10490] TestRand#test_0x4000000000000000 = 0.24 s
[ 1384/10490] TestRand#test_marshal_load_frozen = 0.02 s
[ 1385/10490] TestRand#test_0x100000000 = 0.23 s
[ 1386/10490] TestRand#test_srand = 0.04 s
[ 1387/10490] TestPatternMatching::TestPatternMatchingRefinements#test_refinements = 0.03 s
[ 1388/10490] TestArgf#test_tell = 10.13 s
[ 1389/10490] TestArgf#test_lineno2 = 10.10 s
[ 1390/10490] TestArgf#test_puts = 10.07 s
[ 1391/10490] TestArgf#test_printf = 10.08 s
[ 1392/10490] TestArgf#test_read3 = 10.03 s
[ 1393/10490] TestArgf#test_skip_in_each_line = 20.03 s
[ 1394/10490] TestArgf#test_readbyte = 10.04 s
[ 1395/10490] TestArgf#test_close_replace = 10.02 s
[ 1396/10490] TestArgf#test_readlines_chomp = 2.66 s
[ 1397/10490] TestArgf#test_each_char = 10.02 s
[ 1398/10490] TestArgf#test_readlines_limit_0 = 0.08 s
[ 1399/10490] TestArgf#test_putc = 10.07 s
[ 1400/10490] TestArgf#test_file = 10.04 s
[ 1401/10490] TestArgf#test_wrong_type = 11.79 s
[ 1402/10490] TestArgf#test_each_line_paragraph = 2.61 s
[ 1403/10490] TestArgf#test_set_pos = 10.08 s
[ 1404/10490] TestArgf#test_readpartial2 = 10.05 s
[ 1405/10490] TestArgf#test_to_io = 10.06 s
[ 1406/10490] TestArgf#test_gets_chomp = 2.65 s
[ 1407/10490] TestArgf#test_encoding = 10.05 s
[ 1408/10490] TestArgf#test_inplace_bug_17117 = 102.03 s
[ 1409/10490] TestArgf#test_inplace_to_path = 0.07 s
[ 1410/10490] TestArgf#test_read2_with_not_empty_buffer = 10.02 s
[ 1411/10490] TestArgf#test_readchar = 10.04 s
[ 1412/10490] TestArgf#test_getbyte = 10.04 s
[ 1413/10490] TestArgf#test_readline_chomp = 2.86 s
[ 1414/10490] TestArgf#test_each_codepoint = 10.06 s
[ 1415/10490] TestArgf#test_each_byte = 10.04 s
[ 1416/10490] TestArgf#test_inplace2 = 2.71 s
[ 1417/10490] TestArgf#test_read = 10.08 s
[ 1418/10490] TestArgf#test_inplace_dup = 2.65 s
[ 1419/10490] TestArgf#test_inplace_suffix_encoding = 0.11 s
[ 1420/10490] TestArgf#test_each_line_limit_0 = 0.07 s
[ 1421/10490] TestArgf#test_eof = 20.10 s
[ 1422/10490] TestArgf#test_lineno_after_shebang = 9.97 s
[ 1423/10490] TestArgf#test_sized_read = 10.04 s
[ 1424/10490] TestArgf#test_binmode = 10.03 s
[ 1425/10490] TestArgf#test_inplace3 = 2.69 s
[ 1426/10490] TestArgf#test_lineno = 10.12 s
[ 1427/10490] TestArgf#test_inplace_invalid_backup = 0.06 s
[ 1428/10490] TestArgf#test_fileno = 10.07 s
[ 1429/10490] TestArgf#test_inplace_stdin = 2.63 s
[ 1430/10490] TestArgf#test_unreadable = 0.17 s
[ 1431/10490] TestArgf#test_print = 10.06 s
[ 1432/10490] TestArgf#test_skip_in_each_codepoint = 10.05 s
[ 1433/10490] TestArgf#test_inplace_nonascii = 2.66 s
[ 1434/10490] TestArgf#test_skip_in_each_byte = 10.04 s
[ 1435/10490] TestArgf#test_closed = 10.04 s
[ 1436/10490] TestArgf#test_inplace_ascii_incompatible_path = 0.08 s
[ 1437/10490] TestArgf#test_close = 10.02 s
[ 1438/10490] TestArgf#test_new_lineno_each_char = 0.08 s
[ 1439/10490] TestArgf#test_filename2 = 10.05 s
[ 1440/10490] TestArgf#test_argv = 10.02 s
[ 1441/10490] TestArgf#test_filename = 10.03 s
[ 1442/10490] TestArgf#test_inplace_rename_impossible = 2.65 s
[ 1443/10490] TestArgf#test_readlines_twice = 10.00 s
[ 1444/10490] TestArgf#test_each_line = 10.05 s
[ 1445/10490] TestArgf#test_new_lineno_each = 0.07 s
[ 1446/10490] TestArgf#test_readpartial = 10.08 s
[ 1447/10490] TestArgf#test_rewind = 10.18 s
[ 1448/10490] TestArgf#test_skip = 10.07 s
[ 1449/10490] TestArgf#test_inplace = 2.71 s
[ 1450/10490] TestArgf#test_lineno3 = 2.67 s
[ 1451/10490] TestArgf#test_inplace_stdin2 = 2.62 s
[ 1452/10490] TestArgf#test_seek = 10.09 s
[ 1453/10490] TestArgf#test_argf = 10.12 s
[ 1454/10490] TestArgf#test_getc = 10.05 s
[ 1455/10490] TestArgf#test_readpartial_eof_twice = 10.06 s
[ 1456/10490] TestArgf#test_read2 = 10.06 s
[ 1457/10490] TestArgf#test_each_line_chomp = 5.20 s
[ 1458/10490] TestArgf#test_inplace_no_backup = 2.73 s
[ 1459/10490] TestArgf#test_skip_in_each_char = 10.12 s
[ 1460/10490] TestArgf#test_read_nonblock = 10.15 s
[ 1461/10490] TestAssignment#test_massign_splat = 0.03 s
[ 1462/10490] TestAssignment#test_multi = 0.02 s
[ 1463/10490] TestAssignment#test_massign_in_cond = 0.02 s
[ 1464/10490] TestAssignment#test_yield = 0.10 s
[ 1465/10490] TestAssignment#test_assign_ary = 0.02 s
[ 1466/10490] TestAssignment#test_assign_private_self = 0.03 s
[ 1467/10490] TestAssignment#test_break = 0.08 s
[ 1468/10490] TestAssignment#test_to_ary_splat = 0.01 s
[ 1469/10490] TestAssignment#test_assign_abbreviated = 0.01 s
[ 1470/10490] TestAssignment#test_assign_simple = 0.02 s
[ 1471/10490] TestAssignment#test_massign_order = 0.05 s
[ 1472/10490] TestAssignment#test_lambda = 0.03 s
[ 1473/10490] TestAssignment#test_assign_splat = 0.02 s
[ 1474/10490] TestAssignment#test_next = 0.06 s
[ 1475/10490] TestAssignment#test_massign_simple = 0.02 s
[ 1476/10490] TestAssignment#test_assign = 0.01 s
[ 1477/10490] TestAssignment#test_const_massign = 0.01 s
[ 1478/10490] TestAssignment#test_massign = 0.03 s
[ 1479/10490] TestAssignment#test_massign_const_order = 0.25 s
[ 1480/10490] TestAssignment#test_return = 0.12 s
[ 1481/10490] TestAssignment#test_massign_optimized_literal_bug_21012 = 0.01 s
[ 1482/10490] TestAssignment#test_const_assign_order = 0.02 s
[ 1483/10490] TestAssignment#test_assign_rescue = 0.01 s
[ 1484/10490] TestAssignment#test_nested_massign = 0.02 s
[ 1485/10490] TestAssignment#test_assign_ary_splat = 0.01 s
[ 1486/10490] TestCondition#test_condition = 0.01 s
[ 1487/10490] TestAst#"test_not_cared:test/prism/fuzzer_test.rb" = 0.28 s
[ 1488/10490] TestAst#"test_not_cared:test/net/protocol/test_protocol.rb" = 0.87 s
[ 1489/10490] TestAst#"test_ranges:test/openssl/test_random.rb" = 0.18 s
[ 1490/10490] TestAst#"test_not_cared:test/rubygems/test_gem_installer.rb"In-address space security
exception (core dumped)
root@cheribsd-riscv64-purecap:~/ruby-3.4.5/build # ./miniruby -v
ruby 3.4.5 (2025-09-02 revision 71fe9338d2) +PRISM [riscv64-freebsd]
last_commit=[other]
root@cheribsd-riscv64-purecap:~/ruby-3.4.5/build # uname -a
FreeBSD cheribsd-riscv64-purecap 15.0-CURRENT FreeBSD 15.0-CURRENT #0 main-485c1c8195: Sun Aug 17 21
:21:09 JST 2025     hanhaotian@assam:/cheriv92/src/build/cheribsd-riscv64-purecap-build/cheriv92/src
/cheribsd/riscv.riscv64c/sys/CHERI-PURECAP-QEMU riscv
root@cheribsd-riscv64-purecap:~/ruby-3.4.5/build #
