../compile.c:662:5: warning: overflow in expression; result is 9223372036854775807 with type 'long' [-Winteger-overflow]
../compile.c:662:5: warning: shift count >= width of type [-Wshift-count-overflow]
../debug.c:93:38: warning: shift count >= width of type [-Wshift-count-overflow]
../debug.c:93:38: warning: overflow in expression; result is 9223372036854775807 with type 'long' [-Winteger-overflow]
../hash.c:326:1: warning: non-void function does not return a value [-Wreturn-type]
../load.c:1613:23: warning: cast from provenance-free integer type to pointer type will give pointer that can not be dereferenced [-Wcheri-capability-misuse]
../numeric.c:3274:14: warning: format specifies type 'intptr_t' (aka '__intcap') but the argument has type 'long' [-Wformat]
../numeric.c:3373:14: warning: format specifies type 'intptr_t' (aka '__intcap') but the argument has type 'long' [-Wformat]
parse.y:1354:9: warning: overflow in expression; result is 9223372036854775807 with type 'long' [-Winteger-overflow]
parse.y:1354:9: warning: shift count >= width of type [-Wshift-count-overflow]
parse.y:1362:5: warning: overflow in expression; result is 9223372036854775807 with type 'long' [-Winteger-overflow]
parse.y:1362:5: warning: shift count >= width of type [-Wshift-count-overflow]
parse.y:1637:5: warning: overflow in expression; result is 9223372036854775807 with type 'long' [-Winteger-overflow]
parse.y:1637:5: warning: shift count >= width of type [-Wshift-count-overflow]
parse.y:4409:25: warning: overflow in expression; result is 9223372036854775807 with type 'long' [-Winteger-overflow]
parse.y:4614:25: warning: overflow in expression; result is 9223372036854775807 with type 'long' [-Winteger-overflow]
parse.y:4616:25: warning: overflow in expression; result is 9223372036854775807 with type 'long' [-Winteger-overflow]
parse.y:4632:25: warning: overflow in expression; result is 9223372036854775807 with type 'long' [-Winteger-overflow]
parse.y:4650:25: warning: overflow in expression; result is 9223372036854775807 with type 'long' [-Winteger-overflow]
parse.y:4652:25: warning: overflow in expression; result is 9223372036854775807 with type 'long' [-Winteger-overflow]
parse.y:5204:29: warning: overflow in expression; result is 9223372036854775807 with type 'long' [-Winteger-overflow]
parse.y:5205:29: warning: overflow in expression; result is 9223372036854775807 with type 'long' [-Winteger-overflow]
parse.y:5305:25: warning: overflow in expression; result is 9223372036854775807 with type 'long' [-Winteger-overflow]
parse.y:5314:25: warning: overflow in expression; result is 9223372036854775807 with type 'long' [-Winteger-overflow]
parse.y:5325:25: warning: overflow in expression; result is 9223372036854775807 with type 'long' [-Winteger-overflow]
parse.y:5331:25: warning: overflow in expression; result is 9223372036854775807 with type 'long' [-Winteger-overflow]
parse.y:6183:25: warning: overflow in expression; result is 9223372036854775807 with type 'long' [-Winteger-overflow]
parse.y:4409:25: warning: shift count >= width of type [-Wshift-count-overflow]
parse.y:4614:25: warning: shift count >= width of type [-Wshift-count-overflow]
parse.y:4616:25: warning: shift count >= width of type [-Wshift-count-overflow]
parse.y:4632:25: warning: shift count >= width of type [-Wshift-count-overflow]
parse.y:4650:25: warning: shift count >= width of type [-Wshift-count-overflow]
parse.y:4652:25: warning: shift count >= width of type [-Wshift-count-overflow]
parse.y:5204:29: warning: shift count >= width of type [-Wshift-count-overflow]
parse.y:5205:29: warning: shift count >= width of type [-Wshift-count-overflow]
parse.y:5305:25: warning: shift count >= width of type [-Wshift-count-overflow]
parse.y:5314:25: warning: shift count >= width of type [-Wshift-count-overflow]
parse.y:5325:25: warning: shift count >= width of type [-Wshift-count-overflow]
parse.y:5331:25: warning: shift count >= width of type [-Wshift-count-overflow]
parse.y:6183:25: warning: shift count >= width of type [-Wshift-count-overflow]
parse.y:11337:5: warning: overflow in expression; result is 9223372036854775807 with type 'long' [-Winteger-overflow]
parse.y:11337:5: warning: shift count >= width of type [-Wshift-count-overflow]
parse.y:12555:5: warning: overflow in expression; result is 9223372036854775807 with type 'long' [-Winteger-overflow]
parse.y:12555:5: warning: shift count >= width of type [-Wshift-count-overflow]
parse.y:12788:5: warning: overflow in expression; result is 9223372036854775807 with type 'long' [-Winteger-overflow]
parse.y:12788:5: warning: shift count >= width of type [-Wshift-count-overflow]
parse.y:12860:5: warning: overflow in expression; result is 9223372036854775807 with type 'long' [-Winteger-overflow]
parse.y:12860:5: warning: shift count >= width of type [-Wshift-count-overflow]
parse.y:12870:5: warning: overflow in expression; result is 9223372036854775807 with type 'long' [-Winteger-overflow]
parse.y:12870:5: warning: shift count >= width of type [-Wshift-count-overflow]
parse.y:12878:5: warning: overflow in expression; result is 9223372036854775807 with type 'long' [-Winteger-overflow]
parse.y:12878:5: warning: shift count >= width of type [-Wshift-count-overflow]
parse.y:12916:17: warning: overflow in expression; result is 9223372036854775807 with type 'long' [-Winteger-overflow]
parse.y:12926:21: warning: overflow in expression; result is 9223372036854775807 with type 'long' [-Winteger-overflow]
parse.y:12944:5: warning: overflow in expression; result is 9223372036854775807 with type 'long' [-Winteger-overflow]
parse.y:12916:17: warning: shift count >= width of type [-Wshift-count-overflow]
parse.y:12926:21: warning: shift count >= width of type [-Wshift-count-overflow]
parse.y:12944:5: warning: shift count >= width of type [-Wshift-count-overflow]
parse.y:14372:9: warning: overflow in expression; result is 9223372036854775807 with type 'long' [-Winteger-overflow]
parse.y:14377:5: warning: overflow in expression; result is 9223372036854775807 with type 'long' [-Winteger-overflow]
parse.y:14372:9: warning: shift count >= width of type [-Wshift-count-overflow]
parse.y:14377:5: warning: shift count >= width of type [-Wshift-count-overflow]
parse.y:14888:9: warning: overflow in expression; result is 9223372036854775807 with type 'long' [-Winteger-overflow]
parse.y:14888:9: warning: shift count >= width of type [-Wshift-count-overflow]
../../../../ext/-test-/fatal/invalid.c:14:14: warning: cast from provenance-free integer type to pointer type will give pointer that can not be dereferenced [-Wcheri-capability-misuse]
../../../../ext/-test-/fatal/invalid.c:20:13: warning: cast from provenance-free integer type to pointer type will give pointer that can not be dereferenced [-Wcheri-capability-misuse]
../../../../../ext/-test-/thread/instrumentation/instrumentation.c:144:9: warning: cast from provenance-free integer type to pointer type will give pointer that can not be dereferenced [-Wcheri-capability-misuse]
ripper.y:1354:9: warning: overflow in expression; result is 9223372036854775807 with type 'long' [-Winteger-overflow]
ripper.y:1354:9: warning: shift count >= width of type [-Wshift-count-overflow]
ripper.y:1362:5: warning: overflow in expression; result is 9223372036854775807 with type 'long' [-Winteger-overflow]
ripper.y:1362:5: warning: shift count >= width of type [-Wshift-count-overflow]
ripper.y:1637:5: warning: overflow in expression; result is 9223372036854775807 with type 'long' [-Winteger-overflow]
ripper.y:1637:5: warning: shift count >= width of type [-Wshift-count-overflow]
ripper.y:4409:25: warning: overflow in expression; result is 9223372036854775807 with type 'long' [-Winteger-overflow]
ripper.y:4614:25: warning: overflow in expression; result is 9223372036854775807 with type 'long' [-Winteger-overflow]
ripper.y:4616:25: warning: overflow in expression; result is 9223372036854775807 with type 'long' [-Winteger-overflow]
ripper.y:4632:25: warning: overflow in expression; result is 9223372036854775807 with type 'long' [-Winteger-overflow]
ripper.y:4650:25: warning: overflow in expression; result is 9223372036854775807 with type 'long' [-Winteger-overflow]
ripper.y:4652:25: warning: overflow in expression; result is 9223372036854775807 with type 'long' [-Winteger-overflow]
ripper.y:5204:29: warning: overflow in expression; result is 9223372036854775807 with type 'long' [-Winteger-overflow]
ripper.y:5205:29: warning: overflow in expression; result is 9223372036854775807 with type 'long' [-Winteger-overflow]
ripper.y:5305:25: warning: overflow in expression; result is 9223372036854775807 with type 'long' [-Winteger-overflow]
ripper.y:5314:25: warning: overflow in expression; result is 9223372036854775807 with type 'long' [-Winteger-overflow]
ripper.y:5325:25: warning: overflow in expression; result is 9223372036854775807 with type 'long' [-Winteger-overflow]
ripper.y:5331:25: warning: overflow in expression; result is 9223372036854775807 with type 'long' [-Winteger-overflow]
ripper.y:6183:25: warning: overflow in expression; result is 9223372036854775807 with type 'long' [-Winteger-overflow]
ripper.y:4409:25: warning: shift count >= width of type [-Wshift-count-overflow]
ripper.y:4614:25: warning: shift count >= width of type [-Wshift-count-overflow]
ripper.y:4616:25: warning: shift count >= width of type [-Wshift-count-overflow]
ripper.y:4632:25: warning: shift count >= width of type [-Wshift-count-overflow]
ripper.y:4650:25: warning: shift count >= width of type [-Wshift-count-overflow]
ripper.y:4652:25: warning: shift count >= width of type [-Wshift-count-overflow]
ripper.y:5204:29: warning: shift count >= width of type [-Wshift-count-overflow]
ripper.y:5205:29: warning: shift count >= width of type [-Wshift-count-overflow]
ripper.y:5305:25: warning: shift count >= width of type [-Wshift-count-overflow]
ripper.y:5314:25: warning: shift count >= width of type [-Wshift-count-overflow]
ripper.y:5325:25: warning: shift count >= width of type [-Wshift-count-overflow]
ripper.y:5331:25: warning: shift count >= width of type [-Wshift-count-overflow]
ripper.y:6183:25: warning: shift count >= width of type [-Wshift-count-overflow]
ripper.y:11337:5: warning: overflow in expression; result is 9223372036854775807 with type 'long' [-Winteger-overflow]
ripper.y:11337:5: warning: shift count >= width of type [-Wshift-count-overflow]
ripper.y:12555:5: warning: overflow in expression; result is 9223372036854775807 with type 'long' [-Winteger-overflow]
ripper.y:12555:5: warning: shift count >= width of type [-Wshift-count-overflow]
ripper.y:12788:5: warning: overflow in expression; result is 9223372036854775807 with type 'long' [-Winteger-overflow]
ripper.y:12788:5: warning: shift count >= width of type [-Wshift-count-overflow]
ripper.y:12860:5: warning: overflow in expression; result is 9223372036854775807 with type 'long' [-Winteger-overflow]
ripper.y:12860:5: warning: shift count >= width of type [-Wshift-count-overflow]
ripper.y:12870:5: warning: overflow in expression; result is 9223372036854775807 with type 'long' [-Winteger-overflow]
ripper.y:12870:5: warning: shift count >= width of type [-Wshift-count-overflow]
ripper.y:12878:5: warning: overflow in expression; result is 9223372036854775807 with type 'long' [-Winteger-overflow]
ripper.y:12878:5: warning: shift count >= width of type [-Wshift-count-overflow]
ripper.y:12916:17: warning: overflow in expression; result is 9223372036854775807 with type 'long' [-Winteger-overflow]
ripper.y:12926:21: warning: overflow in expression; result is 9223372036854775807 with type 'long' [-Winteger-overflow]
ripper.y:12944:5: warning: overflow in expression; result is 9223372036854775807 with type 'long' [-Winteger-overflow]
ripper.y:12916:17: warning: shift count >= width of type [-Wshift-count-overflow]
ripper.y:12926:21: warning: shift count >= width of type [-Wshift-count-overflow]
ripper.y:12944:5: warning: shift count >= width of type [-Wshift-count-overflow]
ripper.y:14372:9: warning: overflow in expression; result is 9223372036854775807 with type 'long' [-Winteger-overflow]
ripper.y:14377:5: warning: overflow in expression; result is 9223372036854775807 with type 'long' [-Winteger-overflow]
ripper.y:14372:9: warning: shift count >= width of type [-Wshift-count-overflow]
ripper.y:14377:5: warning: shift count >= width of type [-Wshift-count-overflow]
ripper.y:14888:9: warning: overflow in expression; result is 9223372036854775807 with type 'long' [-Winteger-overflow]
ripper.y:14888:9: warning: shift count >= width of type [-Wshift-count-overflow]
../../../ext/socket/ancdata.c:1359:12: warning: cast from provenance-free integer type to pointer type will give pointer that can not be dereferenced [-Wcheri-capability-misuse]
../../../../../../.bundle/gems/bigdecimal-3.1.8/ext/bigdecimal/bigdecimal.c:4171:45: warning: format specifies type 'intptr_t' (aka '__intcap') but the argument has type 'long' [-Wformat]
../../../../../../.bundle/gems/bigdecimal-3.1.8/ext/bigdecimal/bigdecimal.c:6538:80: warning: format specifies type 'intptr_t' (aka '__intcap') but the argument has type 'long' [-Wformat]
