have_header: checking for sys/stropts.h... -------------------- no

LD_LIBRARY_PATH=.:../..:/snap/ruby/438/lib: ASAN_OPTIONS=detect_leaks=0 "/morello-hybrid/src/output/sdk/bin/clang -o conftest -I../../.ext/include/aarch64-freebsd -I../../../include -I../../../ext/pty -I../.. -I../../.. -I/morello-hybrid/src/output/rootfs-aarch64/usr/include    -target aarch64-unknown-freebsd -march=armv8 --sysroot=/morello-hybrid/src/output/rootfs-aarch64 -I/morello-hybrid/src/output/rootfs-aarch64/usr/include -mbranch-protection=pac-ret -fstack-protector-strong -U_FORTIFY_SOURCE -D_FORTIFY_SOURCE=2 -fdeclspec  -O0 -fno-omit-frame-pointer -fno-fast-math -ggdb3 -Wall -Wextra -Wextra-tokens -Wdeprecated-declarations -Wdivision-by-zero -Wdiv-by-zero -Wimplicit-function-declaration -Wimplicit-int -Wpointer-arith -Wshorten-64-to-32 -Wwrite-strings -Wold-style-definition -Wmissing-noreturn -Wno-cast-function-type -Wno-constant-logical-operand -Wno-long-long -Wno-missing-field-initializers -Wno-overlength-strings -Wno-parentheses-equality -Wno-self-assign -Wno-tautological-compare -Wno-unused-parameter -Wno-unused-value -Wunused-variable -Wmisleading-indentation -Wundef conftest.c -L. -L../.. -L/morello-hybrid/src/output/rootfs-aarch64/usr/lib -Wl,-rpath,/morello-hybrid/src/output/rootfs-aarch64/usr/lib -L. -target aarch64-unknown-freebsd -march=armv8 --sysroot=/morello-hybrid/src/output/rootfs-aarch64 -fuse-ld=lld -lpthread -Wl,--gdb-index -fstack-protector-strong -L/morello-hybrid/src/output/rootfs-aarch64/usr/lib -Wl,-rpath,/morello-hybrid/src/output/rootfs-aarch64/usr/lib -rdynamic     -Wl,-rpath,/morello-hybrid/src/output/rootfs-aarch64/research/ruby-3.4.1/build -lruby-static -lexecinfo -lprocstat -lz -lrt -lrt -ldl -lcrypt -lm -lthr   -lm -lthr  -lc"
checked program was:
/* begin */
1: #include "ruby.h"
2: 
3: int main(int argc, char **argv)
4: {
5:   return !!argv[argc];
6: }
/* end */

LD_LIBRARY_PATH=.:../..:/snap/ruby/438/lib: ASAN_OPTIONS=detect_leaks=0 "/morello-hybrid/src/output/sdk/bin/clang -I../../.ext/include/aarch64-freebsd -I../../../include -I../../../ext/pty -I../.. -I../../.. -I/morello-hybrid/src/output/rootfs-aarch64/usr/include    -target aarch64-unknown-freebsd -march=armv8 --sysroot=/morello-hybrid/src/output/rootfs-aarch64 -I/morello-hybrid/src/output/rootfs-aarch64/usr/include -mbranch-protection=pac-ret -fstack-protector-strong -U_FORTIFY_SOURCE -D_FORTIFY_SOURCE=2 -fdeclspec  -O0 -fno-omit-frame-pointer -fno-fast-math -ggdb3 -Wall -Wextra -Wextra-tokens -Wdeprecated-declarations -Wdivision-by-zero -Wdiv-by-zero -Wimplicit-function-declaration -Wimplicit-int -Wpointer-arith -Wshorten-64-to-32 -Wwrite-strings -Wold-style-definition -Wmissing-noreturn -Wno-cast-function-type -Wno-constant-logical-operand -Wno-long-long -Wno-missing-field-initializers -Wno-overlength-strings -Wno-parentheses-equality -Wno-self-assign -Wno-tautological-compare -Wno-unused-parameter -Wno-unused-value -Wunused-variable -Wmisleading-indentation -Wundef   -c conftest.c"
conftest.c:3:10: fatal error: 'sys/stropts.h' file not found
    3 | #include <sys/stropts.h>
      |          ^~~~~~~~~~~~~~~
1 error generated.
checked program was:
/* begin */
1: #include "ruby.h"
2: 
3: #include <sys/stropts.h>
/* end */

--------------------

have_func: checking for setresuid()... -------------------- yes

LD_LIBRARY_PATH=.:../..:/snap/ruby/438/lib: ASAN_OPTIONS=detect_leaks=0 "/morello-hybrid/src/output/sdk/bin/clang -o conftest -I../../.ext/include/aarch64-freebsd -I../../../include -I../../../ext/pty -I../.. -I../../.. -I/morello-hybrid/src/output/rootfs-aarch64/usr/include    -target aarch64-unknown-freebsd -march=armv8 --sysroot=/morello-hybrid/src/output/rootfs-aarch64 -I/morello-hybrid/src/output/rootfs-aarch64/usr/include -mbranch-protection=pac-ret -fstack-protector-strong -U_FORTIFY_SOURCE -D_FORTIFY_SOURCE=2 -fdeclspec  -O0 -fno-omit-frame-pointer -fno-fast-math -ggdb3 -Wall -Wextra -Wextra-tokens -Wdeprecated-declarations -Wdivision-by-zero -Wdiv-by-zero -Wimplicit-function-declaration -Wimplicit-int -Wpointer-arith -Wshorten-64-to-32 -Wwrite-strings -Wold-style-definition -Wmissing-noreturn -Wno-cast-function-type -Wno-constant-logical-operand -Wno-long-long -Wno-missing-field-initializers -Wno-overlength-strings -Wno-parentheses-equality -Wno-self-assign -Wno-tautological-compare -Wno-unused-parameter -Wno-unused-value -Wunused-variable -Wmisleading-indentation -Wundef conftest.c -L. -L../.. -L/morello-hybrid/src/output/rootfs-aarch64/usr/lib -Wl,-rpath,/morello-hybrid/src/output/rootfs-aarch64/usr/lib -L. -target aarch64-unknown-freebsd -march=armv8 --sysroot=/morello-hybrid/src/output/rootfs-aarch64 -fuse-ld=lld -lpthread -Wl,--gdb-index -fstack-protector-strong -L/morello-hybrid/src/output/rootfs-aarch64/usr/lib -Wl,-rpath,/morello-hybrid/src/output/rootfs-aarch64/usr/lib -rdynamic     -Wl,-rpath,/morello-hybrid/src/output/rootfs-aarch64/research/ruby-3.4.1/build -lruby-static -lexecinfo -lprocstat -lz -lrt -lrt -ldl -lcrypt -lm -lthr   -lm -lthr  -lc"
checked program was:
/* begin */
 1: #include "ruby.h"
 2: 
 3: /*top*/
 4: extern int t(void);
 5: int main(int argc, char **argv)
 6: {
 7:   if (argc > 1000000) {
 8:     int (* volatile tp)(void)=(int (*)(void))&t;
 9:     printf("%d", (*tp)());
10:   }
11: 
12:   return !!argv[argc];
13: }
14: int t(void) { void ((*volatile p)()); p = (void ((*)()))setresuid; return !p; }
/* end */

--------------------

have_header: checking for libutil.h... -------------------- yes

LD_LIBRARY_PATH=.:../..:/snap/ruby/438/lib: ASAN_OPTIONS=detect_leaks=0 "/morello-hybrid/src/output/sdk/bin/clang -I../../.ext/include/aarch64-freebsd -I../../../include -I../../../ext/pty -I../.. -I../../.. -I/morello-hybrid/src/output/rootfs-aarch64/usr/include    -target aarch64-unknown-freebsd -march=armv8 --sysroot=/morello-hybrid/src/output/rootfs-aarch64 -I/morello-hybrid/src/output/rootfs-aarch64/usr/include -mbranch-protection=pac-ret -fstack-protector-strong -U_FORTIFY_SOURCE -D_FORTIFY_SOURCE=2 -fdeclspec  -O0 -fno-omit-frame-pointer -fno-fast-math -ggdb3 -Wall -Wextra -Wextra-tokens -Wdeprecated-declarations -Wdivision-by-zero -Wdiv-by-zero -Wimplicit-function-declaration -Wimplicit-int -Wpointer-arith -Wshorten-64-to-32 -Wwrite-strings -Wold-style-definition -Wmissing-noreturn -Wno-cast-function-type -Wno-constant-logical-operand -Wno-long-long -Wno-missing-field-initializers -Wno-overlength-strings -Wno-parentheses-equality -Wno-self-assign -Wno-tautological-compare -Wno-unused-parameter -Wno-unused-value -Wunused-variable -Wmisleading-indentation -Wundef   -c conftest.c"
checked program was:
/* begin */
1: #include "ruby.h"
2: 
3: #include <libutil.h>
/* end */

--------------------

have_header: checking for pty.h... -------------------- no

LD_LIBRARY_PATH=.:../..:/snap/ruby/438/lib: ASAN_OPTIONS=detect_leaks=0 "/morello-hybrid/src/output/sdk/bin/clang -I../../.ext/include/aarch64-freebsd -I../../../include -I../../../ext/pty -I../.. -I../../.. -I/morello-hybrid/src/output/rootfs-aarch64/usr/include    -target aarch64-unknown-freebsd -march=armv8 --sysroot=/morello-hybrid/src/output/rootfs-aarch64 -I/morello-hybrid/src/output/rootfs-aarch64/usr/include -mbranch-protection=pac-ret -fstack-protector-strong -U_FORTIFY_SOURCE -D_FORTIFY_SOURCE=2 -fdeclspec  -O0 -fno-omit-frame-pointer -fno-fast-math -ggdb3 -Wall -Wextra -Wextra-tokens -Wdeprecated-declarations -Wdivision-by-zero -Wdiv-by-zero -Wimplicit-function-declaration -Wimplicit-int -Wpointer-arith -Wshorten-64-to-32 -Wwrite-strings -Wold-style-definition -Wmissing-noreturn -Wno-cast-function-type -Wno-constant-logical-operand -Wno-long-long -Wno-missing-field-initializers -Wno-overlength-strings -Wno-parentheses-equality -Wno-self-assign -Wno-tautological-compare -Wno-unused-parameter -Wno-unused-value -Wunused-variable -Wmisleading-indentation -Wundef   -c conftest.c"
conftest.c:3:10: fatal error: 'pty.h' file not found
    3 | #include <pty.h>
      |          ^~~~~~~
1 error generated.
checked program was:
/* begin */
1: #include "ruby.h"
2: 
3: #include <pty.h>
/* end */

--------------------

have_header: checking for pwd.h... -------------------- yes

LD_LIBRARY_PATH=.:../..:/snap/ruby/438/lib: ASAN_OPTIONS=detect_leaks=0 "/morello-hybrid/src/output/sdk/bin/clang -I../../.ext/include/aarch64-freebsd -I../../../include -I../../../ext/pty -I../.. -I../../.. -I/morello-hybrid/src/output/rootfs-aarch64/usr/include    -target aarch64-unknown-freebsd -march=armv8 --sysroot=/morello-hybrid/src/output/rootfs-aarch64 -I/morello-hybrid/src/output/rootfs-aarch64/usr/include -mbranch-protection=pac-ret -fstack-protector-strong -U_FORTIFY_SOURCE -D_FORTIFY_SOURCE=2 -fdeclspec  -O0 -fno-omit-frame-pointer -fno-fast-math -ggdb3 -Wall -Wextra -Wextra-tokens -Wdeprecated-declarations -Wdivision-by-zero -Wdiv-by-zero -Wimplicit-function-declaration -Wimplicit-int -Wpointer-arith -Wshorten-64-to-32 -Wwrite-strings -Wold-style-definition -Wmissing-noreturn -Wno-cast-function-type -Wno-constant-logical-operand -Wno-long-long -Wno-missing-field-initializers -Wno-overlength-strings -Wno-parentheses-equality -Wno-self-assign -Wno-tautological-compare -Wno-unused-parameter -Wno-unused-value -Wunused-variable -Wmisleading-indentation -Wundef   -c conftest.c"
checked program was:
/* begin */
1: #include "ruby.h"
2: 
3: #include <pwd.h>
/* end */

--------------------

have_func: checking for posix_openpt()... -------------------- yes

LD_LIBRARY_PATH=.:../..:/snap/ruby/438/lib: ASAN_OPTIONS=detect_leaks=0 "/morello-hybrid/src/output/sdk/bin/clang -o conftest -I../../.ext/include/aarch64-freebsd -I../../../include -I../../../ext/pty -I../.. -I../../.. -I/morello-hybrid/src/output/rootfs-aarch64/usr/include    -target aarch64-unknown-freebsd -march=armv8 --sysroot=/morello-hybrid/src/output/rootfs-aarch64 -I/morello-hybrid/src/output/rootfs-aarch64/usr/include -mbranch-protection=pac-ret -fstack-protector-strong -U_FORTIFY_SOURCE -D_FORTIFY_SOURCE=2 -fdeclspec  -O0 -fno-omit-frame-pointer -fno-fast-math -ggdb3 -Wall -Wextra -Wextra-tokens -Wdeprecated-declarations -Wdivision-by-zero -Wdiv-by-zero -Wimplicit-function-declaration -Wimplicit-int -Wpointer-arith -Wshorten-64-to-32 -Wwrite-strings -Wold-style-definition -Wmissing-noreturn -Wno-cast-function-type -Wno-constant-logical-operand -Wno-long-long -Wno-missing-field-initializers -Wno-overlength-strings -Wno-parentheses-equality -Wno-self-assign -Wno-tautological-compare -Wno-unused-parameter -Wno-unused-value -Wunused-variable -Wmisleading-indentation -Wundef conftest.c -L. -L../.. -L/morello-hybrid/src/output/rootfs-aarch64/usr/lib -Wl,-rpath,/morello-hybrid/src/output/rootfs-aarch64/usr/lib -L. -target aarch64-unknown-freebsd -march=armv8 --sysroot=/morello-hybrid/src/output/rootfs-aarch64 -fuse-ld=lld -lpthread -Wl,--gdb-index -fstack-protector-strong -L/morello-hybrid/src/output/rootfs-aarch64/usr/lib -Wl,-rpath,/morello-hybrid/src/output/rootfs-aarch64/usr/lib -rdynamic     -Wl,-rpath,/morello-hybrid/src/output/rootfs-aarch64/research/ruby-3.4.1/build -lruby-static -lexecinfo -lprocstat -lz -lrt -lrt -ldl -lcrypt -lm -lthr   -lm -lthr  -lc"
checked program was:
/* begin */
 1: #include "ruby.h"
 2: 
 3: /*top*/
 4: extern int t(void);
 5: int main(int argc, char **argv)
 6: {
 7:   if (argc > 1000000) {
 8:     int (* volatile tp)(void)=(int (*)(void))&t;
 9:     printf("%d", (*tp)());
10:   }
11: 
12:   return !!argv[argc];
13: }
14: int t(void) { void ((*volatile p)()); p = (void ((*)()))posix_openpt; return !p; }
/* end */

--------------------

have_func: checking for ptsname_r()... -------------------- yes

LD_LIBRARY_PATH=.:../..:/snap/ruby/438/lib: ASAN_OPTIONS=detect_leaks=0 "/morello-hybrid/src/output/sdk/bin/clang -o conftest -I../../.ext/include/aarch64-freebsd -I../../../include -I../../../ext/pty -I../.. -I../../.. -I/morello-hybrid/src/output/rootfs-aarch64/usr/include    -target aarch64-unknown-freebsd -march=armv8 --sysroot=/morello-hybrid/src/output/rootfs-aarch64 -I/morello-hybrid/src/output/rootfs-aarch64/usr/include -mbranch-protection=pac-ret -fstack-protector-strong -U_FORTIFY_SOURCE -D_FORTIFY_SOURCE=2 -fdeclspec  -O0 -fno-omit-frame-pointer -fno-fast-math -ggdb3 -Wall -Wextra -Wextra-tokens -Wdeprecated-declarations -Wdivision-by-zero -Wdiv-by-zero -Wimplicit-function-declaration -Wimplicit-int -Wpointer-arith -Wshorten-64-to-32 -Wwrite-strings -Wold-style-definition -Wmissing-noreturn -Wno-cast-function-type -Wno-constant-logical-operand -Wno-long-long -Wno-missing-field-initializers -Wno-overlength-strings -Wno-parentheses-equality -Wno-self-assign -Wno-tautological-compare -Wno-unused-parameter -Wno-unused-value -Wunused-variable -Wmisleading-indentation -Wundef conftest.c -L. -L../.. -L/morello-hybrid/src/output/rootfs-aarch64/usr/lib -Wl,-rpath,/morello-hybrid/src/output/rootfs-aarch64/usr/lib -L. -target aarch64-unknown-freebsd -march=armv8 --sysroot=/morello-hybrid/src/output/rootfs-aarch64 -fuse-ld=lld -lpthread -Wl,--gdb-index -fstack-protector-strong -L/morello-hybrid/src/output/rootfs-aarch64/usr/lib -Wl,-rpath,/morello-hybrid/src/output/rootfs-aarch64/usr/lib -rdynamic     -Wl,-rpath,/morello-hybrid/src/output/rootfs-aarch64/research/ruby-3.4.1/build -lruby-static -lexecinfo -lprocstat -lz -lrt -lrt -ldl -lcrypt -lm -lthr   -lm -lthr  -lc"
checked program was:
/* begin */
 1: #include "ruby.h"
 2: 
 3: /*top*/
 4: extern int t(void);
 5: int main(int argc, char **argv)
 6: {
 7:   if (argc > 1000000) {
 8:     int (* volatile tp)(void)=(int (*)(void))&t;
 9:     printf("%d", (*tp)());
10:   }
11: 
12:   return !!argv[argc];
13: }
14: int t(void) { void ((*volatile p)()); p = (void ((*)()))ptsname_r; return !p; }
/* end */

--------------------

extconf.h is:
/* begin */
1: #ifndef EXTCONF_H
2: #define EXTCONF_H
3: #define HAVE_SETRESUID 1
4: #define HAVE_LIBUTIL_H 1
5: #define HAVE_PWD_H 1
6: #define HAVE_POSIX_OPENPT 1
7: #define HAVE_PTSNAME_R 1
8: #endif
/* end */

